Archive member included to satisfy reference by file (symbol)

c:/st/stm32cubeide_1.7.0/stm32cubeide/plugins/com.st.stm32cube.ide.mcu.externaltools.gnu-tools-for-stm32.9-2020-q2-update.win32_2.0.0.202105311346/tools/bin/../lib/gcc/arm-none-eabi/9.3.1/../../../../arm-none-eabi/lib/thumb/v7e-m/nofp\libc_nano.a(lib_a-exit.o)
                              c:/st/stm32cubeide_1.7.0/stm32cubeide/plugins/com.st.stm32cube.ide.mcu.externaltools.gnu-tools-for-stm32.9-2020-q2-update.win32_2.0.0.202105311346/tools/bin/../lib/gcc/arm-none-eabi/9.3.1/../../../../arm-none-eabi/lib/thumb/v7e-m/nofp/crt0.o (exit)
c:/st/stm32cubeide_1.7.0/stm32cubeide/plugins/com.st.stm32cube.ide.mcu.externaltools.gnu-tools-for-stm32.9-2020-q2-update.win32_2.0.0.202105311346/tools/bin/../lib/gcc/arm-none-eabi/9.3.1/../../../../arm-none-eabi/lib/thumb/v7e-m/nofp\libc_nano.a(lib_a-impure.o)
                              c:/st/stm32cubeide_1.7.0/stm32cubeide/plugins/com.st.stm32cube.ide.mcu.externaltools.gnu-tools-for-stm32.9-2020-q2-update.win32_2.0.0.202105311346/tools/bin/../lib/gcc/arm-none-eabi/9.3.1/../../../../arm-none-eabi/lib/thumb/v7e-m/nofp\libc_nano.a(lib_a-exit.o) (_global_impure_ptr)
c:/st/stm32cubeide_1.7.0/stm32cubeide/plugins/com.st.stm32cube.ide.mcu.externaltools.gnu-tools-for-stm32.9-2020-q2-update.win32_2.0.0.202105311346/tools/bin/../lib/gcc/arm-none-eabi/9.3.1/../../../../arm-none-eabi/lib/thumb/v7e-m/nofp\libc_nano.a(lib_a-init.o)
                              c:/st/stm32cubeide_1.7.0/stm32cubeide/plugins/com.st.stm32cube.ide.mcu.externaltools.gnu-tools-for-stm32.9-2020-q2-update.win32_2.0.0.202105311346/tools/bin/../lib/gcc/arm-none-eabi/9.3.1/../../../../arm-none-eabi/lib/thumb/v7e-m/nofp/crt0.o (__libc_init_array)
c:/st/stm32cubeide_1.7.0/stm32cubeide/plugins/com.st.stm32cube.ide.mcu.externaltools.gnu-tools-for-stm32.9-2020-q2-update.win32_2.0.0.202105311346/tools/bin/../lib/gcc/arm-none-eabi/9.3.1/../../../../arm-none-eabi/lib/thumb/v7e-m/nofp\libc_nano.a(lib_a-memset.o)
                              c:/st/stm32cubeide_1.7.0/stm32cubeide/plugins/com.st.stm32cube.ide.mcu.externaltools.gnu-tools-for-stm32.9-2020-q2-update.win32_2.0.0.202105311346/tools/bin/../lib/gcc/arm-none-eabi/9.3.1/../../../../arm-none-eabi/lib/thumb/v7e-m/nofp/crt0.o (memset)
c:/st/stm32cubeide_1.7.0/stm32cubeide/plugins/com.st.stm32cube.ide.mcu.externaltools.gnu-tools-for-stm32.9-2020-q2-update.win32_2.0.0.202105311346/tools/bin/../lib/gcc/arm-none-eabi/9.3.1/../../../../arm-none-eabi/lib/thumb/v7e-m/nofp\libnosys.a(_exit.o)
                              c:/st/stm32cubeide_1.7.0/stm32cubeide/plugins/com.st.stm32cube.ide.mcu.externaltools.gnu-tools-for-stm32.9-2020-q2-update.win32_2.0.0.202105311346/tools/bin/../lib/gcc/arm-none-eabi/9.3.1/../../../../arm-none-eabi/lib/thumb/v7e-m/nofp\libc_nano.a(lib_a-exit.o) (_exit)

Allocating common symbols
Common symbol       size              file

entry               0x1               ./Code/src/modbus.o
MRTUcount           0x2               ./Code/src/virtualTimers.o
entryWS281x         0x1               ./Code/src/WS2812.o
_stateMessageGenSlave
                    0x1               ./Code/src/modbus.o
i2cEntry            0x1               ./Code/src/I2C.o
DmaBufer0           0x30              ./Code/src/WS2812.o
Bufer1Pointer       0x1               ./Code/src/WS2812.o
LedStrip            0x80              ./Code/src/WS2812.o
I2C1NumberOfTransaction
                    0x1               ./Code/src/I2C.o
statePis            0x1               ./Code/src/ledFSM.o
_state              0x1               ./Code/src/modbus.o
CRCVal              0x2               ./Code/src/modbus.o
state               0x1               ./Code/src/modbus.o
stateMessageGenSlave
                    0x1               ./Code/src/modbus.o
BufferDMAforWS      0x1fe0            ./Code/src/WS2812.o
RingBufferWS281x    0x8               ./Code/src/WS2812.o
GTimerVal           0x10              ./Code/src/virtualTimers.o
_lcdStates          0x1               ./Code/src/lcd16xx.o
stateWS281x         0x1               ./Code/src/WS2812.o
_CurrentItemOfBuf   0x1               ./Code/src/modbus.o
ModbusSendData      0x100             ./Code/src/modbus.o
_i2cSendStates      0x1               ./Code/src/I2C.o
Bufer0Pointer       0x1               ./Code/src/WS2812.o
CRCRecVal           0x2               ./Code/src/modbus.o
I2C1Data            0x46              ./Code/src/I2C.o
SendLed             0x4               ./Code/src/WS2812.o
ModbusData          0x100             ./Code/src/modbus.o
CurrentItemOfBuf    0x1               ./Code/src/modbus.o
I2C1CurrentBuferItem
                    0x2               ./Code/src/I2C.o
GTimerState         0x4               ./Code/src/virtualTimers.o
lcdStates           0x1               ./Code/src/lcd16xx.o
entryPis1           0x1               ./Code/src/ledFSM.o
i2cSendStates       0x1               ./Code/src/I2C.o
lcdEntry            0x1               ./Code/src/lcd16xx.o
_stateWS281x        0x1               ./Code/src/WS2812.o
ReceptionStatus     0x2               ./Code/src/virtualTimers.o
Messages            0xb4              ./Code/src/messages.o
I2C1SendBuferLenght
                    0x2               ./Code/src/I2C.o
entryMessageGenSlave
                    0x1               ./Code/src/modbus.o
DmaBufer1           0x30              ./Code/src/WS2812.o
_statePis           0x1               ./Code/src/ledFSM.o

Discarded input sections

 .text          0x0000000000000000        0x0 c:/st/stm32cubeide_1.7.0/stm32cubeide/plugins/com.st.stm32cube.ide.mcu.externaltools.gnu-tools-for-stm32.9-2020-q2-update.win32_2.0.0.202105311346/tools/bin/../lib/gcc/arm-none-eabi/9.3.1/thumb/v7e-m/nofp/crti.o
 .data          0x0000000000000000        0x0 c:/st/stm32cubeide_1.7.0/stm32cubeide/plugins/com.st.stm32cube.ide.mcu.externaltools.gnu-tools-for-stm32.9-2020-q2-update.win32_2.0.0.202105311346/tools/bin/../lib/gcc/arm-none-eabi/9.3.1/thumb/v7e-m/nofp/crti.o
 .bss           0x0000000000000000        0x0 c:/st/stm32cubeide_1.7.0/stm32cubeide/plugins/com.st.stm32cube.ide.mcu.externaltools.gnu-tools-for-stm32.9-2020-q2-update.win32_2.0.0.202105311346/tools/bin/../lib/gcc/arm-none-eabi/9.3.1/thumb/v7e-m/nofp/crti.o
 .data          0x0000000000000000        0x4 c:/st/stm32cubeide_1.7.0/stm32cubeide/plugins/com.st.stm32cube.ide.mcu.externaltools.gnu-tools-for-stm32.9-2020-q2-update.win32_2.0.0.202105311346/tools/bin/../lib/gcc/arm-none-eabi/9.3.1/thumb/v7e-m/nofp/crtbegin.o
 .text          0x0000000000000000       0x7c c:/st/stm32cubeide_1.7.0/stm32cubeide/plugins/com.st.stm32cube.ide.mcu.externaltools.gnu-tools-for-stm32.9-2020-q2-update.win32_2.0.0.202105311346/tools/bin/../lib/gcc/arm-none-eabi/9.3.1/../../../../arm-none-eabi/lib/thumb/v7e-m/nofp/crt0.o
 .data          0x0000000000000000        0x0 c:/st/stm32cubeide_1.7.0/stm32cubeide/plugins/com.st.stm32cube.ide.mcu.externaltools.gnu-tools-for-stm32.9-2020-q2-update.win32_2.0.0.202105311346/tools/bin/../lib/gcc/arm-none-eabi/9.3.1/../../../../arm-none-eabi/lib/thumb/v7e-m/nofp/crt0.o
 .bss           0x0000000000000000        0x0 c:/st/stm32cubeide_1.7.0/stm32cubeide/plugins/com.st.stm32cube.ide.mcu.externaltools.gnu-tools-for-stm32.9-2020-q2-update.win32_2.0.0.202105311346/tools/bin/../lib/gcc/arm-none-eabi/9.3.1/../../../../arm-none-eabi/lib/thumb/v7e-m/nofp/crt0.o
 .ARM.extab     0x0000000000000000        0x0 c:/st/stm32cubeide_1.7.0/stm32cubeide/plugins/com.st.stm32cube.ide.mcu.externaltools.gnu-tools-for-stm32.9-2020-q2-update.win32_2.0.0.202105311346/tools/bin/../lib/gcc/arm-none-eabi/9.3.1/../../../../arm-none-eabi/lib/thumb/v7e-m/nofp/crt0.o
 .ARM.exidx     0x0000000000000000       0x10 c:/st/stm32cubeide_1.7.0/stm32cubeide/plugins/com.st.stm32cube.ide.mcu.externaltools.gnu-tools-for-stm32.9-2020-q2-update.win32_2.0.0.202105311346/tools/bin/../lib/gcc/arm-none-eabi/9.3.1/../../../../arm-none-eabi/lib/thumb/v7e-m/nofp/crt0.o
 .ARM.attributes
                0x0000000000000000       0x1c c:/st/stm32cubeide_1.7.0/stm32cubeide/plugins/com.st.stm32cube.ide.mcu.externaltools.gnu-tools-for-stm32.9-2020-q2-update.win32_2.0.0.202105311346/tools/bin/../lib/gcc/arm-none-eabi/9.3.1/../../../../arm-none-eabi/lib/thumb/v7e-m/nofp/crt0.o
 .group         0x0000000000000000        0xc ./CMSIS/src/system_stm32f4xx.o
 .group         0x0000000000000000        0xc ./CMSIS/src/system_stm32f4xx.o
 .group         0x0000000000000000        0xc ./CMSIS/src/system_stm32f4xx.o
 .group         0x0000000000000000        0xc ./CMSIS/src/system_stm32f4xx.o
 .group         0x0000000000000000        0xc ./CMSIS/src/system_stm32f4xx.o
 .group         0x0000000000000000        0xc ./CMSIS/src/system_stm32f4xx.o
 .group         0x0000000000000000        0xc ./CMSIS/src/system_stm32f4xx.o
 .group         0x0000000000000000        0xc ./CMSIS/src/system_stm32f4xx.o
 .group         0x0000000000000000        0xc ./CMSIS/src/system_stm32f4xx.o
 .group         0x0000000000000000        0xc ./CMSIS/src/system_stm32f4xx.o
 .group         0x0000000000000000        0xc ./CMSIS/src/system_stm32f4xx.o
 .group         0x0000000000000000        0xc ./CMSIS/src/system_stm32f4xx.o
 .group         0x0000000000000000        0xc ./CMSIS/src/system_stm32f4xx.o
 .group         0x0000000000000000        0xc ./CMSIS/src/system_stm32f4xx.o
 .group         0x0000000000000000        0xc ./CMSIS/src/system_stm32f4xx.o
 .group         0x0000000000000000        0xc ./CMSIS/src/system_stm32f4xx.o
 .text          0x0000000000000000        0x0 ./CMSIS/src/system_stm32f4xx.o
 .data          0x0000000000000000        0x0 ./CMSIS/src/system_stm32f4xx.o
 .bss           0x0000000000000000        0x0 ./CMSIS/src/system_stm32f4xx.o
 .rodata.APBPrescTable
                0x0000000000000000        0x8 ./CMSIS/src/system_stm32f4xx.o
 .group         0x0000000000000000        0xc ./Code/src/CRC16.o
 .group         0x0000000000000000        0xc ./Code/src/CRC16.o
 .group         0x0000000000000000        0xc ./Code/src/CRC16.o
 .group         0x0000000000000000        0xc ./Code/src/CRC16.o
 .group         0x0000000000000000        0xc ./Code/src/CRC16.o
 .group         0x0000000000000000        0xc ./Code/src/CRC16.o
 .group         0x0000000000000000        0xc ./Code/src/CRC16.o
 .group         0x0000000000000000        0xc ./Code/src/CRC16.o
 .group         0x0000000000000000        0xc ./Code/src/CRC16.o
 .group         0x0000000000000000        0xc ./Code/src/CRC16.o
 .group         0x0000000000000000        0xc ./Code/src/CRC16.o
 .group         0x0000000000000000        0xc ./Code/src/CRC16.o
 .group         0x0000000000000000        0xc ./Code/src/CRC16.o
 .group         0x0000000000000000        0xc ./Code/src/CRC16.o
 .text          0x0000000000000000        0x0 ./Code/src/CRC16.o
 .data          0x0000000000000000        0x0 ./Code/src/CRC16.o
 .bss           0x0000000000000000        0x0 ./Code/src/CRC16.o
 .rodata.auchCRCHi
                0x0000000000000000      0x100 ./Code/src/CRC16.o
 .rodata.auchCRCLo
                0x0000000000000000      0x100 ./Code/src/CRC16.o
 .text.CRC16    0x0000000000000000       0x6c ./Code/src/CRC16.o
 .debug_info    0x0000000000000000      0x1e8 ./Code/src/CRC16.o
 .debug_abbrev  0x0000000000000000       0xde ./Code/src/CRC16.o
 .debug_aranges
                0x0000000000000000       0x20 ./Code/src/CRC16.o
 .debug_ranges  0x0000000000000000       0x10 ./Code/src/CRC16.o
 .debug_macro   0x0000000000000000       0xc3 ./Code/src/CRC16.o
 .debug_macro   0x0000000000000000      0xa8a ./Code/src/CRC16.o
 .debug_macro   0x0000000000000000       0x28 ./Code/src/CRC16.o
 .debug_macro   0x0000000000000000       0x22 ./Code/src/CRC16.o
 .debug_macro   0x0000000000000000       0x8e ./Code/src/CRC16.o
 .debug_macro   0x0000000000000000       0x51 ./Code/src/CRC16.o
 .debug_macro   0x0000000000000000      0x103 ./Code/src/CRC16.o
 .debug_macro   0x0000000000000000       0x6a ./Code/src/CRC16.o
 .debug_macro   0x0000000000000000      0x1df ./Code/src/CRC16.o
 .debug_macro   0x0000000000000000       0x1c ./Code/src/CRC16.o
 .debug_macro   0x0000000000000000       0x22 ./Code/src/CRC16.o
 .debug_macro   0x0000000000000000       0xdf ./Code/src/CRC16.o
 .debug_macro   0x0000000000000000     0x102d ./Code/src/CRC16.o
 .debug_macro   0x0000000000000000      0x11f ./Code/src/CRC16.o
 .debug_macro   0x0000000000000000     0xb93e ./Code/src/CRC16.o
 .debug_line    0x0000000000000000      0x4bf ./Code/src/CRC16.o
 .debug_str     0x0000000000000000    0x4f395 ./Code/src/CRC16.o
 .comment       0x0000000000000000       0x54 ./Code/src/CRC16.o
 .debug_frame   0x0000000000000000       0x38 ./Code/src/CRC16.o
 .ARM.attributes
                0x0000000000000000       0x2e ./Code/src/CRC16.o
 .group         0x0000000000000000        0xc ./Code/src/I2C.o
 .group         0x0000000000000000        0xc ./Code/src/I2C.o
 .group         0x0000000000000000        0xc ./Code/src/I2C.o
 .group         0x0000000000000000        0xc ./Code/src/I2C.o
 .group         0x0000000000000000        0xc ./Code/src/I2C.o
 .group         0x0000000000000000        0xc ./Code/src/I2C.o
 .group         0x0000000000000000        0xc ./Code/src/I2C.o
 .group         0x0000000000000000        0xc ./Code/src/I2C.o
 .group         0x0000000000000000        0xc ./Code/src/I2C.o
 .group         0x0000000000000000        0xc ./Code/src/I2C.o
 .group         0x0000000000000000        0xc ./Code/src/I2C.o
 .group         0x0000000000000000        0xc ./Code/src/I2C.o
 .group         0x0000000000000000        0xc ./Code/src/I2C.o
 .group         0x0000000000000000        0xc ./Code/src/I2C.o
 .group         0x0000000000000000        0xc ./Code/src/I2C.o
 .group         0x0000000000000000        0xc ./Code/src/I2C.o
 .group         0x0000000000000000        0xc ./Code/src/I2C.o
 .text          0x0000000000000000        0x0 ./Code/src/I2C.o
 .data          0x0000000000000000        0x0 ./Code/src/I2C.o
 .bss           0x0000000000000000        0x0 ./Code/src/I2C.o
 .text.InitI2C1
                0x0000000000000000      0x18c ./Code/src/I2C.o
 .text.InitI2C1FSM
                0x0000000000000000       0x30 ./Code/src/I2C.o
 .text.ProcessI2CWriteFSM
                0x0000000000000000      0x144 ./Code/src/I2C.o
 .text.ClearI2C1DataBufer
                0x0000000000000000       0x30 ./Code/src/I2C.o
 .text.WriteToI2C1DataBufer
                0x0000000000000000       0x28 ./Code/src/I2C.o
 .debug_macro   0x0000000000000000      0xa8a ./Code/src/I2C.o
 .debug_macro   0x0000000000000000       0x28 ./Code/src/I2C.o
 .debug_macro   0x0000000000000000       0x22 ./Code/src/I2C.o
 .debug_macro   0x0000000000000000       0x8e ./Code/src/I2C.o
 .debug_macro   0x0000000000000000       0x51 ./Code/src/I2C.o
 .debug_macro   0x0000000000000000      0x103 ./Code/src/I2C.o
 .debug_macro   0x0000000000000000       0x6a ./Code/src/I2C.o
 .debug_macro   0x0000000000000000      0x1df ./Code/src/I2C.o
 .debug_macro   0x0000000000000000       0x1c ./Code/src/I2C.o
 .debug_macro   0x0000000000000000       0x22 ./Code/src/I2C.o
 .debug_macro   0x0000000000000000       0xdf ./Code/src/I2C.o
 .debug_macro   0x0000000000000000     0x102d ./Code/src/I2C.o
 .debug_macro   0x0000000000000000      0x11f ./Code/src/I2C.o
 .debug_macro   0x0000000000000000     0xb93e ./Code/src/I2C.o
 .group         0x0000000000000000        0xc ./Code/src/WS2812.o
 .group         0x0000000000000000        0xc ./Code/src/WS2812.o
 .group         0x0000000000000000        0xc ./Code/src/WS2812.o
 .group         0x0000000000000000        0xc ./Code/src/WS2812.o
 .group         0x0000000000000000        0xc ./Code/src/WS2812.o
 .group         0x0000000000000000        0xc ./Code/src/WS2812.o
 .group         0x0000000000000000        0xc ./Code/src/WS2812.o
 .group         0x0000000000000000        0xc ./Code/src/WS2812.o
 .group         0x0000000000000000        0xc ./Code/src/WS2812.o
 .group         0x0000000000000000        0xc ./Code/src/WS2812.o
 .group         0x0000000000000000        0xc ./Code/src/WS2812.o
 .group         0x0000000000000000        0xc ./Code/src/WS2812.o
 .group         0x0000000000000000        0xc ./Code/src/WS2812.o
 .group         0x0000000000000000        0xc ./Code/src/WS2812.o
 .group         0x0000000000000000        0xc ./Code/src/WS2812.o
 .group         0x0000000000000000        0xc ./Code/src/WS2812.o
 .group         0x0000000000000000        0xc ./Code/src/WS2812.o
 .text          0x0000000000000000        0x0 ./Code/src/WS2812.o
 .data          0x0000000000000000        0x0 ./Code/src/WS2812.o
 .bss           0x0000000000000000        0x0 ./Code/src/WS2812.o
 .data.Orange   0x0000000000000000        0x3 ./Code/src/WS2812.o
 .data.Yellow   0x0000000000000000        0x3 ./Code/src/WS2812.o
 .data.DeepSkyBlue
                0x0000000000000000        0x3 ./Code/src/WS2812.o
 .data.NavyBlue
                0x0000000000000000        0x3 ./Code/src/WS2812.o
 .data.Violet   0x0000000000000000        0x3 ./Code/src/WS2812.o
 .data.DeepPink
                0x0000000000000000        0x3 ./Code/src/WS2812.o
 .data.White    0x0000000000000000        0x3 ./Code/src/WS2812.o
 .debug_macro   0x0000000000000000      0xa8a ./Code/src/WS2812.o
 .debug_macro   0x0000000000000000       0x28 ./Code/src/WS2812.o
 .debug_macro   0x0000000000000000       0x22 ./Code/src/WS2812.o
 .debug_macro   0x0000000000000000       0x8e ./Code/src/WS2812.o
 .debug_macro   0x0000000000000000       0x51 ./Code/src/WS2812.o
 .debug_macro   0x0000000000000000      0x103 ./Code/src/WS2812.o
 .debug_macro   0x0000000000000000       0x6a ./Code/src/WS2812.o
 .debug_macro   0x0000000000000000      0x1df ./Code/src/WS2812.o
 .debug_macro   0x0000000000000000       0x1c ./Code/src/WS2812.o
 .debug_macro   0x0000000000000000       0x22 ./Code/src/WS2812.o
 .debug_macro   0x0000000000000000       0xdf ./Code/src/WS2812.o
 .debug_macro   0x0000000000000000     0x102d ./Code/src/WS2812.o
 .debug_macro   0x0000000000000000      0x11f ./Code/src/WS2812.o
 .debug_macro   0x0000000000000000     0xb93e ./Code/src/WS2812.o
 .debug_macro   0x0000000000000000       0x64 ./Code/src/WS2812.o
 .debug_macro   0x0000000000000000       0x4c ./Code/src/WS2812.o
 .group         0x0000000000000000        0xc ./Code/src/lcd16xx.o
 .group         0x0000000000000000        0xc ./Code/src/lcd16xx.o
 .group         0x0000000000000000        0xc ./Code/src/lcd16xx.o
 .group         0x0000000000000000        0xc ./Code/src/lcd16xx.o
 .group         0x0000000000000000        0xc ./Code/src/lcd16xx.o
 .group         0x0000000000000000        0xc ./Code/src/lcd16xx.o
 .group         0x0000000000000000        0xc ./Code/src/lcd16xx.o
 .group         0x0000000000000000        0xc ./Code/src/lcd16xx.o
 .group         0x0000000000000000        0xc ./Code/src/lcd16xx.o
 .group         0x0000000000000000        0xc ./Code/src/lcd16xx.o
 .group         0x0000000000000000        0xc ./Code/src/lcd16xx.o
 .group         0x0000000000000000        0xc ./Code/src/lcd16xx.o
 .group         0x0000000000000000        0xc ./Code/src/lcd16xx.o
 .group         0x0000000000000000        0xc ./Code/src/lcd16xx.o
 .group         0x0000000000000000        0xc ./Code/src/lcd16xx.o
 .group         0x0000000000000000        0xc ./Code/src/lcd16xx.o
 .group         0x0000000000000000        0xc ./Code/src/lcd16xx.o
 .text          0x0000000000000000        0x0 ./Code/src/lcd16xx.o
 .data          0x0000000000000000        0x0 ./Code/src/lcd16xx.o
 .bss           0x0000000000000000        0x0 ./Code/src/lcd16xx.o
 .rodata.BuferLCDInit
                0x0000000000000000       0x20 ./Code/src/lcd16xx.o
 .rodata.DDRAMLCD1602
                0x0000000000000000       0x20 ./Code/src/lcd16xx.o
 .text.InitLcdFSM
                0x0000000000000000       0x20 ./Code/src/lcd16xx.o
 .text.ProcessLcdFSM
                0x0000000000000000      0x15c ./Code/src/lcd16xx.o
 .debug_info    0x0000000000000000      0x203 ./Code/src/lcd16xx.o
 .debug_abbrev  0x0000000000000000       0xe5 ./Code/src/lcd16xx.o
 .debug_aranges
                0x0000000000000000       0x28 ./Code/src/lcd16xx.o
 .debug_ranges  0x0000000000000000       0x18 ./Code/src/lcd16xx.o
 .debug_macro   0x0000000000000000      0x10a ./Code/src/lcd16xx.o
 .debug_macro   0x0000000000000000      0xa8a ./Code/src/lcd16xx.o
 .debug_macro   0x0000000000000000       0x28 ./Code/src/lcd16xx.o
 .debug_macro   0x0000000000000000       0x22 ./Code/src/lcd16xx.o
 .debug_macro   0x0000000000000000       0x8e ./Code/src/lcd16xx.o
 .debug_macro   0x0000000000000000       0x51 ./Code/src/lcd16xx.o
 .debug_macro   0x0000000000000000      0x103 ./Code/src/lcd16xx.o
 .debug_macro   0x0000000000000000       0x6a ./Code/src/lcd16xx.o
 .debug_macro   0x0000000000000000      0x1df ./Code/src/lcd16xx.o
 .debug_macro   0x0000000000000000       0x1c ./Code/src/lcd16xx.o
 .debug_macro   0x0000000000000000       0x22 ./Code/src/lcd16xx.o
 .debug_macro   0x0000000000000000       0xdf ./Code/src/lcd16xx.o
 .debug_macro   0x0000000000000000     0x102d ./Code/src/lcd16xx.o
 .debug_macro   0x0000000000000000      0x11f ./Code/src/lcd16xx.o
 .debug_macro   0x0000000000000000     0xb93e ./Code/src/lcd16xx.o
 .debug_macro   0x0000000000000000       0x64 ./Code/src/lcd16xx.o
 .debug_macro   0x0000000000000000       0x4c ./Code/src/lcd16xx.o
 .debug_macro   0x0000000000000000       0x10 ./Code/src/lcd16xx.o
 .debug_line    0x0000000000000000      0x5a1 ./Code/src/lcd16xx.o
 .debug_str     0x0000000000000000    0x4f5c1 ./Code/src/lcd16xx.o
 .comment       0x0000000000000000       0x54 ./Code/src/lcd16xx.o
 .debug_frame   0x0000000000000000       0x54 ./Code/src/lcd16xx.o
 .ARM.attributes
                0x0000000000000000       0x2e ./Code/src/lcd16xx.o
 COMMON         0x0000000000000000        0x3 ./Code/src/lcd16xx.o
 .group         0x0000000000000000        0xc ./Code/src/ledFSM.o
 .group         0x0000000000000000        0xc ./Code/src/ledFSM.o
 .group         0x0000000000000000        0xc ./Code/src/ledFSM.o
 .group         0x0000000000000000        0xc ./Code/src/ledFSM.o
 .group         0x0000000000000000        0xc ./Code/src/ledFSM.o
 .group         0x0000000000000000        0xc ./Code/src/ledFSM.o
 .group         0x0000000000000000        0xc ./Code/src/ledFSM.o
 .group         0x0000000000000000        0xc ./Code/src/ledFSM.o
 .group         0x0000000000000000        0xc ./Code/src/ledFSM.o
 .group         0x0000000000000000        0xc ./Code/src/ledFSM.o
 .group         0x0000000000000000        0xc ./Code/src/ledFSM.o
 .group         0x0000000000000000        0xc ./Code/src/ledFSM.o
 .group         0x0000000000000000        0xc ./Code/src/ledFSM.o
 .group         0x0000000000000000        0xc ./Code/src/ledFSM.o
 .group         0x0000000000000000        0xc ./Code/src/ledFSM.o
 .group         0x0000000000000000        0xc ./Code/src/ledFSM.o
 .text          0x0000000000000000        0x0 ./Code/src/ledFSM.o
 .data          0x0000000000000000        0x0 ./Code/src/ledFSM.o
 .bss           0x0000000000000000        0x0 ./Code/src/ledFSM.o
 .debug_macro   0x0000000000000000      0xa8a ./Code/src/ledFSM.o
 .debug_macro   0x0000000000000000       0x28 ./Code/src/ledFSM.o
 .debug_macro   0x0000000000000000       0x22 ./Code/src/ledFSM.o
 .debug_macro   0x0000000000000000       0x8e ./Code/src/ledFSM.o
 .debug_macro   0x0000000000000000       0x51 ./Code/src/ledFSM.o
 .debug_macro   0x0000000000000000      0x103 ./Code/src/ledFSM.o
 .debug_macro   0x0000000000000000       0x6a ./Code/src/ledFSM.o
 .debug_macro   0x0000000000000000      0x1df ./Code/src/ledFSM.o
 .debug_macro   0x0000000000000000       0x1c ./Code/src/ledFSM.o
 .debug_macro   0x0000000000000000       0x22 ./Code/src/ledFSM.o
 .debug_macro   0x0000000000000000       0xdf ./Code/src/ledFSM.o
 .debug_macro   0x0000000000000000     0x102d ./Code/src/ledFSM.o
 .debug_macro   0x0000000000000000      0x11f ./Code/src/ledFSM.o
 .debug_macro   0x0000000000000000     0xb93e ./Code/src/ledFSM.o
 .debug_macro   0x0000000000000000       0x64 ./Code/src/ledFSM.o
 .debug_macro   0x0000000000000000       0x4c ./Code/src/ledFSM.o
 .group         0x0000000000000000        0xc ./Code/src/main.o
 .group         0x0000000000000000        0xc ./Code/src/main.o
 .group         0x0000000000000000        0xc ./Code/src/main.o
 .group         0x0000000000000000        0xc ./Code/src/main.o
 .group         0x0000000000000000        0xc ./Code/src/main.o
 .group         0x0000000000000000        0xc ./Code/src/main.o
 .group         0x0000000000000000        0xc ./Code/src/main.o
 .group         0x0000000000000000        0xc ./Code/src/main.o
 .group         0x0000000000000000        0xc ./Code/src/main.o
 .group         0x0000000000000000        0xc ./Code/src/main.o
 .group         0x0000000000000000        0xc ./Code/src/main.o
 .group         0x0000000000000000        0xc ./Code/src/main.o
 .group         0x0000000000000000        0xc ./Code/src/main.o
 .group         0x0000000000000000        0xc ./Code/src/main.o
 .group         0x0000000000000000        0xc ./Code/src/main.o
 .group         0x0000000000000000        0xc ./Code/src/main.o
 .group         0x0000000000000000        0xc ./Code/src/main.o
 .group         0x0000000000000000        0xc ./Code/src/main.o
 .group         0x0000000000000000        0xc ./Code/src/main.o
 .text          0x0000000000000000        0x0 ./Code/src/main.o
 .data          0x0000000000000000        0x0 ./Code/src/main.o
 .bss           0x0000000000000000        0x0 ./Code/src/main.o
 .debug_macro   0x0000000000000000      0xa8a ./Code/src/main.o
 .debug_macro   0x0000000000000000       0x28 ./Code/src/main.o
 .debug_macro   0x0000000000000000       0x22 ./Code/src/main.o
 .debug_macro   0x0000000000000000       0x8e ./Code/src/main.o
 .debug_macro   0x0000000000000000       0x51 ./Code/src/main.o
 .debug_macro   0x0000000000000000      0x103 ./Code/src/main.o
 .debug_macro   0x0000000000000000       0x6a ./Code/src/main.o
 .debug_macro   0x0000000000000000      0x1df ./Code/src/main.o
 .debug_macro   0x0000000000000000       0x1c ./Code/src/main.o
 .debug_macro   0x0000000000000000       0x22 ./Code/src/main.o
 .debug_macro   0x0000000000000000       0xdf ./Code/src/main.o
 .debug_macro   0x0000000000000000     0x102d ./Code/src/main.o
 .debug_macro   0x0000000000000000      0x11f ./Code/src/main.o
 .debug_macro   0x0000000000000000     0xb93e ./Code/src/main.o
 .debug_macro   0x0000000000000000       0x64 ./Code/src/main.o
 .debug_macro   0x0000000000000000       0x4c ./Code/src/main.o
 .debug_macro   0x0000000000000000       0x10 ./Code/src/main.o
 .debug_macro   0x0000000000000000       0x22 ./Code/src/main.o
 .group         0x0000000000000000        0xc ./Code/src/messages.o
 .group         0x0000000000000000        0xc ./Code/src/messages.o
 .group         0x0000000000000000        0xc ./Code/src/messages.o
 .group         0x0000000000000000        0xc ./Code/src/messages.o
 .group         0x0000000000000000        0xc ./Code/src/messages.o
 .group         0x0000000000000000        0xc ./Code/src/messages.o
 .group         0x0000000000000000        0xc ./Code/src/messages.o
 .group         0x0000000000000000        0xc ./Code/src/messages.o
 .group         0x0000000000000000        0xc ./Code/src/messages.o
 .group         0x0000000000000000        0xc ./Code/src/messages.o
 .group         0x0000000000000000        0xc ./Code/src/messages.o
 .group         0x0000000000000000        0xc ./Code/src/messages.o
 .group         0x0000000000000000        0xc ./Code/src/messages.o
 .group         0x0000000000000000        0xc ./Code/src/messages.o
 .group         0x0000000000000000        0xc ./Code/src/messages.o
 .text          0x0000000000000000        0x0 ./Code/src/messages.o
 .data          0x0000000000000000        0x0 ./Code/src/messages.o
 .bss           0x0000000000000000        0x0 ./Code/src/messages.o
 .debug_macro   0x0000000000000000      0xa8a ./Code/src/messages.o
 .debug_macro   0x0000000000000000       0x28 ./Code/src/messages.o
 .debug_macro   0x0000000000000000       0x22 ./Code/src/messages.o
 .debug_macro   0x0000000000000000       0x8e ./Code/src/messages.o
 .debug_macro   0x0000000000000000       0x51 ./Code/src/messages.o
 .debug_macro   0x0000000000000000      0x103 ./Code/src/messages.o
 .debug_macro   0x0000000000000000       0x6a ./Code/src/messages.o
 .debug_macro   0x0000000000000000      0x1df ./Code/src/messages.o
 .debug_macro   0x0000000000000000       0x1c ./Code/src/messages.o
 .debug_macro   0x0000000000000000       0x22 ./Code/src/messages.o
 .debug_macro   0x0000000000000000       0xdf ./Code/src/messages.o
 .debug_macro   0x0000000000000000     0x102d ./Code/src/messages.o
 .debug_macro   0x0000000000000000      0x11f ./Code/src/messages.o
 .debug_macro   0x0000000000000000     0xb93e ./Code/src/messages.o
 .debug_macro   0x0000000000000000       0x64 ./Code/src/messages.o
 .group         0x0000000000000000        0xc ./Code/src/modbus.o
 .group         0x0000000000000000        0xc ./Code/src/modbus.o
 .group         0x0000000000000000        0xc ./Code/src/modbus.o
 .group         0x0000000000000000        0xc ./Code/src/modbus.o
 .group         0x0000000000000000        0xc ./Code/src/modbus.o
 .group         0x0000000000000000        0xc ./Code/src/modbus.o
 .group         0x0000000000000000        0xc ./Code/src/modbus.o
 .group         0x0000000000000000        0xc ./Code/src/modbus.o
 .group         0x0000000000000000        0xc ./Code/src/modbus.o
 .group         0x0000000000000000        0xc ./Code/src/modbus.o
 .group         0x0000000000000000        0xc ./Code/src/modbus.o
 .group         0x0000000000000000        0xc ./Code/src/modbus.o
 .group         0x0000000000000000        0xc ./Code/src/modbus.o
 .group         0x0000000000000000        0xc ./Code/src/modbus.o
 .group         0x0000000000000000        0xc ./Code/src/modbus.o
 .group         0x0000000000000000        0xc ./Code/src/modbus.o
 .group         0x0000000000000000        0xc ./Code/src/modbus.o
 .group         0x0000000000000000        0xc ./Code/src/modbus.o
 .text          0x0000000000000000        0x0 ./Code/src/modbus.o
 .data          0x0000000000000000        0x0 ./Code/src/modbus.o
 .bss           0x0000000000000000        0x0 ./Code/src/modbus.o
 .text.InitModbusUSART
                0x0000000000000000      0x17c ./Code/src/modbus.o
 .text.InitDMAforUSART
                0x0000000000000000       0xa0 ./Code/src/modbus.o
 .text.InitModbusFSM
                0x0000000000000000       0x70 ./Code/src/modbus.o
 .text.ProcessSlaveModbusMessageReceptionRTUFSM
                0x0000000000000000      0x1a0 ./Code/src/modbus.o
 .text.ProcessMessageGenerationSlaveModbusRTUFSM
                0x0000000000000000      0x15c ./Code/src/modbus.o
 .text.ProcessModbusSlaveFSM
                0x0000000000000000       0x10 ./Code/src/modbus.o
 .text.WriteSingleCoil
                0x0000000000000000       0xb8 ./Code/src/modbus.o
 .debug_macro   0x0000000000000000      0xa8a ./Code/src/modbus.o
 .debug_macro   0x0000000000000000       0x28 ./Code/src/modbus.o
 .debug_macro   0x0000000000000000       0x22 ./Code/src/modbus.o
 .debug_macro   0x0000000000000000       0x8e ./Code/src/modbus.o
 .debug_macro   0x0000000000000000       0x51 ./Code/src/modbus.o
 .debug_macro   0x0000000000000000      0x103 ./Code/src/modbus.o
 .debug_macro   0x0000000000000000       0x6a ./Code/src/modbus.o
 .debug_macro   0x0000000000000000      0x1df ./Code/src/modbus.o
 .debug_macro   0x0000000000000000       0x1c ./Code/src/modbus.o
 .debug_macro   0x0000000000000000       0x22 ./Code/src/modbus.o
 .debug_macro   0x0000000000000000       0xdf ./Code/src/modbus.o
 .debug_macro   0x0000000000000000     0x102d ./Code/src/modbus.o
 .debug_macro   0x0000000000000000      0x11f ./Code/src/modbus.o
 .debug_macro   0x0000000000000000     0xb93e ./Code/src/modbus.o
 .debug_macro   0x0000000000000000       0x64 ./Code/src/modbus.o
 .debug_macro   0x0000000000000000       0x4c ./Code/src/modbus.o
 .debug_macro   0x0000000000000000       0x10 ./Code/src/modbus.o
 .debug_macro   0x0000000000000000       0xb2 ./Code/src/modbus.o
 .group         0x0000000000000000        0xc ./Code/src/system.o
 .group         0x0000000000000000        0xc ./Code/src/system.o
 .group         0x0000000000000000        0xc ./Code/src/system.o
 .group         0x0000000000000000        0xc ./Code/src/system.o
 .group         0x0000000000000000        0xc ./Code/src/system.o
 .group         0x0000000000000000        0xc ./Code/src/system.o
 .group         0x0000000000000000        0xc ./Code/src/system.o
 .group         0x0000000000000000        0xc ./Code/src/system.o
 .group         0x0000000000000000        0xc ./Code/src/system.o
 .group         0x0000000000000000        0xc ./Code/src/system.o
 .group         0x0000000000000000        0xc ./Code/src/system.o
 .group         0x0000000000000000        0xc ./Code/src/system.o
 .group         0x0000000000000000        0xc ./Code/src/system.o
 .group         0x0000000000000000        0xc ./Code/src/system.o
 .group         0x0000000000000000        0xc ./Code/src/system.o
 .group         0x0000000000000000        0xc ./Code/src/system.o
 .group         0x0000000000000000        0xc ./Code/src/system.o
 .group         0x0000000000000000        0xc ./Code/src/system.o
 .text          0x0000000000000000        0x0 ./Code/src/system.o
 .data          0x0000000000000000        0x0 ./Code/src/system.o
 .bss           0x0000000000000000        0x0 ./Code/src/system.o
 .debug_macro   0x0000000000000000      0xa8a ./Code/src/system.o
 .debug_macro   0x0000000000000000       0x28 ./Code/src/system.o
 .debug_macro   0x0000000000000000       0x22 ./Code/src/system.o
 .debug_macro   0x0000000000000000       0x8e ./Code/src/system.o
 .debug_macro   0x0000000000000000       0x51 ./Code/src/system.o
 .debug_macro   0x0000000000000000      0x103 ./Code/src/system.o
 .debug_macro   0x0000000000000000       0x6a ./Code/src/system.o
 .debug_macro   0x0000000000000000      0x1df ./Code/src/system.o
 .debug_macro   0x0000000000000000       0x1c ./Code/src/system.o
 .debug_macro   0x0000000000000000       0x22 ./Code/src/system.o
 .debug_macro   0x0000000000000000       0xdf ./Code/src/system.o
 .debug_macro   0x0000000000000000     0x102d ./Code/src/system.o
 .debug_macro   0x0000000000000000      0x11f ./Code/src/system.o
 .debug_macro   0x0000000000000000     0xb93e ./Code/src/system.o
 .debug_macro   0x0000000000000000       0x64 ./Code/src/system.o
 .debug_macro   0x0000000000000000       0x4c ./Code/src/system.o
 .debug_macro   0x0000000000000000       0x10 ./Code/src/system.o
 .debug_macro   0x0000000000000000       0xb2 ./Code/src/system.o
 .group         0x0000000000000000        0xc ./Code/src/virtualTimers.o
 .group         0x0000000000000000        0xc ./Code/src/virtualTimers.o
 .group         0x0000000000000000        0xc ./Code/src/virtualTimers.o
 .group         0x0000000000000000        0xc ./Code/src/virtualTimers.o
 .group         0x0000000000000000        0xc ./Code/src/virtualTimers.o
 .group         0x0000000000000000        0xc ./Code/src/virtualTimers.o
 .group         0x0000000000000000        0xc ./Code/src/virtualTimers.o
 .group         0x0000000000000000        0xc ./Code/src/virtualTimers.o
 .group         0x0000000000000000        0xc ./Code/src/virtualTimers.o
 .group         0x0000000000000000        0xc ./Code/src/virtualTimers.o
 .group         0x0000000000000000        0xc ./Code/src/virtualTimers.o
 .group         0x0000000000000000        0xc ./Code/src/virtualTimers.o
 .group         0x0000000000000000        0xc ./Code/src/virtualTimers.o
 .group         0x0000000000000000        0xc ./Code/src/virtualTimers.o
 .group         0x0000000000000000        0xc ./Code/src/virtualTimers.o
 .group         0x0000000000000000        0xc ./Code/src/virtualTimers.o
 .text          0x0000000000000000        0x0 ./Code/src/virtualTimers.o
 .data          0x0000000000000000        0x0 ./Code/src/virtualTimers.o
 .bss           0x0000000000000000        0x0 ./Code/src/virtualTimers.o
 .text.PauseGTimer
                0x0000000000000000       0x2c ./Code/src/virtualTimers.o
 .text.ReleaseGTimer
                0x0000000000000000       0x2c ./Code/src/virtualTimers.o
 .debug_macro   0x0000000000000000      0xa8a ./Code/src/virtualTimers.o
 .debug_macro   0x0000000000000000       0x28 ./Code/src/virtualTimers.o
 .debug_macro   0x0000000000000000       0x22 ./Code/src/virtualTimers.o
 .debug_macro   0x0000000000000000       0x8e ./Code/src/virtualTimers.o
 .debug_macro   0x0000000000000000       0x51 ./Code/src/virtualTimers.o
 .debug_macro   0x0000000000000000      0x103 ./Code/src/virtualTimers.o
 .debug_macro   0x0000000000000000       0x6a ./Code/src/virtualTimers.o
 .debug_macro   0x0000000000000000      0x1df ./Code/src/virtualTimers.o
 .debug_macro   0x0000000000000000       0x1c ./Code/src/virtualTimers.o
 .debug_macro   0x0000000000000000       0x22 ./Code/src/virtualTimers.o
 .debug_macro   0x0000000000000000       0xdf ./Code/src/virtualTimers.o
 .debug_macro   0x0000000000000000     0x102d ./Code/src/virtualTimers.o
 .debug_macro   0x0000000000000000      0x11f ./Code/src/virtualTimers.o
 .debug_macro   0x0000000000000000     0xb93e ./Code/src/virtualTimers.o
 .debug_macro   0x0000000000000000       0x64 ./Code/src/virtualTimers.o
 .debug_macro   0x0000000000000000       0x4c ./Code/src/virtualTimers.o
 .text          0x0000000000000000       0x14 ./startup_stm32f411xe.o
 .data          0x0000000000000000        0x0 ./startup_stm32f411xe.o
 .bss           0x0000000000000000        0x0 ./startup_stm32f411xe.o
 .text          0x0000000000000000        0x0 c:/st/stm32cubeide_1.7.0/stm32cubeide/plugins/com.st.stm32cube.ide.mcu.externaltools.gnu-tools-for-stm32.9-2020-q2-update.win32_2.0.0.202105311346/tools/bin/../lib/gcc/arm-none-eabi/9.3.1/../../../../arm-none-eabi/lib/thumb/v7e-m/nofp\libc_nano.a(lib_a-exit.o)
 .data          0x0000000000000000        0x0 c:/st/stm32cubeide_1.7.0/stm32cubeide/plugins/com.st.stm32cube.ide.mcu.externaltools.gnu-tools-for-stm32.9-2020-q2-update.win32_2.0.0.202105311346/tools/bin/../lib/gcc/arm-none-eabi/9.3.1/../../../../arm-none-eabi/lib/thumb/v7e-m/nofp\libc_nano.a(lib_a-exit.o)
 .bss           0x0000000000000000        0x0 c:/st/stm32cubeide_1.7.0/stm32cubeide/plugins/com.st.stm32cube.ide.mcu.externaltools.gnu-tools-for-stm32.9-2020-q2-update.win32_2.0.0.202105311346/tools/bin/../lib/gcc/arm-none-eabi/9.3.1/../../../../arm-none-eabi/lib/thumb/v7e-m/nofp\libc_nano.a(lib_a-exit.o)
 .text.exit     0x0000000000000000       0x28 c:/st/stm32cubeide_1.7.0/stm32cubeide/plugins/com.st.stm32cube.ide.mcu.externaltools.gnu-tools-for-stm32.9-2020-q2-update.win32_2.0.0.202105311346/tools/bin/../lib/gcc/arm-none-eabi/9.3.1/../../../../arm-none-eabi/lib/thumb/v7e-m/nofp\libc_nano.a(lib_a-exit.o)
 .debug_frame   0x0000000000000000       0x28 c:/st/stm32cubeide_1.7.0/stm32cubeide/plugins/com.st.stm32cube.ide.mcu.externaltools.gnu-tools-for-stm32.9-2020-q2-update.win32_2.0.0.202105311346/tools/bin/../lib/gcc/arm-none-eabi/9.3.1/../../../../arm-none-eabi/lib/thumb/v7e-m/nofp\libc_nano.a(lib_a-exit.o)
 .ARM.attributes
                0x0000000000000000       0x2e c:/st/stm32cubeide_1.7.0/stm32cubeide/plugins/com.st.stm32cube.ide.mcu.externaltools.gnu-tools-for-stm32.9-2020-q2-update.win32_2.0.0.202105311346/tools/bin/../lib/gcc/arm-none-eabi/9.3.1/../../../../arm-none-eabi/lib/thumb/v7e-m/nofp\libc_nano.a(lib_a-exit.o)
 .text          0x0000000000000000        0x0 c:/st/stm32cubeide_1.7.0/stm32cubeide/plugins/com.st.stm32cube.ide.mcu.externaltools.gnu-tools-for-stm32.9-2020-q2-update.win32_2.0.0.202105311346/tools/bin/../lib/gcc/arm-none-eabi/9.3.1/../../../../arm-none-eabi/lib/thumb/v7e-m/nofp\libc_nano.a(lib_a-impure.o)
 .data          0x0000000000000000        0x0 c:/st/stm32cubeide_1.7.0/stm32cubeide/plugins/com.st.stm32cube.ide.mcu.externaltools.gnu-tools-for-stm32.9-2020-q2-update.win32_2.0.0.202105311346/tools/bin/../lib/gcc/arm-none-eabi/9.3.1/../../../../arm-none-eabi/lib/thumb/v7e-m/nofp\libc_nano.a(lib_a-impure.o)
 .bss           0x0000000000000000        0x0 c:/st/stm32cubeide_1.7.0/stm32cubeide/plugins/com.st.stm32cube.ide.mcu.externaltools.gnu-tools-for-stm32.9-2020-q2-update.win32_2.0.0.202105311346/tools/bin/../lib/gcc/arm-none-eabi/9.3.1/../../../../arm-none-eabi/lib/thumb/v7e-m/nofp\libc_nano.a(lib_a-impure.o)
 .data._impure_ptr
                0x0000000000000000        0x4 c:/st/stm32cubeide_1.7.0/stm32cubeide/plugins/com.st.stm32cube.ide.mcu.externaltools.gnu-tools-for-stm32.9-2020-q2-update.win32_2.0.0.202105311346/tools/bin/../lib/gcc/arm-none-eabi/9.3.1/../../../../arm-none-eabi/lib/thumb/v7e-m/nofp\libc_nano.a(lib_a-impure.o)
 .data.impure_data
                0x0000000000000000       0x60 c:/st/stm32cubeide_1.7.0/stm32cubeide/plugins/com.st.stm32cube.ide.mcu.externaltools.gnu-tools-for-stm32.9-2020-q2-update.win32_2.0.0.202105311346/tools/bin/../lib/gcc/arm-none-eabi/9.3.1/../../../../arm-none-eabi/lib/thumb/v7e-m/nofp\libc_nano.a(lib_a-impure.o)
 .rodata._global_impure_ptr
                0x0000000000000000        0x4 c:/st/stm32cubeide_1.7.0/stm32cubeide/plugins/com.st.stm32cube.ide.mcu.externaltools.gnu-tools-for-stm32.9-2020-q2-update.win32_2.0.0.202105311346/tools/bin/../lib/gcc/arm-none-eabi/9.3.1/../../../../arm-none-eabi/lib/thumb/v7e-m/nofp\libc_nano.a(lib_a-impure.o)
 .ARM.attributes
                0x0000000000000000       0x2e c:/st/stm32cubeide_1.7.0/stm32cubeide/plugins/com.st.stm32cube.ide.mcu.externaltools.gnu-tools-for-stm32.9-2020-q2-update.win32_2.0.0.202105311346/tools/bin/../lib/gcc/arm-none-eabi/9.3.1/../../../../arm-none-eabi/lib/thumb/v7e-m/nofp\libc_nano.a(lib_a-impure.o)
 .text          0x0000000000000000        0x0 c:/st/stm32cubeide_1.7.0/stm32cubeide/plugins/com.st.stm32cube.ide.mcu.externaltools.gnu-tools-for-stm32.9-2020-q2-update.win32_2.0.0.202105311346/tools/bin/../lib/gcc/arm-none-eabi/9.3.1/../../../../arm-none-eabi/lib/thumb/v7e-m/nofp\libc_nano.a(lib_a-init.o)
 .data          0x0000000000000000        0x0 c:/st/stm32cubeide_1.7.0/stm32cubeide/plugins/com.st.stm32cube.ide.mcu.externaltools.gnu-tools-for-stm32.9-2020-q2-update.win32_2.0.0.202105311346/tools/bin/../lib/gcc/arm-none-eabi/9.3.1/../../../../arm-none-eabi/lib/thumb/v7e-m/nofp\libc_nano.a(lib_a-init.o)
 .bss           0x0000000000000000        0x0 c:/st/stm32cubeide_1.7.0/stm32cubeide/plugins/com.st.stm32cube.ide.mcu.externaltools.gnu-tools-for-stm32.9-2020-q2-update.win32_2.0.0.202105311346/tools/bin/../lib/gcc/arm-none-eabi/9.3.1/../../../../arm-none-eabi/lib/thumb/v7e-m/nofp\libc_nano.a(lib_a-init.o)
 .text          0x0000000000000000        0x0 c:/st/stm32cubeide_1.7.0/stm32cubeide/plugins/com.st.stm32cube.ide.mcu.externaltools.gnu-tools-for-stm32.9-2020-q2-update.win32_2.0.0.202105311346/tools/bin/../lib/gcc/arm-none-eabi/9.3.1/../../../../arm-none-eabi/lib/thumb/v7e-m/nofp\libc_nano.a(lib_a-memset.o)
 .data          0x0000000000000000        0x0 c:/st/stm32cubeide_1.7.0/stm32cubeide/plugins/com.st.stm32cube.ide.mcu.externaltools.gnu-tools-for-stm32.9-2020-q2-update.win32_2.0.0.202105311346/tools/bin/../lib/gcc/arm-none-eabi/9.3.1/../../../../arm-none-eabi/lib/thumb/v7e-m/nofp\libc_nano.a(lib_a-memset.o)
 .bss           0x0000000000000000        0x0 c:/st/stm32cubeide_1.7.0/stm32cubeide/plugins/com.st.stm32cube.ide.mcu.externaltools.gnu-tools-for-stm32.9-2020-q2-update.win32_2.0.0.202105311346/tools/bin/../lib/gcc/arm-none-eabi/9.3.1/../../../../arm-none-eabi/lib/thumb/v7e-m/nofp\libc_nano.a(lib_a-memset.o)
 .text.memset   0x0000000000000000       0x10 c:/st/stm32cubeide_1.7.0/stm32cubeide/plugins/com.st.stm32cube.ide.mcu.externaltools.gnu-tools-for-stm32.9-2020-q2-update.win32_2.0.0.202105311346/tools/bin/../lib/gcc/arm-none-eabi/9.3.1/../../../../arm-none-eabi/lib/thumb/v7e-m/nofp\libc_nano.a(lib_a-memset.o)
 .debug_frame   0x0000000000000000       0x20 c:/st/stm32cubeide_1.7.0/stm32cubeide/plugins/com.st.stm32cube.ide.mcu.externaltools.gnu-tools-for-stm32.9-2020-q2-update.win32_2.0.0.202105311346/tools/bin/../lib/gcc/arm-none-eabi/9.3.1/../../../../arm-none-eabi/lib/thumb/v7e-m/nofp\libc_nano.a(lib_a-memset.o)
 .ARM.attributes
                0x0000000000000000       0x2e c:/st/stm32cubeide_1.7.0/stm32cubeide/plugins/com.st.stm32cube.ide.mcu.externaltools.gnu-tools-for-stm32.9-2020-q2-update.win32_2.0.0.202105311346/tools/bin/../lib/gcc/arm-none-eabi/9.3.1/../../../../arm-none-eabi/lib/thumb/v7e-m/nofp\libc_nano.a(lib_a-memset.o)
 .text          0x0000000000000000        0x0 c:/st/stm32cubeide_1.7.0/stm32cubeide/plugins/com.st.stm32cube.ide.mcu.externaltools.gnu-tools-for-stm32.9-2020-q2-update.win32_2.0.0.202105311346/tools/bin/../lib/gcc/arm-none-eabi/9.3.1/../../../../arm-none-eabi/lib/thumb/v7e-m/nofp\libnosys.a(_exit.o)
 .data          0x0000000000000000        0x0 c:/st/stm32cubeide_1.7.0/stm32cubeide/plugins/com.st.stm32cube.ide.mcu.externaltools.gnu-tools-for-stm32.9-2020-q2-update.win32_2.0.0.202105311346/tools/bin/../lib/gcc/arm-none-eabi/9.3.1/../../../../arm-none-eabi/lib/thumb/v7e-m/nofp\libnosys.a(_exit.o)
 .bss           0x0000000000000000        0x0 c:/st/stm32cubeide_1.7.0/stm32cubeide/plugins/com.st.stm32cube.ide.mcu.externaltools.gnu-tools-for-stm32.9-2020-q2-update.win32_2.0.0.202105311346/tools/bin/../lib/gcc/arm-none-eabi/9.3.1/../../../../arm-none-eabi/lib/thumb/v7e-m/nofp\libnosys.a(_exit.o)
 .text._exit    0x0000000000000000        0x2 c:/st/stm32cubeide_1.7.0/stm32cubeide/plugins/com.st.stm32cube.ide.mcu.externaltools.gnu-tools-for-stm32.9-2020-q2-update.win32_2.0.0.202105311346/tools/bin/../lib/gcc/arm-none-eabi/9.3.1/../../../../arm-none-eabi/lib/thumb/v7e-m/nofp\libnosys.a(_exit.o)
 .debug_frame   0x0000000000000000       0x20 c:/st/stm32cubeide_1.7.0/stm32cubeide/plugins/com.st.stm32cube.ide.mcu.externaltools.gnu-tools-for-stm32.9-2020-q2-update.win32_2.0.0.202105311346/tools/bin/../lib/gcc/arm-none-eabi/9.3.1/../../../../arm-none-eabi/lib/thumb/v7e-m/nofp\libnosys.a(_exit.o)
 .ARM.attributes
                0x0000000000000000       0x2e c:/st/stm32cubeide_1.7.0/stm32cubeide/plugins/com.st.stm32cube.ide.mcu.externaltools.gnu-tools-for-stm32.9-2020-q2-update.win32_2.0.0.202105311346/tools/bin/../lib/gcc/arm-none-eabi/9.3.1/../../../../arm-none-eabi/lib/thumb/v7e-m/nofp\libnosys.a(_exit.o)
 .text          0x0000000000000000        0x0 c:/st/stm32cubeide_1.7.0/stm32cubeide/plugins/com.st.stm32cube.ide.mcu.externaltools.gnu-tools-for-stm32.9-2020-q2-update.win32_2.0.0.202105311346/tools/bin/../lib/gcc/arm-none-eabi/9.3.1/thumb/v7e-m/nofp/crtend.o
 .data          0x0000000000000000        0x0 c:/st/stm32cubeide_1.7.0/stm32cubeide/plugins/com.st.stm32cube.ide.mcu.externaltools.gnu-tools-for-stm32.9-2020-q2-update.win32_2.0.0.202105311346/tools/bin/../lib/gcc/arm-none-eabi/9.3.1/thumb/v7e-m/nofp/crtend.o
 .bss           0x0000000000000000        0x0 c:/st/stm32cubeide_1.7.0/stm32cubeide/plugins/com.st.stm32cube.ide.mcu.externaltools.gnu-tools-for-stm32.9-2020-q2-update.win32_2.0.0.202105311346/tools/bin/../lib/gcc/arm-none-eabi/9.3.1/thumb/v7e-m/nofp/crtend.o
 .eh_frame      0x0000000000000000        0x4 c:/st/stm32cubeide_1.7.0/stm32cubeide/plugins/com.st.stm32cube.ide.mcu.externaltools.gnu-tools-for-stm32.9-2020-q2-update.win32_2.0.0.202105311346/tools/bin/../lib/gcc/arm-none-eabi/9.3.1/thumb/v7e-m/nofp/crtend.o
 .ARM.attributes
                0x0000000000000000       0x2e c:/st/stm32cubeide_1.7.0/stm32cubeide/plugins/com.st.stm32cube.ide.mcu.externaltools.gnu-tools-for-stm32.9-2020-q2-update.win32_2.0.0.202105311346/tools/bin/../lib/gcc/arm-none-eabi/9.3.1/thumb/v7e-m/nofp/crtend.o
 .text          0x0000000000000000        0x0 c:/st/stm32cubeide_1.7.0/stm32cubeide/plugins/com.st.stm32cube.ide.mcu.externaltools.gnu-tools-for-stm32.9-2020-q2-update.win32_2.0.0.202105311346/tools/bin/../lib/gcc/arm-none-eabi/9.3.1/thumb/v7e-m/nofp/crtn.o
 .data          0x0000000000000000        0x0 c:/st/stm32cubeide_1.7.0/stm32cubeide/plugins/com.st.stm32cube.ide.mcu.externaltools.gnu-tools-for-stm32.9-2020-q2-update.win32_2.0.0.202105311346/tools/bin/../lib/gcc/arm-none-eabi/9.3.1/thumb/v7e-m/nofp/crtn.o
 .bss           0x0000000000000000        0x0 c:/st/stm32cubeide_1.7.0/stm32cubeide/plugins/com.st.stm32cube.ide.mcu.externaltools.gnu-tools-for-stm32.9-2020-q2-update.win32_2.0.0.202105311346/tools/bin/../lib/gcc/arm-none-eabi/9.3.1/thumb/v7e-m/nofp/crtn.o

Memory Configuration

Name             Origin             Length             Attributes
FLASH            0x0000000008000000 0x0000000000080000 xr
RAM              0x0000000020000000 0x0000000000020000 xrw
MEMORY_B1        0x0000000060000000 0x0000000000000000 xr
*default*        0x0000000000000000 0xffffffffffffffff

Linker script and memory map

LOAD c:/st/stm32cubeide_1.7.0/stm32cubeide/plugins/com.st.stm32cube.ide.mcu.externaltools.gnu-tools-for-stm32.9-2020-q2-update.win32_2.0.0.202105311346/tools/bin/../lib/gcc/arm-none-eabi/9.3.1/thumb/v7e-m/nofp/crti.o
LOAD c:/st/stm32cubeide_1.7.0/stm32cubeide/plugins/com.st.stm32cube.ide.mcu.externaltools.gnu-tools-for-stm32.9-2020-q2-update.win32_2.0.0.202105311346/tools/bin/../lib/gcc/arm-none-eabi/9.3.1/thumb/v7e-m/nofp/crtbegin.o
LOAD c:/st/stm32cubeide_1.7.0/stm32cubeide/plugins/com.st.stm32cube.ide.mcu.externaltools.gnu-tools-for-stm32.9-2020-q2-update.win32_2.0.0.202105311346/tools/bin/../lib/gcc/arm-none-eabi/9.3.1/../../../../arm-none-eabi/lib/thumb/v7e-m/nofp/crt0.o
LOAD ./CMSIS/src/system_stm32f4xx.o
LOAD ./Code/src/CRC16.o
LOAD ./Code/src/I2C.o
LOAD ./Code/src/WS2812.o
LOAD ./Code/src/lcd16xx.o
LOAD ./Code/src/ledFSM.o
LOAD ./Code/src/main.o
LOAD ./Code/src/messages.o
LOAD ./Code/src/modbus.o
LOAD ./Code/src/system.o
LOAD ./Code/src/virtualTimers.o
LOAD ./startup_stm32f411xe.o
START GROUP
LOAD c:/st/stm32cubeide_1.7.0/stm32cubeide/plugins/com.st.stm32cube.ide.mcu.externaltools.gnu-tools-for-stm32.9-2020-q2-update.win32_2.0.0.202105311346/tools/bin/../lib/gcc/arm-none-eabi/9.3.1/../../../../arm-none-eabi/lib/thumb/v7e-m/nofp\libc_nano.a
LOAD c:/st/stm32cubeide_1.7.0/stm32cubeide/plugins/com.st.stm32cube.ide.mcu.externaltools.gnu-tools-for-stm32.9-2020-q2-update.win32_2.0.0.202105311346/tools/bin/../lib/gcc/arm-none-eabi/9.3.1/../../../../arm-none-eabi/lib/thumb/v7e-m/nofp\libm.a
END GROUP
START GROUP
LOAD c:/st/stm32cubeide_1.7.0/stm32cubeide/plugins/com.st.stm32cube.ide.mcu.externaltools.gnu-tools-for-stm32.9-2020-q2-update.win32_2.0.0.202105311346/tools/bin/../lib/gcc/arm-none-eabi/9.3.1/thumb/v7e-m/nofp\libgcc.a
LOAD c:/st/stm32cubeide_1.7.0/stm32cubeide/plugins/com.st.stm32cube.ide.mcu.externaltools.gnu-tools-for-stm32.9-2020-q2-update.win32_2.0.0.202105311346/tools/bin/../lib/gcc/arm-none-eabi/9.3.1/../../../../arm-none-eabi/lib/thumb/v7e-m/nofp\libc_nano.a
END GROUP
START GROUP
LOAD c:/st/stm32cubeide_1.7.0/stm32cubeide/plugins/com.st.stm32cube.ide.mcu.externaltools.gnu-tools-for-stm32.9-2020-q2-update.win32_2.0.0.202105311346/tools/bin/../lib/gcc/arm-none-eabi/9.3.1/thumb/v7e-m/nofp\libgcc.a
LOAD c:/st/stm32cubeide_1.7.0/stm32cubeide/plugins/com.st.stm32cube.ide.mcu.externaltools.gnu-tools-for-stm32.9-2020-q2-update.win32_2.0.0.202105311346/tools/bin/../lib/gcc/arm-none-eabi/9.3.1/../../../../arm-none-eabi/lib/thumb/v7e-m/nofp\libc_nano.a
LOAD c:/st/stm32cubeide_1.7.0/stm32cubeide/plugins/com.st.stm32cube.ide.mcu.externaltools.gnu-tools-for-stm32.9-2020-q2-update.win32_2.0.0.202105311346/tools/bin/../lib/gcc/arm-none-eabi/9.3.1/../../../../arm-none-eabi/lib/thumb/v7e-m/nofp\libnosys.a
END GROUP
START GROUP
LOAD c:/st/stm32cubeide_1.7.0/stm32cubeide/plugins/com.st.stm32cube.ide.mcu.externaltools.gnu-tools-for-stm32.9-2020-q2-update.win32_2.0.0.202105311346/tools/bin/../lib/gcc/arm-none-eabi/9.3.1/thumb/v7e-m/nofp\libgcc.a
LOAD c:/st/stm32cubeide_1.7.0/stm32cubeide/plugins/com.st.stm32cube.ide.mcu.externaltools.gnu-tools-for-stm32.9-2020-q2-update.win32_2.0.0.202105311346/tools/bin/../lib/gcc/arm-none-eabi/9.3.1/../../../../arm-none-eabi/lib/thumb/v7e-m/nofp\libc_nano.a
LOAD c:/st/stm32cubeide_1.7.0/stm32cubeide/plugins/com.st.stm32cube.ide.mcu.externaltools.gnu-tools-for-stm32.9-2020-q2-update.win32_2.0.0.202105311346/tools/bin/../lib/gcc/arm-none-eabi/9.3.1/../../../../arm-none-eabi/lib/thumb/v7e-m/nofp\libnosys.a
END GROUP
LOAD c:/st/stm32cubeide_1.7.0/stm32cubeide/plugins/com.st.stm32cube.ide.mcu.externaltools.gnu-tools-for-stm32.9-2020-q2-update.win32_2.0.0.202105311346/tools/bin/../lib/gcc/arm-none-eabi/9.3.1/thumb/v7e-m/nofp/crtend.o
LOAD c:/st/stm32cubeide_1.7.0/stm32cubeide/plugins/com.st.stm32cube.ide.mcu.externaltools.gnu-tools-for-stm32.9-2020-q2-update.win32_2.0.0.202105311346/tools/bin/../lib/gcc/arm-none-eabi/9.3.1/thumb/v7e-m/nofp/crtn.o
                0x0000000020020000                _estack = 0x20020000
                0x0000000000000000                _Min_Heap_Size = 0x0
                0x0000000000000400                _Min_Stack_Size = 0x400

.isr_vector     0x0000000008000000      0x198
                0x0000000008000000                . = ALIGN (0x4)
 *(.isr_vector)
 .isr_vector    0x0000000008000000      0x198 ./startup_stm32f411xe.o
                0x0000000008000000                g_pfnVectors
                0x0000000008000198                . = ALIGN (0x4)

.text           0x0000000008000198     0x1110
                0x0000000008000198                . = ALIGN (0x4)
 *(.text)
 .text          0x0000000008000198       0x40 c:/st/stm32cubeide_1.7.0/stm32cubeide/plugins/com.st.stm32cube.ide.mcu.externaltools.gnu-tools-for-stm32.9-2020-q2-update.win32_2.0.0.202105311346/tools/bin/../lib/gcc/arm-none-eabi/9.3.1/thumb/v7e-m/nofp/crtbegin.o
 *(.text*)
 .text.SystemInit
                0x00000000080001d8       0x5c ./CMSIS/src/system_stm32f4xx.o
                0x00000000080001d8                SystemInit
 .text.SystemCoreClockUpdate
                0x0000000008000234      0x100 ./CMSIS/src/system_stm32f4xx.o
                0x0000000008000234                SystemCoreClockUpdate
 .text.I2C1_EV_IRQHandler
                0x0000000008000334       0x98 ./Code/src/I2C.o
                0x0000000008000334                I2C1_EV_IRQHandler
 .text.InitTIM3
                0x00000000080003cc       0xe0 ./Code/src/WS2812.o
                0x00000000080003cc                InitTIM3
 .text.InitDMAforTIM3
                0x00000000080004ac       0xc8 ./Code/src/WS2812.o
                0x00000000080004ac                InitDMAforTIM3
 .text.DMA1_Stream4_IRQHandler
                0x0000000008000574       0xc8 ./Code/src/WS2812.o
                0x0000000008000574                DMA1_Stream4_IRQHandler
 .text.InitWS281xFSM
                0x000000000800063c       0x30 ./Code/src/WS2812.o
                0x000000000800063c                InitWS281xFSM
 .text.ProcessWS281xFSM
                0x000000000800066c      0x158 ./Code/src/WS2812.o
                0x000000000800066c                ProcessWS281xFSM
 .text.InsertToRingBufferForDMA
                0x00000000080007c4       0xb4 ./Code/src/WS2812.o
                0x00000000080007c4                InsertToRingBufferForDMA
 .text.InitLedFSM
                0x0000000008000878       0x2c ./Code/src/ledFSM.o
                0x0000000008000878                InitLedFSM
 .text.ProcessLedFSM
                0x00000000080008a4       0xdc ./Code/src/ledFSM.o
                0x00000000080008a4                ProcessLedFSM
 .text.main     0x0000000008000980       0x70 ./Code/src/main.o
                0x0000000008000980                main
 .text.InitMessage
                0x00000000080009f0       0x64 ./Code/src/messages.o
                0x00000000080009f0                InitMessage
 .text.SendMessage
                0x0000000008000a54       0x70 ./Code/src/messages.o
                0x0000000008000a54                SendMessage
 .text.ProcessMessage
                0x0000000008000ac4       0xd8 ./Code/src/messages.o
                0x0000000008000ac4                ProcessMessage
 .text.GetMessage
                0x0000000008000b9c       0x44 ./Code/src/messages.o
                0x0000000008000b9c                GetMessage
 .text.USART6_IRQHandler
                0x0000000008000be0       0x70 ./Code/src/modbus.o
                0x0000000008000be0                USART6_IRQHandler
 .text.DMA2_Stream7_IRQHandler
                0x0000000008000c50       0x34 ./Code/src/modbus.o
                0x0000000008000c50                DMA2_Stream7_IRQHandler
 .text.__NVIC_SetPriorityGrouping
                0x0000000008000c84       0x48 ./Code/src/system.o
 .text.__NVIC_EnableIRQ
                0x0000000008000ccc       0x38 ./Code/src/system.o
 .text.__NVIC_SetPriority
                0x0000000008000d04       0x54 ./Code/src/system.o
 .text.NVIC_EncodePriority
                0x0000000008000d58       0x64 ./Code/src/system.o
 .text.InitRCC  0x0000000008000dbc      0x14c ./Code/src/system.o
                0x0000000008000dbc                InitRCC
 .text.UpdateNVICActiveAndPriority
                0x0000000008000f08       0x42 ./Code/src/system.o
                0x0000000008000f08                UpdateNVICActiveAndPriority
 *fill*         0x0000000008000f4a        0x2 
 .text.InitGPIO
                0x0000000008000f4c      0x110 ./Code/src/system.o
                0x0000000008000f4c                InitGPIO
 .text.InitTIM10
                0x000000000800105c       0x68 ./Code/src/virtualTimers.o
                0x000000000800105c                InitTIM10
 .text.TIM1_UP_TIM10_IRQHandler
                0x00000000080010c4       0x88 ./Code/src/virtualTimers.o
                0x00000000080010c4                TIM1_UP_TIM10_IRQHandler
 .text.InitGTimer
                0x000000000800114c       0x30 ./Code/src/virtualTimers.o
                0x000000000800114c                InitGTimer
 .text.StartGTimer
                0x000000000800117c       0x38 ./Code/src/virtualTimers.o
                0x000000000800117c                StartGTimer
 .text.StopGTimer
                0x00000000080011b4       0x20 ./Code/src/virtualTimers.o
                0x00000000080011b4                StopGTimer
 .text.GetGTimerVal
                0x00000000080011d4       0x20 ./Code/src/virtualTimers.o
                0x00000000080011d4                GetGTimerVal
 .text.Reset_Handler
                0x00000000080011f4       0x50 ./startup_stm32f411xe.o
                0x00000000080011f4                Reset_Handler
 .text.Default_Handler
                0x0000000008001244        0x2 ./startup_stm32f411xe.o
                0x0000000008001244                RTC_Alarm_IRQHandler
                0x0000000008001244                EXTI2_IRQHandler
                0x0000000008001244                DebugMon_Handler
                0x0000000008001244                SPI4_IRQHandler
                0x0000000008001244                TIM1_CC_IRQHandler
                0x0000000008001244                DMA2_Stream5_IRQHandler
                0x0000000008001244                HardFault_Handler
                0x0000000008001244                DMA1_Stream5_IRQHandler
                0x0000000008001244                SysTick_Handler
                0x0000000008001244                PVD_IRQHandler
                0x0000000008001244                SDIO_IRQHandler
                0x0000000008001244                TAMP_STAMP_IRQHandler
                0x0000000008001244                PendSV_Handler
                0x0000000008001244                NMI_Handler
                0x0000000008001244                EXTI3_IRQHandler
                0x0000000008001244                I2C3_ER_IRQHandler
                0x0000000008001244                EXTI0_IRQHandler
                0x0000000008001244                I2C2_EV_IRQHandler
                0x0000000008001244                DMA1_Stream2_IRQHandler
                0x0000000008001244                FPU_IRQHandler
                0x0000000008001244                UsageFault_Handler
                0x0000000008001244                DMA2_Stream2_IRQHandler
                0x0000000008001244                SPI1_IRQHandler
                0x0000000008001244                TIM1_BRK_TIM9_IRQHandler
                0x0000000008001244                DMA2_Stream3_IRQHandler
                0x0000000008001244                DMA2_Stream0_IRQHandler
                0x0000000008001244                TIM4_IRQHandler
                0x0000000008001244                DMA1_Stream6_IRQHandler
                0x0000000008001244                DMA1_Stream1_IRQHandler
                0x0000000008001244                TIM3_IRQHandler
                0x0000000008001244                RCC_IRQHandler
                0x0000000008001244                Default_Handler
                0x0000000008001244                EXTI15_10_IRQHandler
                0x0000000008001244                ADC_IRQHandler
                0x0000000008001244                DMA1_Stream7_IRQHandler
                0x0000000008001244                SPI5_IRQHandler
                0x0000000008001244                TIM5_IRQHandler
                0x0000000008001244                I2C3_EV_IRQHandler
                0x0000000008001244                EXTI9_5_IRQHandler
                0x0000000008001244                RTC_WKUP_IRQHandler
                0x0000000008001244                SPI2_IRQHandler
                0x0000000008001244                MemManage_Handler
                0x0000000008001244                DMA1_Stream0_IRQHandler
                0x0000000008001244                SVC_Handler
                0x0000000008001244                EXTI4_IRQHandler
                0x0000000008001244                WWDG_IRQHandler
                0x0000000008001244                TIM2_IRQHandler
                0x0000000008001244                OTG_FS_WKUP_IRQHandler
                0x0000000008001244                TIM1_TRG_COM_TIM11_IRQHandler
                0x0000000008001244                EXTI1_IRQHandler
                0x0000000008001244                USART2_IRQHandler
                0x0000000008001244                I2C2_ER_IRQHandler
                0x0000000008001244                DMA2_Stream1_IRQHandler
                0x0000000008001244                FLASH_IRQHandler
                0x0000000008001244                DMA2_Stream4_IRQHandler
                0x0000000008001244                BusFault_Handler
                0x0000000008001244                USART1_IRQHandler
                0x0000000008001244                OTG_FS_IRQHandler
                0x0000000008001244                SPI3_IRQHandler
                0x0000000008001244                I2C1_ER_IRQHandler
                0x0000000008001244                DMA2_Stream6_IRQHandler
                0x0000000008001244                DMA1_Stream3_IRQHandler
 *fill*         0x0000000008001246        0x2 
 .text.__libc_init_array
                0x0000000008001248       0x48 c:/st/stm32cubeide_1.7.0/stm32cubeide/plugins/com.st.stm32cube.ide.mcu.externaltools.gnu-tools-for-stm32.9-2020-q2-update.win32_2.0.0.202105311346/tools/bin/../lib/gcc/arm-none-eabi/9.3.1/../../../../arm-none-eabi/lib/thumb/v7e-m/nofp\libc_nano.a(lib_a-init.o)
                0x0000000008001248                __libc_init_array
 *(.glue_7)
 .glue_7        0x0000000008001290        0x0 linker stubs
 *(.glue_7t)
 .glue_7t       0x0000000008001290        0x0 linker stubs
 *(.eh_frame)
 .eh_frame      0x0000000008001290        0x0 c:/st/stm32cubeide_1.7.0/stm32cubeide/plugins/com.st.stm32cube.ide.mcu.externaltools.gnu-tools-for-stm32.9-2020-q2-update.win32_2.0.0.202105311346/tools/bin/../lib/gcc/arm-none-eabi/9.3.1/thumb/v7e-m/nofp/crtbegin.o
 *(.init)
 .init          0x0000000008001290        0x4 c:/st/stm32cubeide_1.7.0/stm32cubeide/plugins/com.st.stm32cube.ide.mcu.externaltools.gnu-tools-for-stm32.9-2020-q2-update.win32_2.0.0.202105311346/tools/bin/../lib/gcc/arm-none-eabi/9.3.1/thumb/v7e-m/nofp/crti.o
                0x0000000008001290                _init
 .init          0x0000000008001294        0x8 c:/st/stm32cubeide_1.7.0/stm32cubeide/plugins/com.st.stm32cube.ide.mcu.externaltools.gnu-tools-for-stm32.9-2020-q2-update.win32_2.0.0.202105311346/tools/bin/../lib/gcc/arm-none-eabi/9.3.1/thumb/v7e-m/nofp/crtn.o
 *(.fini)
 .fini          0x000000000800129c        0x4 c:/st/stm32cubeide_1.7.0/stm32cubeide/plugins/com.st.stm32cube.ide.mcu.externaltools.gnu-tools-for-stm32.9-2020-q2-update.win32_2.0.0.202105311346/tools/bin/../lib/gcc/arm-none-eabi/9.3.1/thumb/v7e-m/nofp/crti.o
                0x000000000800129c                _fini
 .fini          0x00000000080012a0        0x8 c:/st/stm32cubeide_1.7.0/stm32cubeide/plugins/com.st.stm32cube.ide.mcu.externaltools.gnu-tools-for-stm32.9-2020-q2-update.win32_2.0.0.202105311346/tools/bin/../lib/gcc/arm-none-eabi/9.3.1/thumb/v7e-m/nofp/crtn.o
                0x00000000080012a8                . = ALIGN (0x4)
                0x00000000080012a8                _etext = .

.vfp11_veneer   0x00000000080012a8        0x0
 .vfp11_veneer  0x00000000080012a8        0x0 linker stubs

.v4_bx          0x00000000080012a8        0x0
 .v4_bx         0x00000000080012a8        0x0 linker stubs

.iplt           0x00000000080012a8        0x0
 .iplt          0x00000000080012a8        0x0 c:/st/stm32cubeide_1.7.0/stm32cubeide/plugins/com.st.stm32cube.ide.mcu.externaltools.gnu-tools-for-stm32.9-2020-q2-update.win32_2.0.0.202105311346/tools/bin/../lib/gcc/arm-none-eabi/9.3.1/thumb/v7e-m/nofp/crtbegin.o

.rodata         0x00000000080012a8       0x10
                0x00000000080012a8                . = ALIGN (0x4)
 *(.rodata)
 *(.rodata*)
 .rodata.AHBPrescTable
                0x00000000080012a8       0x10 ./CMSIS/src/system_stm32f4xx.o
                0x00000000080012a8                AHBPrescTable
                0x00000000080012b8                . = ALIGN (0x4)

.rel.dyn        0x00000000080012b8        0x0
 .rel.iplt      0x00000000080012b8        0x0 c:/st/stm32cubeide_1.7.0/stm32cubeide/plugins/com.st.stm32cube.ide.mcu.externaltools.gnu-tools-for-stm32.9-2020-q2-update.win32_2.0.0.202105311346/tools/bin/../lib/gcc/arm-none-eabi/9.3.1/thumb/v7e-m/nofp/crtbegin.o

.ARM.extab
 *(.ARM.extab* .gnu.linkonce.armextab.*)

.ARM            0x00000000080012b8        0x0
                0x00000000080012b8                __exidx_start = .
 *(.ARM.exidx*)
                0x00000000080012b8                __exidx_end = .

.preinit_array  0x00000000080012b8        0x0
                0x00000000080012b8                PROVIDE (__preinit_array_start = .)
 *(.preinit_array*)
                0x00000000080012b8                PROVIDE (__preinit_array_end = .)

.init_array     0x00000000080012b8        0x4
                0x00000000080012b8                PROVIDE (__init_array_start = .)
 *(SORT_BY_NAME(.init_array.*))
 *(.init_array*)
 .init_array    0x00000000080012b8        0x4 c:/st/stm32cubeide_1.7.0/stm32cubeide/plugins/com.st.stm32cube.ide.mcu.externaltools.gnu-tools-for-stm32.9-2020-q2-update.win32_2.0.0.202105311346/tools/bin/../lib/gcc/arm-none-eabi/9.3.1/thumb/v7e-m/nofp/crtbegin.o
                0x00000000080012bc                PROVIDE (__init_array_end = .)

.fini_array     0x00000000080012bc        0x4
                [!provide]                        PROVIDE (__fini_array_start = .)
 *(SORT_BY_NAME(.fini_array.*))
 *(.fini_array*)
 .fini_array    0x00000000080012bc        0x4 c:/st/stm32cubeide_1.7.0/stm32cubeide/plugins/com.st.stm32cube.ide.mcu.externaltools.gnu-tools-for-stm32.9-2020-q2-update.win32_2.0.0.202105311346/tools/bin/../lib/gcc/arm-none-eabi/9.3.1/thumb/v7e-m/nofp/crtbegin.o
                [!provide]                        PROVIDE (__fini_array_end = .)
                0x00000000080012c0                _sidata = LOADADDR (.data)

.data           0x0000000020000000        0xc load address 0x00000000080012c0
                0x0000000020000000                . = ALIGN (0x4)
                0x0000000020000000                _sdata = .
 *(.data)
 *(.data*)
 .data.SystemCoreClock
                0x0000000020000000        0x4 ./CMSIS/src/system_stm32f4xx.o
                0x0000000020000000                SystemCoreClock
 .data.Red      0x0000000020000004        0x3 ./Code/src/WS2812.o
                0x0000000020000004                Red
 *fill*         0x0000000020000007        0x1 
 .data.Green    0x0000000020000008        0x3 ./Code/src/WS2812.o
                0x0000000020000008                Green
                0x000000002000000c                . = ALIGN (0x4)
 *fill*         0x000000002000000b        0x1 
                0x000000002000000c                _edata = .

.igot.plt       0x000000002000000c        0x0 load address 0x00000000080012cc
 .igot.plt      0x000000002000000c        0x0 c:/st/stm32cubeide_1.7.0/stm32cubeide/plugins/com.st.stm32cube.ide.mcu.externaltools.gnu-tools-for-stm32.9-2020-q2-update.win32_2.0.0.202105311346/tools/bin/../lib/gcc/arm-none-eabi/9.3.1/thumb/v7e-m/nofp/crtbegin.o
                0x000000002000000c                . = ALIGN (0x4)

.bss            0x000000002000000c     0x2434 load address 0x00000000080012cc
                0x000000002000000c                _sbss = .
                0x000000002000000c                __bss_start__ = _sbss
 *(.bss)
 .bss           0x000000002000000c       0x1c c:/st/stm32cubeide_1.7.0/stm32cubeide/plugins/com.st.stm32cube.ide.mcu.externaltools.gnu-tools-for-stm32.9-2020-q2-update.win32_2.0.0.202105311346/tools/bin/../lib/gcc/arm-none-eabi/9.3.1/thumb/v7e-m/nofp/crtbegin.o
 *(.bss*)
 .bss.Black     0x0000000020000028        0x3 ./Code/src/WS2812.o
                0x0000000020000028                Black
 *(COMMON)
 *fill*         0x000000002000002b        0x1 
 COMMON         0x000000002000002c       0x50 ./Code/src/I2C.o
                0x000000002000002c                i2cEntry
                0x000000002000002d                I2C1NumberOfTransaction
                0x000000002000002e                _i2cSendStates
                0x0000000020000030                I2C1Data
                0x0000000020000076                I2C1CurrentBuferItem
                0x0000000020000078                i2cSendStates
                0x000000002000007a                I2C1SendBuferLenght
 COMMON         0x000000002000007c     0x20dc ./Code/src/WS2812.o
                0x000000002000007c                entryWS281x
                0x0000000020000080                DmaBufer0
                0x00000000200000b0                Bufer1Pointer
                0x00000000200000b4                LedStrip
                0x0000000020000134                BufferDMAforWS
                0x0000000020002114                RingBufferWS281x
                0x000000002000211c                stateWS281x
                0x000000002000211d                Bufer0Pointer
                0x0000000020002120                SendLed
                0x0000000020002124                _stateWS281x
                0x0000000020002128                DmaBufer1
 COMMON         0x0000000020002158        0x3 ./Code/src/ledFSM.o
                0x0000000020002158                statePis
                0x0000000020002159                entryPis1
                0x000000002000215a                _statePis
 *fill*         0x000000002000215b        0x1 
 COMMON         0x000000002000215c       0xb4 ./Code/src/messages.o
                0x000000002000215c                Messages
 COMMON         0x0000000020002210      0x212 ./Code/src/modbus.o
                0x0000000020002210                entry
                0x0000000020002211                _stateMessageGenSlave
                0x0000000020002212                _state
                0x0000000020002214                CRCVal
                0x0000000020002216                state
                0x0000000020002217                stateMessageGenSlave
                0x0000000020002218                _CurrentItemOfBuf
                0x000000002000221c                ModbusSendData
                0x000000002000231c                CRCRecVal
                0x0000000020002320                ModbusData
                0x0000000020002420                CurrentItemOfBuf
                0x0000000020002421                entryMessageGenSlave
 *fill*         0x0000000020002422        0x2 
 COMMON         0x0000000020002424       0x1a ./Code/src/virtualTimers.o
                0x0000000020002424                MRTUcount
                0x0000000020002428                GTimerVal
                0x0000000020002438                GTimerState
                0x000000002000243c                ReceptionStatus
                0x0000000020002440                . = ALIGN (0x4)
 *fill*         0x000000002000243e        0x2 
                0x0000000020002440                _ebss = .
                0x0000000020002440                __bss_end__ = _ebss

._user_heap_stack
                0x0000000020002440      0x400 load address 0x00000000080012cc
                0x0000000020002440                . = ALIGN (0x4)
                [!provide]                        PROVIDE (end = .)
                [!provide]                        PROVIDE (_end = .)
                0x0000000020002440                . = (. + _Min_Heap_Size)
                0x0000000020002840                . = (. + _Min_Stack_Size)
 *fill*         0x0000000020002440      0x400 
                0x0000000020002840                . = ALIGN (0x4)

.memory_b1_text
 *(.mb1text)
 *(.mb1text*)
 *(.mb1rodata)
 *(.mb1rodata*)

/DISCARD/
 libc.a(*)
 libm.a(*)
 libgcc.a(*)

.ARM.attributes
                0x0000000000000000       0x2a
 *(.ARM.attributes)
 .ARM.attributes
                0x0000000000000000       0x1e c:/st/stm32cubeide_1.7.0/stm32cubeide/plugins/com.st.stm32cube.ide.mcu.externaltools.gnu-tools-for-stm32.9-2020-q2-update.win32_2.0.0.202105311346/tools/bin/../lib/gcc/arm-none-eabi/9.3.1/thumb/v7e-m/nofp/crti.o
 .ARM.attributes
                0x000000000000001e       0x2e c:/st/stm32cubeide_1.7.0/stm32cubeide/plugins/com.st.stm32cube.ide.mcu.externaltools.gnu-tools-for-stm32.9-2020-q2-update.win32_2.0.0.202105311346/tools/bin/../lib/gcc/arm-none-eabi/9.3.1/thumb/v7e-m/nofp/crtbegin.o
 .ARM.attributes
                0x000000000000004c       0x2e ./CMSIS/src/system_stm32f4xx.o
 .ARM.attributes
                0x000000000000007a       0x2e ./Code/src/I2C.o
 .ARM.attributes
                0x00000000000000a8       0x2e ./Code/src/WS2812.o
 .ARM.attributes
                0x00000000000000d6       0x2e ./Code/src/ledFSM.o
 .ARM.attributes
                0x0000000000000104       0x2e ./Code/src/main.o
 .ARM.attributes
                0x0000000000000132       0x2e ./Code/src/messages.o
 .ARM.attributes
                0x0000000000000160       0x2e ./Code/src/modbus.o
 .ARM.attributes
                0x000000000000018e       0x2e ./Code/src/system.o
 .ARM.attributes
                0x00000000000001bc       0x2e ./Code/src/virtualTimers.o
 .ARM.attributes
                0x00000000000001ea       0x21 ./startup_stm32f411xe.o
 .ARM.attributes
                0x000000000000020b       0x2e c:/st/stm32cubeide_1.7.0/stm32cubeide/plugins/com.st.stm32cube.ide.mcu.externaltools.gnu-tools-for-stm32.9-2020-q2-update.win32_2.0.0.202105311346/tools/bin/../lib/gcc/arm-none-eabi/9.3.1/../../../../arm-none-eabi/lib/thumb/v7e-m/nofp\libc_nano.a(lib_a-init.o)
 .ARM.attributes
                0x0000000000000239       0x1e c:/st/stm32cubeide_1.7.0/stm32cubeide/plugins/com.st.stm32cube.ide.mcu.externaltools.gnu-tools-for-stm32.9-2020-q2-update.win32_2.0.0.202105311346/tools/bin/../lib/gcc/arm-none-eabi/9.3.1/thumb/v7e-m/nofp/crtn.o
OUTPUT(My Libraries.elf elf32-littlearm)
LOAD linker stubs
LOAD c:/st/stm32cubeide_1.7.0/stm32cubeide/plugins/com.st.stm32cube.ide.mcu.externaltools.gnu-tools-for-stm32.9-2020-q2-update.win32_2.0.0.202105311346/tools/bin/../lib/gcc/arm-none-eabi/9.3.1/../../../../arm-none-eabi/lib/thumb/v7e-m/nofp\libc.a
LOAD c:/st/stm32cubeide_1.7.0/stm32cubeide/plugins/com.st.stm32cube.ide.mcu.externaltools.gnu-tools-for-stm32.9-2020-q2-update.win32_2.0.0.202105311346/tools/bin/../lib/gcc/arm-none-eabi/9.3.1/../../../../arm-none-eabi/lib/thumb/v7e-m/nofp\libm.a
LOAD c:/st/stm32cubeide_1.7.0/stm32cubeide/plugins/com.st.stm32cube.ide.mcu.externaltools.gnu-tools-for-stm32.9-2020-q2-update.win32_2.0.0.202105311346/tools/bin/../lib/gcc/arm-none-eabi/9.3.1/thumb/v7e-m/nofp\libgcc.a

.debug_info     0x0000000000000000     0x32a7
 .debug_info    0x0000000000000000      0x572 ./CMSIS/src/system_stm32f4xx.o
 .debug_info    0x0000000000000572      0x5ba ./Code/src/I2C.o
 .debug_info    0x0000000000000b2c      0x8ea ./Code/src/WS2812.o
 .debug_info    0x0000000000001416      0x227 ./Code/src/ledFSM.o
 .debug_info    0x000000000000163d      0x1e3 ./Code/src/main.o
 .debug_info    0x0000000000001820      0x24f ./Code/src/messages.o
 .debug_info    0x0000000000001a6f      0x7be ./Code/src/modbus.o
 .debug_info    0x000000000000222d      0xa53 ./Code/src/system.o
 .debug_info    0x0000000000002c80      0x605 ./Code/src/virtualTimers.o
 .debug_info    0x0000000000003285       0x22 ./startup_stm32f411xe.o

.debug_abbrev   0x0000000000000000      0xcc7
 .debug_abbrev  0x0000000000000000      0x129 ./CMSIS/src/system_stm32f4xx.o
 .debug_abbrev  0x0000000000000129      0x150 ./Code/src/I2C.o
 .debug_abbrev  0x0000000000000279      0x1db ./Code/src/WS2812.o
 .debug_abbrev  0x0000000000000454      0x109 ./Code/src/ledFSM.o
 .debug_abbrev  0x000000000000055d       0xde ./Code/src/main.o
 .debug_abbrev  0x000000000000063b      0x147 ./Code/src/messages.o
 .debug_abbrev  0x0000000000000782      0x1fe ./Code/src/modbus.o
 .debug_abbrev  0x0000000000000980      0x1c5 ./Code/src/system.o
 .debug_abbrev  0x0000000000000b45      0x170 ./Code/src/virtualTimers.o
 .debug_abbrev  0x0000000000000cb5       0x12 ./startup_stm32f411xe.o

.debug_aranges  0x0000000000000000      0x268
 .debug_aranges
                0x0000000000000000       0x28 ./CMSIS/src/system_stm32f4xx.o
 .debug_aranges
                0x0000000000000028       0x48 ./Code/src/I2C.o
 .debug_aranges
                0x0000000000000070       0x48 ./Code/src/WS2812.o
 .debug_aranges
                0x00000000000000b8       0x28 ./Code/src/ledFSM.o
 .debug_aranges
                0x00000000000000e0       0x20 ./Code/src/main.o
 .debug_aranges
                0x0000000000000100       0x38 ./Code/src/messages.o
 .debug_aranges
                0x0000000000000138       0x60 ./Code/src/modbus.o
 .debug_aranges
                0x0000000000000198       0x50 ./Code/src/system.o
 .debug_aranges
                0x00000000000001e8       0x58 ./Code/src/virtualTimers.o
 .debug_aranges
                0x0000000000000240       0x28 ./startup_stm32f411xe.o

.debug_ranges   0x0000000000000000      0x1d0
 .debug_ranges  0x0000000000000000       0x18 ./CMSIS/src/system_stm32f4xx.o
 .debug_ranges  0x0000000000000018       0x38 ./Code/src/I2C.o
 .debug_ranges  0x0000000000000050       0x38 ./Code/src/WS2812.o
 .debug_ranges  0x0000000000000088       0x18 ./Code/src/ledFSM.o
 .debug_ranges  0x00000000000000a0       0x10 ./Code/src/main.o
 .debug_ranges  0x00000000000000b0       0x28 ./Code/src/messages.o
 .debug_ranges  0x00000000000000d8       0x50 ./Code/src/modbus.o
 .debug_ranges  0x0000000000000128       0x40 ./Code/src/system.o
 .debug_ranges  0x0000000000000168       0x48 ./Code/src/virtualTimers.o
 .debug_ranges  0x00000000000001b0       0x20 ./startup_stm32f411xe.o

.debug_macro    0x0000000000000000     0xe602
 .debug_macro   0x0000000000000000       0xe0 ./CMSIS/src/system_stm32f4xx.o
 .debug_macro   0x00000000000000e0      0xa8a ./CMSIS/src/system_stm32f4xx.o
 .debug_macro   0x0000000000000b6a       0x38 ./CMSIS/src/system_stm32f4xx.o
 .debug_macro   0x0000000000000ba2       0x28 ./CMSIS/src/system_stm32f4xx.o
 .debug_macro   0x0000000000000bca       0x22 ./CMSIS/src/system_stm32f4xx.o
 .debug_macro   0x0000000000000bec       0x8e ./CMSIS/src/system_stm32f4xx.o
 .debug_macro   0x0000000000000c7a       0x51 ./CMSIS/src/system_stm32f4xx.o
 .debug_macro   0x0000000000000ccb      0x103 ./CMSIS/src/system_stm32f4xx.o
 .debug_macro   0x0000000000000dce       0x6a ./CMSIS/src/system_stm32f4xx.o
 .debug_macro   0x0000000000000e38      0x1df ./CMSIS/src/system_stm32f4xx.o
 .debug_macro   0x0000000000001017       0x1c ./CMSIS/src/system_stm32f4xx.o
 .debug_macro   0x0000000000001033       0x22 ./CMSIS/src/system_stm32f4xx.o
 .debug_macro   0x0000000000001055       0xdf ./CMSIS/src/system_stm32f4xx.o
 .debug_macro   0x0000000000001134     0x102d ./CMSIS/src/system_stm32f4xx.o
 .debug_macro   0x0000000000002161      0x11f ./CMSIS/src/system_stm32f4xx.o
 .debug_macro   0x0000000000002280     0xb93e ./CMSIS/src/system_stm32f4xx.o
 .debug_macro   0x000000000000dbbe       0x43 ./CMSIS/src/system_stm32f4xx.o
 .debug_macro   0x000000000000dc01       0xe7 ./Code/src/I2C.o
 .debug_macro   0x000000000000dce8       0x64 ./Code/src/I2C.o
 .debug_macro   0x000000000000dd4c       0x4c ./Code/src/I2C.o
 .debug_macro   0x000000000000dd98       0x10 ./Code/src/I2C.o
 .debug_macro   0x000000000000dda8       0xe7 ./Code/src/WS2812.o
 .debug_macro   0x000000000000de8f       0x22 ./Code/src/WS2812.o
 .debug_macro   0x000000000000deb1       0xe2 ./Code/src/ledFSM.o
 .debug_macro   0x000000000000df93      0x1ac ./Code/src/main.o
 .debug_macro   0x000000000000e13f       0xb2 ./Code/src/main.o
 .debug_macro   0x000000000000e1f1       0xc8 ./Code/src/messages.o
 .debug_macro   0x000000000000e2b9      0x136 ./Code/src/modbus.o
 .debug_macro   0x000000000000e3ef      0x13e ./Code/src/system.o
 .debug_macro   0x000000000000e52d       0xd5 ./Code/src/virtualTimers.o

.debug_line     0x0000000000000000     0x380d
 .debug_line    0x0000000000000000      0x512 ./CMSIS/src/system_stm32f4xx.o
 .debug_line    0x0000000000000512      0x672 ./Code/src/I2C.o
 .debug_line    0x0000000000000b84      0x715 ./Code/src/WS2812.o
 .debug_line    0x0000000000001299      0x543 ./Code/src/ledFSM.o
 .debug_line    0x00000000000017dc      0x52f ./Code/src/main.o
 .debug_line    0x0000000000001d0b      0x582 ./Code/src/messages.o
 .debug_line    0x000000000000228d      0x874 ./Code/src/modbus.o
 .debug_line    0x0000000000002b01      0x6a3 ./Code/src/system.o
 .debug_line    0x00000000000031a4      0x5f2 ./Code/src/virtualTimers.o
 .debug_line    0x0000000000003796       0x77 ./startup_stm32f411xe.o

.debug_str      0x0000000000000000    0x5073a
 .debug_str     0x0000000000000000    0x4f6d1 ./CMSIS/src/system_stm32f4xx.o
                                      0x4f852 (size before relaxing)
 .debug_str     0x000000000004f6d1      0x359 ./Code/src/I2C.o
                                      0x4f7bf (size before relaxing)
 .debug_str     0x000000000004fa2a      0x23f ./Code/src/WS2812.o
                                      0x4f8db (size before relaxing)
 .debug_str     0x000000000004fc69       0x42 ./Code/src/ledFSM.o
                                      0x4f5a7 (size before relaxing)
 .debug_str     0x000000000004fcab      0x2de ./Code/src/main.o
                                      0x4f8a4 (size before relaxing)
 .debug_str     0x000000000004ff89       0x7c ./Code/src/messages.o
                                      0x4f51c (size before relaxing)
 .debug_str     0x0000000000050005      0x1b5 ./Code/src/modbus.o
                                      0x4fba2 (size before relaxing)
 .debug_str     0x00000000000501ba      0x4bc ./Code/src/system.o
                                      0x4febc (size before relaxing)
 .debug_str     0x0000000000050676       0x9d ./Code/src/virtualTimers.o
                                      0x4f752 (size before relaxing)
 .debug_str     0x0000000000050713       0x27 ./startup_stm32f411xe.o
                                         0x6a (size before relaxing)

.comment        0x0000000000000000       0x53
 .comment       0x0000000000000000       0x53 ./CMSIS/src/system_stm32f4xx.o
                                         0x54 (size before relaxing)
 .comment       0x0000000000000053       0x54 ./Code/src/I2C.o
 .comment       0x0000000000000053       0x54 ./Code/src/WS2812.o
 .comment       0x0000000000000053       0x54 ./Code/src/ledFSM.o
 .comment       0x0000000000000053       0x54 ./Code/src/main.o
 .comment       0x0000000000000053       0x54 ./Code/src/messages.o
 .comment       0x0000000000000053       0x54 ./Code/src/modbus.o
 .comment       0x0000000000000053       0x54 ./Code/src/system.o
 .comment       0x0000000000000053       0x54 ./Code/src/virtualTimers.o

.debug_frame    0x0000000000000000      0x6e8
 .debug_frame   0x0000000000000000       0x58 ./CMSIS/src/system_stm32f4xx.o
 .debug_frame   0x0000000000000058       0xd4 ./Code/src/I2C.o
 .debug_frame   0x000000000000012c       0xd8 ./Code/src/WS2812.o
 .debug_frame   0x0000000000000204       0x4c ./Code/src/ledFSM.o
 .debug_frame   0x0000000000000250       0x2c ./Code/src/main.o
 .debug_frame   0x000000000000027c       0xb0 ./Code/src/messages.o
 .debug_frame   0x000000000000032c      0x144 ./Code/src/modbus.o
 .debug_frame   0x0000000000000470      0x108 ./Code/src/system.o
 .debug_frame   0x0000000000000578      0x144 ./Code/src/virtualTimers.o
 .debug_frame   0x00000000000006bc       0x2c c:/st/stm32cubeide_1.7.0/stm32cubeide/plugins/com.st.stm32cube.ide.mcu.externaltools.gnu-tools-for-stm32.9-2020-q2-update.win32_2.0.0.202105311346/tools/bin/../lib/gcc/arm-none-eabi/9.3.1/../../../../arm-none-eabi/lib/thumb/v7e-m/nofp\libc_nano.a(lib_a-init.o)
