Archive member included to satisfy reference by file (symbol)

c:/st/stm32cubeide_1.7.0/stm32cubeide/plugins/com.st.stm32cube.ide.mcu.externaltools.gnu-tools-for-stm32.9-2020-q2-update.win32_2.0.0.202105311346/tools/bin/../lib/gcc/arm-none-eabi/9.3.1/../../../../arm-none-eabi/lib/thumb/v7e-m/nofp\libc_nano.a(lib_a-exit.o)
                              c:/st/stm32cubeide_1.7.0/stm32cubeide/plugins/com.st.stm32cube.ide.mcu.externaltools.gnu-tools-for-stm32.9-2020-q2-update.win32_2.0.0.202105311346/tools/bin/../lib/gcc/arm-none-eabi/9.3.1/../../../../arm-none-eabi/lib/thumb/v7e-m/nofp/crt0.o (exit)
c:/st/stm32cubeide_1.7.0/stm32cubeide/plugins/com.st.stm32cube.ide.mcu.externaltools.gnu-tools-for-stm32.9-2020-q2-update.win32_2.0.0.202105311346/tools/bin/../lib/gcc/arm-none-eabi/9.3.1/../../../../arm-none-eabi/lib/thumb/v7e-m/nofp\libc_nano.a(lib_a-impure.o)
                              c:/st/stm32cubeide_1.7.0/stm32cubeide/plugins/com.st.stm32cube.ide.mcu.externaltools.gnu-tools-for-stm32.9-2020-q2-update.win32_2.0.0.202105311346/tools/bin/../lib/gcc/arm-none-eabi/9.3.1/../../../../arm-none-eabi/lib/thumb/v7e-m/nofp\libc_nano.a(lib_a-exit.o) (_global_impure_ptr)
c:/st/stm32cubeide_1.7.0/stm32cubeide/plugins/com.st.stm32cube.ide.mcu.externaltools.gnu-tools-for-stm32.9-2020-q2-update.win32_2.0.0.202105311346/tools/bin/../lib/gcc/arm-none-eabi/9.3.1/../../../../arm-none-eabi/lib/thumb/v7e-m/nofp\libc_nano.a(lib_a-init.o)
                              c:/st/stm32cubeide_1.7.0/stm32cubeide/plugins/com.st.stm32cube.ide.mcu.externaltools.gnu-tools-for-stm32.9-2020-q2-update.win32_2.0.0.202105311346/tools/bin/../lib/gcc/arm-none-eabi/9.3.1/../../../../arm-none-eabi/lib/thumb/v7e-m/nofp/crt0.o (__libc_init_array)
c:/st/stm32cubeide_1.7.0/stm32cubeide/plugins/com.st.stm32cube.ide.mcu.externaltools.gnu-tools-for-stm32.9-2020-q2-update.win32_2.0.0.202105311346/tools/bin/../lib/gcc/arm-none-eabi/9.3.1/../../../../arm-none-eabi/lib/thumb/v7e-m/nofp\libc_nano.a(lib_a-memset.o)
                              c:/st/stm32cubeide_1.7.0/stm32cubeide/plugins/com.st.stm32cube.ide.mcu.externaltools.gnu-tools-for-stm32.9-2020-q2-update.win32_2.0.0.202105311346/tools/bin/../lib/gcc/arm-none-eabi/9.3.1/../../../../arm-none-eabi/lib/thumb/v7e-m/nofp/crt0.o (memset)
c:/st/stm32cubeide_1.7.0/stm32cubeide/plugins/com.st.stm32cube.ide.mcu.externaltools.gnu-tools-for-stm32.9-2020-q2-update.win32_2.0.0.202105311346/tools/bin/../lib/gcc/arm-none-eabi/9.3.1/../../../../arm-none-eabi/lib/thumb/v7e-m/nofp\libnosys.a(_exit.o)
                              c:/st/stm32cubeide_1.7.0/stm32cubeide/plugins/com.st.stm32cube.ide.mcu.externaltools.gnu-tools-for-stm32.9-2020-q2-update.win32_2.0.0.202105311346/tools/bin/../lib/gcc/arm-none-eabi/9.3.1/../../../../arm-none-eabi/lib/thumb/v7e-m/nofp\libc_nano.a(lib_a-exit.o) (_exit)

Allocating common symbols
Common symbol       size              file

entry               0x1               ./Code/src/modbus.o
MRTUcount           0x2               ./Code/src/virtualTimers.o
_stateMessageGenSlave
                    0x1               ./Code/src/modbus.o
i2cEntry            0x1               ./Code/src/lcd16xx.o
I2C1NumberOfTransaction
                    0x1               ./Code/src/lcd16xx.o
statePis            0x1               ./Code/src/ledFSM.o
_state              0x1               ./Code/src/modbus.o
CRCVal              0x2               ./Code/src/modbus.o
state               0x1               ./Code/src/modbus.o
stateMessageGenSlave
                    0x1               ./Code/src/modbus.o
GTimerVal           0x10              ./Code/src/virtualTimers.o
_lcdStates          0x1               ./Code/src/lcd16xx.o
_CurrentItemOfBuf   0x1               ./Code/src/modbus.o
ModbusSendData      0x100             ./Code/src/modbus.o
_i2cSendStates      0x1               ./Code/src/lcd16xx.o
CRCRecVal           0x2               ./Code/src/modbus.o
I2C1Data            0x64              ./Code/src/lcd16xx.o
ModbusData          0x100             ./Code/src/modbus.o
CurrentItemOfBuf    0x1               ./Code/src/modbus.o
GTimerState         0x4               ./Code/src/virtualTimers.o
lcdStates           0x1               ./Code/src/lcd16xx.o
entryPis1           0x1               ./Code/src/ledFSM.o
i2cSendStates       0x1               ./Code/src/lcd16xx.o
lcdEntry            0x1               ./Code/src/lcd16xx.o
ReceptionStatus     0x2               ./Code/src/virtualTimers.o
Messages            0x1e              ./Code/src/messages.o
I2C1SendBuferLenght
                    0x1               ./Code/src/lcd16xx.o
entryMessageGenSlave
                    0x1               ./Code/src/modbus.o
_statePis           0x1               ./Code/src/ledFSM.o

Discarded input sections

 .text          0x0000000000000000        0x0 c:/st/stm32cubeide_1.7.0/stm32cubeide/plugins/com.st.stm32cube.ide.mcu.externaltools.gnu-tools-for-stm32.9-2020-q2-update.win32_2.0.0.202105311346/tools/bin/../lib/gcc/arm-none-eabi/9.3.1/thumb/v7e-m/nofp/crti.o
 .data          0x0000000000000000        0x0 c:/st/stm32cubeide_1.7.0/stm32cubeide/plugins/com.st.stm32cube.ide.mcu.externaltools.gnu-tools-for-stm32.9-2020-q2-update.win32_2.0.0.202105311346/tools/bin/../lib/gcc/arm-none-eabi/9.3.1/thumb/v7e-m/nofp/crti.o
 .bss           0x0000000000000000        0x0 c:/st/stm32cubeide_1.7.0/stm32cubeide/plugins/com.st.stm32cube.ide.mcu.externaltools.gnu-tools-for-stm32.9-2020-q2-update.win32_2.0.0.202105311346/tools/bin/../lib/gcc/arm-none-eabi/9.3.1/thumb/v7e-m/nofp/crti.o
 .data          0x0000000000000000        0x4 c:/st/stm32cubeide_1.7.0/stm32cubeide/plugins/com.st.stm32cube.ide.mcu.externaltools.gnu-tools-for-stm32.9-2020-q2-update.win32_2.0.0.202105311346/tools/bin/../lib/gcc/arm-none-eabi/9.3.1/thumb/v7e-m/nofp/crtbegin.o
 .text          0x0000000000000000       0x7c c:/st/stm32cubeide_1.7.0/stm32cubeide/plugins/com.st.stm32cube.ide.mcu.externaltools.gnu-tools-for-stm32.9-2020-q2-update.win32_2.0.0.202105311346/tools/bin/../lib/gcc/arm-none-eabi/9.3.1/../../../../arm-none-eabi/lib/thumb/v7e-m/nofp/crt0.o
 .data          0x0000000000000000        0x0 c:/st/stm32cubeide_1.7.0/stm32cubeide/plugins/com.st.stm32cube.ide.mcu.externaltools.gnu-tools-for-stm32.9-2020-q2-update.win32_2.0.0.202105311346/tools/bin/../lib/gcc/arm-none-eabi/9.3.1/../../../../arm-none-eabi/lib/thumb/v7e-m/nofp/crt0.o
 .bss           0x0000000000000000        0x0 c:/st/stm32cubeide_1.7.0/stm32cubeide/plugins/com.st.stm32cube.ide.mcu.externaltools.gnu-tools-for-stm32.9-2020-q2-update.win32_2.0.0.202105311346/tools/bin/../lib/gcc/arm-none-eabi/9.3.1/../../../../arm-none-eabi/lib/thumb/v7e-m/nofp/crt0.o
 .ARM.extab     0x0000000000000000        0x0 c:/st/stm32cubeide_1.7.0/stm32cubeide/plugins/com.st.stm32cube.ide.mcu.externaltools.gnu-tools-for-stm32.9-2020-q2-update.win32_2.0.0.202105311346/tools/bin/../lib/gcc/arm-none-eabi/9.3.1/../../../../arm-none-eabi/lib/thumb/v7e-m/nofp/crt0.o
 .ARM.exidx     0x0000000000000000       0x10 c:/st/stm32cubeide_1.7.0/stm32cubeide/plugins/com.st.stm32cube.ide.mcu.externaltools.gnu-tools-for-stm32.9-2020-q2-update.win32_2.0.0.202105311346/tools/bin/../lib/gcc/arm-none-eabi/9.3.1/../../../../arm-none-eabi/lib/thumb/v7e-m/nofp/crt0.o
 .ARM.attributes
                0x0000000000000000       0x1c c:/st/stm32cubeide_1.7.0/stm32cubeide/plugins/com.st.stm32cube.ide.mcu.externaltools.gnu-tools-for-stm32.9-2020-q2-update.win32_2.0.0.202105311346/tools/bin/../lib/gcc/arm-none-eabi/9.3.1/../../../../arm-none-eabi/lib/thumb/v7e-m/nofp/crt0.o
 .group         0x0000000000000000        0xc ./CMSIS/src/system_stm32f4xx.o
 .group         0x0000000000000000        0xc ./CMSIS/src/system_stm32f4xx.o
 .group         0x0000000000000000        0xc ./CMSIS/src/system_stm32f4xx.o
 .group         0x0000000000000000        0xc ./CMSIS/src/system_stm32f4xx.o
 .group         0x0000000000000000        0xc ./CMSIS/src/system_stm32f4xx.o
 .group         0x0000000000000000        0xc ./CMSIS/src/system_stm32f4xx.o
 .group         0x0000000000000000        0xc ./CMSIS/src/system_stm32f4xx.o
 .group         0x0000000000000000        0xc ./CMSIS/src/system_stm32f4xx.o
 .group         0x0000000000000000        0xc ./CMSIS/src/system_stm32f4xx.o
 .group         0x0000000000000000        0xc ./CMSIS/src/system_stm32f4xx.o
 .group         0x0000000000000000        0xc ./CMSIS/src/system_stm32f4xx.o
 .group         0x0000000000000000        0xc ./CMSIS/src/system_stm32f4xx.o
 .group         0x0000000000000000        0xc ./CMSIS/src/system_stm32f4xx.o
 .group         0x0000000000000000        0xc ./CMSIS/src/system_stm32f4xx.o
 .group         0x0000000000000000        0xc ./CMSIS/src/system_stm32f4xx.o
 .group         0x0000000000000000        0xc ./CMSIS/src/system_stm32f4xx.o
 .text          0x0000000000000000        0x0 ./CMSIS/src/system_stm32f4xx.o
 .data          0x0000000000000000        0x0 ./CMSIS/src/system_stm32f4xx.o
 .bss           0x0000000000000000        0x0 ./CMSIS/src/system_stm32f4xx.o
 .rodata.APBPrescTable
                0x0000000000000000        0x8 ./CMSIS/src/system_stm32f4xx.o
 .group         0x0000000000000000        0xc ./Code/src/CRC16.o
 .group         0x0000000000000000        0xc ./Code/src/CRC16.o
 .group         0x0000000000000000        0xc ./Code/src/CRC16.o
 .group         0x0000000000000000        0xc ./Code/src/CRC16.o
 .group         0x0000000000000000        0xc ./Code/src/CRC16.o
 .group         0x0000000000000000        0xc ./Code/src/CRC16.o
 .group         0x0000000000000000        0xc ./Code/src/CRC16.o
 .group         0x0000000000000000        0xc ./Code/src/CRC16.o
 .group         0x0000000000000000        0xc ./Code/src/CRC16.o
 .group         0x0000000000000000        0xc ./Code/src/CRC16.o
 .group         0x0000000000000000        0xc ./Code/src/CRC16.o
 .group         0x0000000000000000        0xc ./Code/src/CRC16.o
 .group         0x0000000000000000        0xc ./Code/src/CRC16.o
 .group         0x0000000000000000        0xc ./Code/src/CRC16.o
 .text          0x0000000000000000        0x0 ./Code/src/CRC16.o
 .data          0x0000000000000000        0x0 ./Code/src/CRC16.o
 .bss           0x0000000000000000        0x0 ./Code/src/CRC16.o
 .debug_macro   0x0000000000000000      0xa8a ./Code/src/CRC16.o
 .debug_macro   0x0000000000000000       0x28 ./Code/src/CRC16.o
 .debug_macro   0x0000000000000000       0x22 ./Code/src/CRC16.o
 .debug_macro   0x0000000000000000       0x8e ./Code/src/CRC16.o
 .debug_macro   0x0000000000000000       0x51 ./Code/src/CRC16.o
 .debug_macro   0x0000000000000000      0x103 ./Code/src/CRC16.o
 .debug_macro   0x0000000000000000       0x6a ./Code/src/CRC16.o
 .debug_macro   0x0000000000000000      0x1df ./Code/src/CRC16.o
 .debug_macro   0x0000000000000000       0x1c ./Code/src/CRC16.o
 .debug_macro   0x0000000000000000       0x22 ./Code/src/CRC16.o
 .debug_macro   0x0000000000000000       0xdf ./Code/src/CRC16.o
 .debug_macro   0x0000000000000000     0x102d ./Code/src/CRC16.o
 .debug_macro   0x0000000000000000      0x11f ./Code/src/CRC16.o
 .debug_macro   0x0000000000000000     0xb93e ./Code/src/CRC16.o
 .group         0x0000000000000000        0xc ./Code/src/lcd16xx.o
 .group         0x0000000000000000        0xc ./Code/src/lcd16xx.o
 .group         0x0000000000000000        0xc ./Code/src/lcd16xx.o
 .group         0x0000000000000000        0xc ./Code/src/lcd16xx.o
 .group         0x0000000000000000        0xc ./Code/src/lcd16xx.o
 .group         0x0000000000000000        0xc ./Code/src/lcd16xx.o
 .group         0x0000000000000000        0xc ./Code/src/lcd16xx.o
 .group         0x0000000000000000        0xc ./Code/src/lcd16xx.o
 .group         0x0000000000000000        0xc ./Code/src/lcd16xx.o
 .group         0x0000000000000000        0xc ./Code/src/lcd16xx.o
 .group         0x0000000000000000        0xc ./Code/src/lcd16xx.o
 .group         0x0000000000000000        0xc ./Code/src/lcd16xx.o
 .group         0x0000000000000000        0xc ./Code/src/lcd16xx.o
 .group         0x0000000000000000        0xc ./Code/src/lcd16xx.o
 .group         0x0000000000000000        0xc ./Code/src/lcd16xx.o
 .group         0x0000000000000000        0xc ./Code/src/lcd16xx.o
 .group         0x0000000000000000        0xc ./Code/src/lcd16xx.o
 .text          0x0000000000000000        0x0 ./Code/src/lcd16xx.o
 .data          0x0000000000000000        0x0 ./Code/src/lcd16xx.o
 .bss           0x0000000000000000        0x0 ./Code/src/lcd16xx.o
 .rodata.DDRAMLCD1602
                0x0000000000000000       0x20 ./Code/src/lcd16xx.o
 .debug_macro   0x0000000000000000      0xa8a ./Code/src/lcd16xx.o
 .debug_macro   0x0000000000000000       0x28 ./Code/src/lcd16xx.o
 .debug_macro   0x0000000000000000       0x22 ./Code/src/lcd16xx.o
 .debug_macro   0x0000000000000000       0x8e ./Code/src/lcd16xx.o
 .debug_macro   0x0000000000000000       0x51 ./Code/src/lcd16xx.o
 .debug_macro   0x0000000000000000      0x103 ./Code/src/lcd16xx.o
 .debug_macro   0x0000000000000000       0x6a ./Code/src/lcd16xx.o
 .debug_macro   0x0000000000000000      0x1df ./Code/src/lcd16xx.o
 .debug_macro   0x0000000000000000       0x1c ./Code/src/lcd16xx.o
 .debug_macro   0x0000000000000000       0x22 ./Code/src/lcd16xx.o
 .debug_macro   0x0000000000000000       0xdf ./Code/src/lcd16xx.o
 .debug_macro   0x0000000000000000     0x102d ./Code/src/lcd16xx.o
 .debug_macro   0x0000000000000000      0x11f ./Code/src/lcd16xx.o
 .debug_macro   0x0000000000000000     0xb93e ./Code/src/lcd16xx.o
 .group         0x0000000000000000        0xc ./Code/src/ledFSM.o
 .group         0x0000000000000000        0xc ./Code/src/ledFSM.o
 .group         0x0000000000000000        0xc ./Code/src/ledFSM.o
 .group         0x0000000000000000        0xc ./Code/src/ledFSM.o
 .group         0x0000000000000000        0xc ./Code/src/ledFSM.o
 .group         0x0000000000000000        0xc ./Code/src/ledFSM.o
 .group         0x0000000000000000        0xc ./Code/src/ledFSM.o
 .group         0x0000000000000000        0xc ./Code/src/ledFSM.o
 .group         0x0000000000000000        0xc ./Code/src/ledFSM.o
 .group         0x0000000000000000        0xc ./Code/src/ledFSM.o
 .group         0x0000000000000000        0xc ./Code/src/ledFSM.o
 .group         0x0000000000000000        0xc ./Code/src/ledFSM.o
 .group         0x0000000000000000        0xc ./Code/src/ledFSM.o
 .group         0x0000000000000000        0xc ./Code/src/ledFSM.o
 .group         0x0000000000000000        0xc ./Code/src/ledFSM.o
 .group         0x0000000000000000        0xc ./Code/src/ledFSM.o
 .text          0x0000000000000000        0x0 ./Code/src/ledFSM.o
 .data          0x0000000000000000        0x0 ./Code/src/ledFSM.o
 .bss           0x0000000000000000        0x0 ./Code/src/ledFSM.o
 .debug_macro   0x0000000000000000      0xa8a ./Code/src/ledFSM.o
 .debug_macro   0x0000000000000000       0x28 ./Code/src/ledFSM.o
 .debug_macro   0x0000000000000000       0x22 ./Code/src/ledFSM.o
 .debug_macro   0x0000000000000000       0x8e ./Code/src/ledFSM.o
 .debug_macro   0x0000000000000000       0x51 ./Code/src/ledFSM.o
 .debug_macro   0x0000000000000000      0x103 ./Code/src/ledFSM.o
 .debug_macro   0x0000000000000000       0x6a ./Code/src/ledFSM.o
 .debug_macro   0x0000000000000000      0x1df ./Code/src/ledFSM.o
 .debug_macro   0x0000000000000000       0x1c ./Code/src/ledFSM.o
 .debug_macro   0x0000000000000000       0x22 ./Code/src/ledFSM.o
 .debug_macro   0x0000000000000000       0xdf ./Code/src/ledFSM.o
 .debug_macro   0x0000000000000000     0x102d ./Code/src/ledFSM.o
 .debug_macro   0x0000000000000000      0x11f ./Code/src/ledFSM.o
 .debug_macro   0x0000000000000000     0xb93e ./Code/src/ledFSM.o
 .debug_macro   0x0000000000000000       0x46 ./Code/src/ledFSM.o
 .debug_macro   0x0000000000000000       0x4c ./Code/src/ledFSM.o
 .group         0x0000000000000000        0xc ./Code/src/main.o
 .group         0x0000000000000000        0xc ./Code/src/main.o
 .group         0x0000000000000000        0xc ./Code/src/main.o
 .group         0x0000000000000000        0xc ./Code/src/main.o
 .group         0x0000000000000000        0xc ./Code/src/main.o
 .group         0x0000000000000000        0xc ./Code/src/main.o
 .group         0x0000000000000000        0xc ./Code/src/main.o
 .group         0x0000000000000000        0xc ./Code/src/main.o
 .group         0x0000000000000000        0xc ./Code/src/main.o
 .group         0x0000000000000000        0xc ./Code/src/main.o
 .group         0x0000000000000000        0xc ./Code/src/main.o
 .group         0x0000000000000000        0xc ./Code/src/main.o
 .group         0x0000000000000000        0xc ./Code/src/main.o
 .group         0x0000000000000000        0xc ./Code/src/main.o
 .group         0x0000000000000000        0xc ./Code/src/main.o
 .group         0x0000000000000000        0xc ./Code/src/main.o
 .group         0x0000000000000000        0xc ./Code/src/main.o
 .group         0x0000000000000000        0xc ./Code/src/main.o
 .text          0x0000000000000000        0x0 ./Code/src/main.o
 .data          0x0000000000000000        0x0 ./Code/src/main.o
 .bss           0x0000000000000000        0x0 ./Code/src/main.o
 .debug_macro   0x0000000000000000      0xa8a ./Code/src/main.o
 .debug_macro   0x0000000000000000       0x28 ./Code/src/main.o
 .debug_macro   0x0000000000000000       0x22 ./Code/src/main.o
 .debug_macro   0x0000000000000000       0x8e ./Code/src/main.o
 .debug_macro   0x0000000000000000       0x51 ./Code/src/main.o
 .debug_macro   0x0000000000000000      0x103 ./Code/src/main.o
 .debug_macro   0x0000000000000000       0x6a ./Code/src/main.o
 .debug_macro   0x0000000000000000      0x1df ./Code/src/main.o
 .debug_macro   0x0000000000000000       0x1c ./Code/src/main.o
 .debug_macro   0x0000000000000000       0x22 ./Code/src/main.o
 .debug_macro   0x0000000000000000       0xdf ./Code/src/main.o
 .debug_macro   0x0000000000000000     0x102d ./Code/src/main.o
 .debug_macro   0x0000000000000000      0x11f ./Code/src/main.o
 .debug_macro   0x0000000000000000     0xb93e ./Code/src/main.o
 .debug_macro   0x0000000000000000       0x46 ./Code/src/main.o
 .debug_macro   0x0000000000000000       0x4c ./Code/src/main.o
 .debug_macro   0x0000000000000000       0x10 ./Code/src/main.o
 .group         0x0000000000000000        0xc ./Code/src/messages.o
 .group         0x0000000000000000        0xc ./Code/src/messages.o
 .group         0x0000000000000000        0xc ./Code/src/messages.o
 .group         0x0000000000000000        0xc ./Code/src/messages.o
 .group         0x0000000000000000        0xc ./Code/src/messages.o
 .group         0x0000000000000000        0xc ./Code/src/messages.o
 .group         0x0000000000000000        0xc ./Code/src/messages.o
 .group         0x0000000000000000        0xc ./Code/src/messages.o
 .group         0x0000000000000000        0xc ./Code/src/messages.o
 .group         0x0000000000000000        0xc ./Code/src/messages.o
 .group         0x0000000000000000        0xc ./Code/src/messages.o
 .group         0x0000000000000000        0xc ./Code/src/messages.o
 .group         0x0000000000000000        0xc ./Code/src/messages.o
 .group         0x0000000000000000        0xc ./Code/src/messages.o
 .group         0x0000000000000000        0xc ./Code/src/messages.o
 .text          0x0000000000000000        0x0 ./Code/src/messages.o
 .data          0x0000000000000000        0x0 ./Code/src/messages.o
 .bss           0x0000000000000000        0x0 ./Code/src/messages.o
 .debug_macro   0x0000000000000000      0xa8a ./Code/src/messages.o
 .debug_macro   0x0000000000000000       0x28 ./Code/src/messages.o
 .debug_macro   0x0000000000000000       0x22 ./Code/src/messages.o
 .debug_macro   0x0000000000000000       0x8e ./Code/src/messages.o
 .debug_macro   0x0000000000000000       0x51 ./Code/src/messages.o
 .debug_macro   0x0000000000000000      0x103 ./Code/src/messages.o
 .debug_macro   0x0000000000000000       0x6a ./Code/src/messages.o
 .debug_macro   0x0000000000000000      0x1df ./Code/src/messages.o
 .debug_macro   0x0000000000000000       0x1c ./Code/src/messages.o
 .debug_macro   0x0000000000000000       0x22 ./Code/src/messages.o
 .debug_macro   0x0000000000000000       0xdf ./Code/src/messages.o
 .debug_macro   0x0000000000000000     0x102d ./Code/src/messages.o
 .debug_macro   0x0000000000000000      0x11f ./Code/src/messages.o
 .debug_macro   0x0000000000000000     0xb93e ./Code/src/messages.o
 .debug_macro   0x0000000000000000       0x46 ./Code/src/messages.o
 .group         0x0000000000000000        0xc ./Code/src/modbus.o
 .group         0x0000000000000000        0xc ./Code/src/modbus.o
 .group         0x0000000000000000        0xc ./Code/src/modbus.o
 .group         0x0000000000000000        0xc ./Code/src/modbus.o
 .group         0x0000000000000000        0xc ./Code/src/modbus.o
 .group         0x0000000000000000        0xc ./Code/src/modbus.o
 .group         0x0000000000000000        0xc ./Code/src/modbus.o
 .group         0x0000000000000000        0xc ./Code/src/modbus.o
 .group         0x0000000000000000        0xc ./Code/src/modbus.o
 .group         0x0000000000000000        0xc ./Code/src/modbus.o
 .group         0x0000000000000000        0xc ./Code/src/modbus.o
 .group         0x0000000000000000        0xc ./Code/src/modbus.o
 .group         0x0000000000000000        0xc ./Code/src/modbus.o
 .group         0x0000000000000000        0xc ./Code/src/modbus.o
 .group         0x0000000000000000        0xc ./Code/src/modbus.o
 .group         0x0000000000000000        0xc ./Code/src/modbus.o
 .group         0x0000000000000000        0xc ./Code/src/modbus.o
 .group         0x0000000000000000        0xc ./Code/src/modbus.o
 .text          0x0000000000000000        0x0 ./Code/src/modbus.o
 .data          0x0000000000000000        0x0 ./Code/src/modbus.o
 .bss           0x0000000000000000        0x0 ./Code/src/modbus.o
 .debug_macro   0x0000000000000000      0xa8a ./Code/src/modbus.o
 .debug_macro   0x0000000000000000       0x28 ./Code/src/modbus.o
 .debug_macro   0x0000000000000000       0x22 ./Code/src/modbus.o
 .debug_macro   0x0000000000000000       0x8e ./Code/src/modbus.o
 .debug_macro   0x0000000000000000       0x51 ./Code/src/modbus.o
 .debug_macro   0x0000000000000000      0x103 ./Code/src/modbus.o
 .debug_macro   0x0000000000000000       0x6a ./Code/src/modbus.o
 .debug_macro   0x0000000000000000      0x1df ./Code/src/modbus.o
 .debug_macro   0x0000000000000000       0x1c ./Code/src/modbus.o
 .debug_macro   0x0000000000000000       0x22 ./Code/src/modbus.o
 .debug_macro   0x0000000000000000       0xdf ./Code/src/modbus.o
 .debug_macro   0x0000000000000000     0x102d ./Code/src/modbus.o
 .debug_macro   0x0000000000000000      0x11f ./Code/src/modbus.o
 .debug_macro   0x0000000000000000     0xb93e ./Code/src/modbus.o
 .debug_macro   0x0000000000000000       0x46 ./Code/src/modbus.o
 .debug_macro   0x0000000000000000       0x4c ./Code/src/modbus.o
 .debug_macro   0x0000000000000000       0x10 ./Code/src/modbus.o
 .debug_macro   0x0000000000000000       0xb2 ./Code/src/modbus.o
 .group         0x0000000000000000        0xc ./Code/src/system.o
 .group         0x0000000000000000        0xc ./Code/src/system.o
 .group         0x0000000000000000        0xc ./Code/src/system.o
 .group         0x0000000000000000        0xc ./Code/src/system.o
 .group         0x0000000000000000        0xc ./Code/src/system.o
 .group         0x0000000000000000        0xc ./Code/src/system.o
 .group         0x0000000000000000        0xc ./Code/src/system.o
 .group         0x0000000000000000        0xc ./Code/src/system.o
 .group         0x0000000000000000        0xc ./Code/src/system.o
 .group         0x0000000000000000        0xc ./Code/src/system.o
 .group         0x0000000000000000        0xc ./Code/src/system.o
 .group         0x0000000000000000        0xc ./Code/src/system.o
 .group         0x0000000000000000        0xc ./Code/src/system.o
 .group         0x0000000000000000        0xc ./Code/src/system.o
 .group         0x0000000000000000        0xc ./Code/src/system.o
 .group         0x0000000000000000        0xc ./Code/src/system.o
 .group         0x0000000000000000        0xc ./Code/src/system.o
 .group         0x0000000000000000        0xc ./Code/src/system.o
 .text          0x0000000000000000        0x0 ./Code/src/system.o
 .data          0x0000000000000000        0x0 ./Code/src/system.o
 .bss           0x0000000000000000        0x0 ./Code/src/system.o
 .debug_macro   0x0000000000000000      0xa8a ./Code/src/system.o
 .debug_macro   0x0000000000000000       0x28 ./Code/src/system.o
 .debug_macro   0x0000000000000000       0x22 ./Code/src/system.o
 .debug_macro   0x0000000000000000       0x8e ./Code/src/system.o
 .debug_macro   0x0000000000000000       0x51 ./Code/src/system.o
 .debug_macro   0x0000000000000000      0x103 ./Code/src/system.o
 .debug_macro   0x0000000000000000       0x6a ./Code/src/system.o
 .debug_macro   0x0000000000000000      0x1df ./Code/src/system.o
 .debug_macro   0x0000000000000000       0x1c ./Code/src/system.o
 .debug_macro   0x0000000000000000       0x22 ./Code/src/system.o
 .debug_macro   0x0000000000000000       0xdf ./Code/src/system.o
 .debug_macro   0x0000000000000000     0x102d ./Code/src/system.o
 .debug_macro   0x0000000000000000      0x11f ./Code/src/system.o
 .debug_macro   0x0000000000000000     0xb93e ./Code/src/system.o
 .debug_macro   0x0000000000000000       0x46 ./Code/src/system.o
 .debug_macro   0x0000000000000000       0x4c ./Code/src/system.o
 .debug_macro   0x0000000000000000       0x10 ./Code/src/system.o
 .debug_macro   0x0000000000000000       0xb2 ./Code/src/system.o
 .group         0x0000000000000000        0xc ./Code/src/virtualTimers.o
 .group         0x0000000000000000        0xc ./Code/src/virtualTimers.o
 .group         0x0000000000000000        0xc ./Code/src/virtualTimers.o
 .group         0x0000000000000000        0xc ./Code/src/virtualTimers.o
 .group         0x0000000000000000        0xc ./Code/src/virtualTimers.o
 .group         0x0000000000000000        0xc ./Code/src/virtualTimers.o
 .group         0x0000000000000000        0xc ./Code/src/virtualTimers.o
 .group         0x0000000000000000        0xc ./Code/src/virtualTimers.o
 .group         0x0000000000000000        0xc ./Code/src/virtualTimers.o
 .group         0x0000000000000000        0xc ./Code/src/virtualTimers.o
 .group         0x0000000000000000        0xc ./Code/src/virtualTimers.o
 .group         0x0000000000000000        0xc ./Code/src/virtualTimers.o
 .group         0x0000000000000000        0xc ./Code/src/virtualTimers.o
 .group         0x0000000000000000        0xc ./Code/src/virtualTimers.o
 .group         0x0000000000000000        0xc ./Code/src/virtualTimers.o
 .group         0x0000000000000000        0xc ./Code/src/virtualTimers.o
 .text          0x0000000000000000        0x0 ./Code/src/virtualTimers.o
 .data          0x0000000000000000        0x0 ./Code/src/virtualTimers.o
 .bss           0x0000000000000000        0x0 ./Code/src/virtualTimers.o
 .text.PauseGTimer
                0x0000000000000000       0x2c ./Code/src/virtualTimers.o
 .text.ReleaseGTimer
                0x0000000000000000       0x2c ./Code/src/virtualTimers.o
 .debug_macro   0x0000000000000000      0xa8a ./Code/src/virtualTimers.o
 .debug_macro   0x0000000000000000       0x28 ./Code/src/virtualTimers.o
 .debug_macro   0x0000000000000000       0x22 ./Code/src/virtualTimers.o
 .debug_macro   0x0000000000000000       0x8e ./Code/src/virtualTimers.o
 .debug_macro   0x0000000000000000       0x51 ./Code/src/virtualTimers.o
 .debug_macro   0x0000000000000000      0x103 ./Code/src/virtualTimers.o
 .debug_macro   0x0000000000000000       0x6a ./Code/src/virtualTimers.o
 .debug_macro   0x0000000000000000      0x1df ./Code/src/virtualTimers.o
 .debug_macro   0x0000000000000000       0x1c ./Code/src/virtualTimers.o
 .debug_macro   0x0000000000000000       0x22 ./Code/src/virtualTimers.o
 .debug_macro   0x0000000000000000       0xdf ./Code/src/virtualTimers.o
 .debug_macro   0x0000000000000000     0x102d ./Code/src/virtualTimers.o
 .debug_macro   0x0000000000000000      0x11f ./Code/src/virtualTimers.o
 .debug_macro   0x0000000000000000     0xb93e ./Code/src/virtualTimers.o
 .debug_macro   0x0000000000000000       0x46 ./Code/src/virtualTimers.o
 .debug_macro   0x0000000000000000       0x4c ./Code/src/virtualTimers.o
 .text          0x0000000000000000       0x14 ./startup_stm32f411xe.o
 .data          0x0000000000000000        0x0 ./startup_stm32f411xe.o
 .bss           0x0000000000000000        0x0 ./startup_stm32f411xe.o
 .text          0x0000000000000000        0x0 c:/st/stm32cubeide_1.7.0/stm32cubeide/plugins/com.st.stm32cube.ide.mcu.externaltools.gnu-tools-for-stm32.9-2020-q2-update.win32_2.0.0.202105311346/tools/bin/../lib/gcc/arm-none-eabi/9.3.1/../../../../arm-none-eabi/lib/thumb/v7e-m/nofp\libc_nano.a(lib_a-exit.o)
 .data          0x0000000000000000        0x0 c:/st/stm32cubeide_1.7.0/stm32cubeide/plugins/com.st.stm32cube.ide.mcu.externaltools.gnu-tools-for-stm32.9-2020-q2-update.win32_2.0.0.202105311346/tools/bin/../lib/gcc/arm-none-eabi/9.3.1/../../../../arm-none-eabi/lib/thumb/v7e-m/nofp\libc_nano.a(lib_a-exit.o)
 .bss           0x0000000000000000        0x0 c:/st/stm32cubeide_1.7.0/stm32cubeide/plugins/com.st.stm32cube.ide.mcu.externaltools.gnu-tools-for-stm32.9-2020-q2-update.win32_2.0.0.202105311346/tools/bin/../lib/gcc/arm-none-eabi/9.3.1/../../../../arm-none-eabi/lib/thumb/v7e-m/nofp\libc_nano.a(lib_a-exit.o)
 .text.exit     0x0000000000000000       0x28 c:/st/stm32cubeide_1.7.0/stm32cubeide/plugins/com.st.stm32cube.ide.mcu.externaltools.gnu-tools-for-stm32.9-2020-q2-update.win32_2.0.0.202105311346/tools/bin/../lib/gcc/arm-none-eabi/9.3.1/../../../../arm-none-eabi/lib/thumb/v7e-m/nofp\libc_nano.a(lib_a-exit.o)
 .debug_frame   0x0000000000000000       0x28 c:/st/stm32cubeide_1.7.0/stm32cubeide/plugins/com.st.stm32cube.ide.mcu.externaltools.gnu-tools-for-stm32.9-2020-q2-update.win32_2.0.0.202105311346/tools/bin/../lib/gcc/arm-none-eabi/9.3.1/../../../../arm-none-eabi/lib/thumb/v7e-m/nofp\libc_nano.a(lib_a-exit.o)
 .ARM.attributes
                0x0000000000000000       0x2e c:/st/stm32cubeide_1.7.0/stm32cubeide/plugins/com.st.stm32cube.ide.mcu.externaltools.gnu-tools-for-stm32.9-2020-q2-update.win32_2.0.0.202105311346/tools/bin/../lib/gcc/arm-none-eabi/9.3.1/../../../../arm-none-eabi/lib/thumb/v7e-m/nofp\libc_nano.a(lib_a-exit.o)
 .text          0x0000000000000000        0x0 c:/st/stm32cubeide_1.7.0/stm32cubeide/plugins/com.st.stm32cube.ide.mcu.externaltools.gnu-tools-for-stm32.9-2020-q2-update.win32_2.0.0.202105311346/tools/bin/../lib/gcc/arm-none-eabi/9.3.1/../../../../arm-none-eabi/lib/thumb/v7e-m/nofp\libc_nano.a(lib_a-impure.o)
 .data          0x0000000000000000        0x0 c:/st/stm32cubeide_1.7.0/stm32cubeide/plugins/com.st.stm32cube.ide.mcu.externaltools.gnu-tools-for-stm32.9-2020-q2-update.win32_2.0.0.202105311346/tools/bin/../lib/gcc/arm-none-eabi/9.3.1/../../../../arm-none-eabi/lib/thumb/v7e-m/nofp\libc_nano.a(lib_a-impure.o)
 .bss           0x0000000000000000        0x0 c:/st/stm32cubeide_1.7.0/stm32cubeide/plugins/com.st.stm32cube.ide.mcu.externaltools.gnu-tools-for-stm32.9-2020-q2-update.win32_2.0.0.202105311346/tools/bin/../lib/gcc/arm-none-eabi/9.3.1/../../../../arm-none-eabi/lib/thumb/v7e-m/nofp\libc_nano.a(lib_a-impure.o)
 .data._impure_ptr
                0x0000000000000000        0x4 c:/st/stm32cubeide_1.7.0/stm32cubeide/plugins/com.st.stm32cube.ide.mcu.externaltools.gnu-tools-for-stm32.9-2020-q2-update.win32_2.0.0.202105311346/tools/bin/../lib/gcc/arm-none-eabi/9.3.1/../../../../arm-none-eabi/lib/thumb/v7e-m/nofp\libc_nano.a(lib_a-impure.o)
 .data.impure_data
                0x0000000000000000       0x60 c:/st/stm32cubeide_1.7.0/stm32cubeide/plugins/com.st.stm32cube.ide.mcu.externaltools.gnu-tools-for-stm32.9-2020-q2-update.win32_2.0.0.202105311346/tools/bin/../lib/gcc/arm-none-eabi/9.3.1/../../../../arm-none-eabi/lib/thumb/v7e-m/nofp\libc_nano.a(lib_a-impure.o)
 .rodata._global_impure_ptr
                0x0000000000000000        0x4 c:/st/stm32cubeide_1.7.0/stm32cubeide/plugins/com.st.stm32cube.ide.mcu.externaltools.gnu-tools-for-stm32.9-2020-q2-update.win32_2.0.0.202105311346/tools/bin/../lib/gcc/arm-none-eabi/9.3.1/../../../../arm-none-eabi/lib/thumb/v7e-m/nofp\libc_nano.a(lib_a-impure.o)
 .ARM.attributes
                0x0000000000000000       0x2e c:/st/stm32cubeide_1.7.0/stm32cubeide/plugins/com.st.stm32cube.ide.mcu.externaltools.gnu-tools-for-stm32.9-2020-q2-update.win32_2.0.0.202105311346/tools/bin/../lib/gcc/arm-none-eabi/9.3.1/../../../../arm-none-eabi/lib/thumb/v7e-m/nofp\libc_nano.a(lib_a-impure.o)
 .text          0x0000000000000000        0x0 c:/st/stm32cubeide_1.7.0/stm32cubeide/plugins/com.st.stm32cube.ide.mcu.externaltools.gnu-tools-for-stm32.9-2020-q2-update.win32_2.0.0.202105311346/tools/bin/../lib/gcc/arm-none-eabi/9.3.1/../../../../arm-none-eabi/lib/thumb/v7e-m/nofp\libc_nano.a(lib_a-init.o)
 .data          0x0000000000000000        0x0 c:/st/stm32cubeide_1.7.0/stm32cubeide/plugins/com.st.stm32cube.ide.mcu.externaltools.gnu-tools-for-stm32.9-2020-q2-update.win32_2.0.0.202105311346/tools/bin/../lib/gcc/arm-none-eabi/9.3.1/../../../../arm-none-eabi/lib/thumb/v7e-m/nofp\libc_nano.a(lib_a-init.o)
 .bss           0x0000000000000000        0x0 c:/st/stm32cubeide_1.7.0/stm32cubeide/plugins/com.st.stm32cube.ide.mcu.externaltools.gnu-tools-for-stm32.9-2020-q2-update.win32_2.0.0.202105311346/tools/bin/../lib/gcc/arm-none-eabi/9.3.1/../../../../arm-none-eabi/lib/thumb/v7e-m/nofp\libc_nano.a(lib_a-init.o)
 .text          0x0000000000000000        0x0 c:/st/stm32cubeide_1.7.0/stm32cubeide/plugins/com.st.stm32cube.ide.mcu.externaltools.gnu-tools-for-stm32.9-2020-q2-update.win32_2.0.0.202105311346/tools/bin/../lib/gcc/arm-none-eabi/9.3.1/../../../../arm-none-eabi/lib/thumb/v7e-m/nofp\libc_nano.a(lib_a-memset.o)
 .data          0x0000000000000000        0x0 c:/st/stm32cubeide_1.7.0/stm32cubeide/plugins/com.st.stm32cube.ide.mcu.externaltools.gnu-tools-for-stm32.9-2020-q2-update.win32_2.0.0.202105311346/tools/bin/../lib/gcc/arm-none-eabi/9.3.1/../../../../arm-none-eabi/lib/thumb/v7e-m/nofp\libc_nano.a(lib_a-memset.o)
 .bss           0x0000000000000000        0x0 c:/st/stm32cubeide_1.7.0/stm32cubeide/plugins/com.st.stm32cube.ide.mcu.externaltools.gnu-tools-for-stm32.9-2020-q2-update.win32_2.0.0.202105311346/tools/bin/../lib/gcc/arm-none-eabi/9.3.1/../../../../arm-none-eabi/lib/thumb/v7e-m/nofp\libc_nano.a(lib_a-memset.o)
 .text.memset   0x0000000000000000       0x10 c:/st/stm32cubeide_1.7.0/stm32cubeide/plugins/com.st.stm32cube.ide.mcu.externaltools.gnu-tools-for-stm32.9-2020-q2-update.win32_2.0.0.202105311346/tools/bin/../lib/gcc/arm-none-eabi/9.3.1/../../../../arm-none-eabi/lib/thumb/v7e-m/nofp\libc_nano.a(lib_a-memset.o)
 .debug_frame   0x0000000000000000       0x20 c:/st/stm32cubeide_1.7.0/stm32cubeide/plugins/com.st.stm32cube.ide.mcu.externaltools.gnu-tools-for-stm32.9-2020-q2-update.win32_2.0.0.202105311346/tools/bin/../lib/gcc/arm-none-eabi/9.3.1/../../../../arm-none-eabi/lib/thumb/v7e-m/nofp\libc_nano.a(lib_a-memset.o)
 .ARM.attributes
                0x0000000000000000       0x2e c:/st/stm32cubeide_1.7.0/stm32cubeide/plugins/com.st.stm32cube.ide.mcu.externaltools.gnu-tools-for-stm32.9-2020-q2-update.win32_2.0.0.202105311346/tools/bin/../lib/gcc/arm-none-eabi/9.3.1/../../../../arm-none-eabi/lib/thumb/v7e-m/nofp\libc_nano.a(lib_a-memset.o)
 .text          0x0000000000000000        0x0 c:/st/stm32cubeide_1.7.0/stm32cubeide/plugins/com.st.stm32cube.ide.mcu.externaltools.gnu-tools-for-stm32.9-2020-q2-update.win32_2.0.0.202105311346/tools/bin/../lib/gcc/arm-none-eabi/9.3.1/../../../../arm-none-eabi/lib/thumb/v7e-m/nofp\libnosys.a(_exit.o)
 .data          0x0000000000000000        0x0 c:/st/stm32cubeide_1.7.0/stm32cubeide/plugins/com.st.stm32cube.ide.mcu.externaltools.gnu-tools-for-stm32.9-2020-q2-update.win32_2.0.0.202105311346/tools/bin/../lib/gcc/arm-none-eabi/9.3.1/../../../../arm-none-eabi/lib/thumb/v7e-m/nofp\libnosys.a(_exit.o)
 .bss           0x0000000000000000        0x0 c:/st/stm32cubeide_1.7.0/stm32cubeide/plugins/com.st.stm32cube.ide.mcu.externaltools.gnu-tools-for-stm32.9-2020-q2-update.win32_2.0.0.202105311346/tools/bin/../lib/gcc/arm-none-eabi/9.3.1/../../../../arm-none-eabi/lib/thumb/v7e-m/nofp\libnosys.a(_exit.o)
 .text._exit    0x0000000000000000        0x2 c:/st/stm32cubeide_1.7.0/stm32cubeide/plugins/com.st.stm32cube.ide.mcu.externaltools.gnu-tools-for-stm32.9-2020-q2-update.win32_2.0.0.202105311346/tools/bin/../lib/gcc/arm-none-eabi/9.3.1/../../../../arm-none-eabi/lib/thumb/v7e-m/nofp\libnosys.a(_exit.o)
 .debug_frame   0x0000000000000000       0x20 c:/st/stm32cubeide_1.7.0/stm32cubeide/plugins/com.st.stm32cube.ide.mcu.externaltools.gnu-tools-for-stm32.9-2020-q2-update.win32_2.0.0.202105311346/tools/bin/../lib/gcc/arm-none-eabi/9.3.1/../../../../arm-none-eabi/lib/thumb/v7e-m/nofp\libnosys.a(_exit.o)
 .ARM.attributes
                0x0000000000000000       0x2e c:/st/stm32cubeide_1.7.0/stm32cubeide/plugins/com.st.stm32cube.ide.mcu.externaltools.gnu-tools-for-stm32.9-2020-q2-update.win32_2.0.0.202105311346/tools/bin/../lib/gcc/arm-none-eabi/9.3.1/../../../../arm-none-eabi/lib/thumb/v7e-m/nofp\libnosys.a(_exit.o)
 .text          0x0000000000000000        0x0 c:/st/stm32cubeide_1.7.0/stm32cubeide/plugins/com.st.stm32cube.ide.mcu.externaltools.gnu-tools-for-stm32.9-2020-q2-update.win32_2.0.0.202105311346/tools/bin/../lib/gcc/arm-none-eabi/9.3.1/thumb/v7e-m/nofp/crtend.o
 .data          0x0000000000000000        0x0 c:/st/stm32cubeide_1.7.0/stm32cubeide/plugins/com.st.stm32cube.ide.mcu.externaltools.gnu-tools-for-stm32.9-2020-q2-update.win32_2.0.0.202105311346/tools/bin/../lib/gcc/arm-none-eabi/9.3.1/thumb/v7e-m/nofp/crtend.o
 .bss           0x0000000000000000        0x0 c:/st/stm32cubeide_1.7.0/stm32cubeide/plugins/com.st.stm32cube.ide.mcu.externaltools.gnu-tools-for-stm32.9-2020-q2-update.win32_2.0.0.202105311346/tools/bin/../lib/gcc/arm-none-eabi/9.3.1/thumb/v7e-m/nofp/crtend.o
 .eh_frame      0x0000000000000000        0x4 c:/st/stm32cubeide_1.7.0/stm32cubeide/plugins/com.st.stm32cube.ide.mcu.externaltools.gnu-tools-for-stm32.9-2020-q2-update.win32_2.0.0.202105311346/tools/bin/../lib/gcc/arm-none-eabi/9.3.1/thumb/v7e-m/nofp/crtend.o
 .ARM.attributes
                0x0000000000000000       0x2e c:/st/stm32cubeide_1.7.0/stm32cubeide/plugins/com.st.stm32cube.ide.mcu.externaltools.gnu-tools-for-stm32.9-2020-q2-update.win32_2.0.0.202105311346/tools/bin/../lib/gcc/arm-none-eabi/9.3.1/thumb/v7e-m/nofp/crtend.o
 .text          0x0000000000000000        0x0 c:/st/stm32cubeide_1.7.0/stm32cubeide/plugins/com.st.stm32cube.ide.mcu.externaltools.gnu-tools-for-stm32.9-2020-q2-update.win32_2.0.0.202105311346/tools/bin/../lib/gcc/arm-none-eabi/9.3.1/thumb/v7e-m/nofp/crtn.o
 .data          0x0000000000000000        0x0 c:/st/stm32cubeide_1.7.0/stm32cubeide/plugins/com.st.stm32cube.ide.mcu.externaltools.gnu-tools-for-stm32.9-2020-q2-update.win32_2.0.0.202105311346/tools/bin/../lib/gcc/arm-none-eabi/9.3.1/thumb/v7e-m/nofp/crtn.o
 .bss           0x0000000000000000        0x0 c:/st/stm32cubeide_1.7.0/stm32cubeide/plugins/com.st.stm32cube.ide.mcu.externaltools.gnu-tools-for-stm32.9-2020-q2-update.win32_2.0.0.202105311346/tools/bin/../lib/gcc/arm-none-eabi/9.3.1/thumb/v7e-m/nofp/crtn.o

Memory Configuration

Name             Origin             Length             Attributes
FLASH            0x0000000008000000 0x0000000000080000 xr
RAM              0x0000000020000000 0x0000000000020000 xrw
MEMORY_B1        0x0000000060000000 0x0000000000000000 xr
*default*        0x0000000000000000 0xffffffffffffffff

Linker script and memory map

LOAD c:/st/stm32cubeide_1.7.0/stm32cubeide/plugins/com.st.stm32cube.ide.mcu.externaltools.gnu-tools-for-stm32.9-2020-q2-update.win32_2.0.0.202105311346/tools/bin/../lib/gcc/arm-none-eabi/9.3.1/thumb/v7e-m/nofp/crti.o
LOAD c:/st/stm32cubeide_1.7.0/stm32cubeide/plugins/com.st.stm32cube.ide.mcu.externaltools.gnu-tools-for-stm32.9-2020-q2-update.win32_2.0.0.202105311346/tools/bin/../lib/gcc/arm-none-eabi/9.3.1/thumb/v7e-m/nofp/crtbegin.o
LOAD c:/st/stm32cubeide_1.7.0/stm32cubeide/plugins/com.st.stm32cube.ide.mcu.externaltools.gnu-tools-for-stm32.9-2020-q2-update.win32_2.0.0.202105311346/tools/bin/../lib/gcc/arm-none-eabi/9.3.1/../../../../arm-none-eabi/lib/thumb/v7e-m/nofp/crt0.o
LOAD ./CMSIS/src/system_stm32f4xx.o
LOAD ./Code/src/CRC16.o
LOAD ./Code/src/lcd16xx.o
LOAD ./Code/src/ledFSM.o
LOAD ./Code/src/main.o
LOAD ./Code/src/messages.o
LOAD ./Code/src/modbus.o
LOAD ./Code/src/system.o
LOAD ./Code/src/virtualTimers.o
LOAD ./startup_stm32f411xe.o
START GROUP
LOAD c:/st/stm32cubeide_1.7.0/stm32cubeide/plugins/com.st.stm32cube.ide.mcu.externaltools.gnu-tools-for-stm32.9-2020-q2-update.win32_2.0.0.202105311346/tools/bin/../lib/gcc/arm-none-eabi/9.3.1/../../../../arm-none-eabi/lib/thumb/v7e-m/nofp\libc_nano.a
LOAD c:/st/stm32cubeide_1.7.0/stm32cubeide/plugins/com.st.stm32cube.ide.mcu.externaltools.gnu-tools-for-stm32.9-2020-q2-update.win32_2.0.0.202105311346/tools/bin/../lib/gcc/arm-none-eabi/9.3.1/../../../../arm-none-eabi/lib/thumb/v7e-m/nofp\libm.a
END GROUP
START GROUP
LOAD c:/st/stm32cubeide_1.7.0/stm32cubeide/plugins/com.st.stm32cube.ide.mcu.externaltools.gnu-tools-for-stm32.9-2020-q2-update.win32_2.0.0.202105311346/tools/bin/../lib/gcc/arm-none-eabi/9.3.1/thumb/v7e-m/nofp\libgcc.a
LOAD c:/st/stm32cubeide_1.7.0/stm32cubeide/plugins/com.st.stm32cube.ide.mcu.externaltools.gnu-tools-for-stm32.9-2020-q2-update.win32_2.0.0.202105311346/tools/bin/../lib/gcc/arm-none-eabi/9.3.1/../../../../arm-none-eabi/lib/thumb/v7e-m/nofp\libc_nano.a
END GROUP
START GROUP
LOAD c:/st/stm32cubeide_1.7.0/stm32cubeide/plugins/com.st.stm32cube.ide.mcu.externaltools.gnu-tools-for-stm32.9-2020-q2-update.win32_2.0.0.202105311346/tools/bin/../lib/gcc/arm-none-eabi/9.3.1/thumb/v7e-m/nofp\libgcc.a
LOAD c:/st/stm32cubeide_1.7.0/stm32cubeide/plugins/com.st.stm32cube.ide.mcu.externaltools.gnu-tools-for-stm32.9-2020-q2-update.win32_2.0.0.202105311346/tools/bin/../lib/gcc/arm-none-eabi/9.3.1/../../../../arm-none-eabi/lib/thumb/v7e-m/nofp\libc_nano.a
LOAD c:/st/stm32cubeide_1.7.0/stm32cubeide/plugins/com.st.stm32cube.ide.mcu.externaltools.gnu-tools-for-stm32.9-2020-q2-update.win32_2.0.0.202105311346/tools/bin/../lib/gcc/arm-none-eabi/9.3.1/../../../../arm-none-eabi/lib/thumb/v7e-m/nofp\libnosys.a
END GROUP
START GROUP
LOAD c:/st/stm32cubeide_1.7.0/stm32cubeide/plugins/com.st.stm32cube.ide.mcu.externaltools.gnu-tools-for-stm32.9-2020-q2-update.win32_2.0.0.202105311346/tools/bin/../lib/gcc/arm-none-eabi/9.3.1/thumb/v7e-m/nofp\libgcc.a
LOAD c:/st/stm32cubeide_1.7.0/stm32cubeide/plugins/com.st.stm32cube.ide.mcu.externaltools.gnu-tools-for-stm32.9-2020-q2-update.win32_2.0.0.202105311346/tools/bin/../lib/gcc/arm-none-eabi/9.3.1/../../../../arm-none-eabi/lib/thumb/v7e-m/nofp\libc_nano.a
LOAD c:/st/stm32cubeide_1.7.0/stm32cubeide/plugins/com.st.stm32cube.ide.mcu.externaltools.gnu-tools-for-stm32.9-2020-q2-update.win32_2.0.0.202105311346/tools/bin/../lib/gcc/arm-none-eabi/9.3.1/../../../../arm-none-eabi/lib/thumb/v7e-m/nofp\libnosys.a
END GROUP
LOAD c:/st/stm32cubeide_1.7.0/stm32cubeide/plugins/com.st.stm32cube.ide.mcu.externaltools.gnu-tools-for-stm32.9-2020-q2-update.win32_2.0.0.202105311346/tools/bin/../lib/gcc/arm-none-eabi/9.3.1/thumb/v7e-m/nofp/crtend.o
LOAD c:/st/stm32cubeide_1.7.0/stm32cubeide/plugins/com.st.stm32cube.ide.mcu.externaltools.gnu-tools-for-stm32.9-2020-q2-update.win32_2.0.0.202105311346/tools/bin/../lib/gcc/arm-none-eabi/9.3.1/thumb/v7e-m/nofp/crtn.o
                0x0000000020020000                _estack = 0x20020000
                0x0000000000000000                _Min_Heap_Size = 0x0
                0x0000000000000400                _Min_Stack_Size = 0x400

.isr_vector     0x0000000008000000      0x198
                0x0000000008000000                . = ALIGN (0x4)
 *(.isr_vector)
 .isr_vector    0x0000000008000000      0x198 ./startup_stm32f411xe.o
                0x0000000008000000                g_pfnVectors
                0x0000000008000198                . = ALIGN (0x4)

.text           0x0000000008000198     0x16c0
                0x0000000008000198                . = ALIGN (0x4)
 *(.text)
 .text          0x0000000008000198       0x40 c:/st/stm32cubeide_1.7.0/stm32cubeide/plugins/com.st.stm32cube.ide.mcu.externaltools.gnu-tools-for-stm32.9-2020-q2-update.win32_2.0.0.202105311346/tools/bin/../lib/gcc/arm-none-eabi/9.3.1/thumb/v7e-m/nofp/crtbegin.o
 *(.text*)
 .text.SystemInit
                0x00000000080001d8       0x5c ./CMSIS/src/system_stm32f4xx.o
                0x00000000080001d8                SystemInit
 .text.SystemCoreClockUpdate
                0x0000000008000234      0x100 ./CMSIS/src/system_stm32f4xx.o
                0x0000000008000234                SystemCoreClockUpdate
 .text.CRC16    0x0000000008000334       0x6c ./Code/src/CRC16.o
                0x0000000008000334                CRC16
 .text.InitI2C1
                0x00000000080003a0      0x18c ./Code/src/lcd16xx.o
                0x00000000080003a0                InitI2C1
 .text.InitI2C1FSM
                0x000000000800052c       0x50 ./Code/src/lcd16xx.o
                0x000000000800052c                InitI2C1FSM
 .text.ProcessI2CWriteFSM
                0x000000000800057c       0xf4 ./Code/src/lcd16xx.o
                0x000000000800057c                ProcessI2CWriteFSM
 .text.I2C1_EV_IRQHandler
                0x0000000008000670       0x88 ./Code/src/lcd16xx.o
                0x0000000008000670                I2C1_EV_IRQHandler
 .text.InitLcdFSM
                0x00000000080006f8       0x20 ./Code/src/lcd16xx.o
                0x00000000080006f8                InitLcdFSM
 .text.ProcessLcdFSM
                0x0000000008000718      0x17c ./Code/src/lcd16xx.o
                0x0000000008000718                ProcessLcdFSM
 .text.InitLedFSM
                0x0000000008000894       0x2c ./Code/src/ledFSM.o
                0x0000000008000894                InitLedFSM
 .text.ProcessLedFSM
                0x00000000080008c0       0xdc ./Code/src/ledFSM.o
                0x00000000080008c0                ProcessLedFSM
 .text.main     0x000000000800099c       0x88 ./Code/src/main.o
                0x000000000800099c                main
 .text.InitMessage
                0x0000000008000a24       0x34 ./Code/src/messages.o
                0x0000000008000a24                InitMessage
 .text.SendMessage
                0x0000000008000a58       0x2c ./Code/src/messages.o
                0x0000000008000a58                SendMessage
 .text.ProcessMessage
                0x0000000008000a84       0x54 ./Code/src/messages.o
                0x0000000008000a84                ProcessMessage
 .text.GetMessage
                0x0000000008000ad8       0x34 ./Code/src/messages.o
                0x0000000008000ad8                GetMessage
 .text.InitModbusUSART
                0x0000000008000b0c      0x17c ./Code/src/modbus.o
                0x0000000008000b0c                InitModbusUSART
 .text.InitDMAforUSART
                0x0000000008000c88       0xa0 ./Code/src/modbus.o
                0x0000000008000c88                InitDMAforUSART
 .text.InitModbusFSM
                0x0000000008000d28       0x70 ./Code/src/modbus.o
                0x0000000008000d28                InitModbusFSM
 .text.ProcessSlaveModbusMessageReceptionRTUFSM
                0x0000000008000d98      0x190 ./Code/src/modbus.o
                0x0000000008000d98                ProcessSlaveModbusMessageReceptionRTUFSM
 .text.ProcessMessageGenerationSlaveModbusRTUFSM
                0x0000000008000f28      0x15c ./Code/src/modbus.o
                0x0000000008000f28                ProcessMessageGenerationSlaveModbusRTUFSM
 .text.ProcessModbusSlaveFSM
                0x0000000008001084       0x10 ./Code/src/modbus.o
                0x0000000008001084                ProcessModbusSlaveFSM
 .text.USART6_IRQHandler
                0x0000000008001094       0x6c ./Code/src/modbus.o
                0x0000000008001094                USART6_IRQHandler
 .text.DMA2_Stream7_IRQHandler
                0x0000000008001100       0x34 ./Code/src/modbus.o
                0x0000000008001100                DMA2_Stream7_IRQHandler
 .text.WriteSingleCoil
                0x0000000008001134       0xb8 ./Code/src/modbus.o
                0x0000000008001134                WriteSingleCoil
 .text.__NVIC_SetPriorityGrouping
                0x00000000080011ec       0x48 ./Code/src/system.o
 .text.__NVIC_EnableIRQ
                0x0000000008001234       0x38 ./Code/src/system.o
 .text.__NVIC_SetPriority
                0x000000000800126c       0x54 ./Code/src/system.o
 .text.NVIC_EncodePriority
                0x00000000080012c0       0x64 ./Code/src/system.o
 .text.InitRCC  0x0000000008001324      0x14c ./Code/src/system.o
                0x0000000008001324                InitRCC
 .text.UpdateNVICActiveAndPriority
                0x0000000008001470       0x90 ./Code/src/system.o
                0x0000000008001470                UpdateNVICActiveAndPriority
 .text.InitGPIO
                0x0000000008001500      0x110 ./Code/src/system.o
                0x0000000008001500                InitGPIO
 .text.InitTIM10
                0x0000000008001610       0x68 ./Code/src/virtualTimers.o
                0x0000000008001610                InitTIM10
 .text.TIM1_UP_TIM10_IRQHandler
                0x0000000008001678       0x84 ./Code/src/virtualTimers.o
                0x0000000008001678                TIM1_UP_TIM10_IRQHandler
 .text.InitGTimer
                0x00000000080016fc       0x30 ./Code/src/virtualTimers.o
                0x00000000080016fc                InitGTimer
 .text.StartGTimer
                0x000000000800172c       0x38 ./Code/src/virtualTimers.o
                0x000000000800172c                StartGTimer
 .text.StopGTimer
                0x0000000008001764       0x20 ./Code/src/virtualTimers.o
                0x0000000008001764                StopGTimer
 .text.GetGTimerVal
                0x0000000008001784       0x20 ./Code/src/virtualTimers.o
                0x0000000008001784                GetGTimerVal
 .text.Reset_Handler
                0x00000000080017a4       0x50 ./startup_stm32f411xe.o
                0x00000000080017a4                Reset_Handler
 .text.Default_Handler
                0x00000000080017f4        0x2 ./startup_stm32f411xe.o
                0x00000000080017f4                RTC_Alarm_IRQHandler
                0x00000000080017f4                EXTI2_IRQHandler
                0x00000000080017f4                DebugMon_Handler
                0x00000000080017f4                SPI4_IRQHandler
                0x00000000080017f4                TIM1_CC_IRQHandler
                0x00000000080017f4                DMA2_Stream5_IRQHandler
                0x00000000080017f4                HardFault_Handler
                0x00000000080017f4                DMA1_Stream5_IRQHandler
                0x00000000080017f4                SysTick_Handler
                0x00000000080017f4                PVD_IRQHandler
                0x00000000080017f4                SDIO_IRQHandler
                0x00000000080017f4                TAMP_STAMP_IRQHandler
                0x00000000080017f4                PendSV_Handler
                0x00000000080017f4                NMI_Handler
                0x00000000080017f4                EXTI3_IRQHandler
                0x00000000080017f4                I2C3_ER_IRQHandler
                0x00000000080017f4                EXTI0_IRQHandler
                0x00000000080017f4                I2C2_EV_IRQHandler
                0x00000000080017f4                DMA1_Stream2_IRQHandler
                0x00000000080017f4                FPU_IRQHandler
                0x00000000080017f4                UsageFault_Handler
                0x00000000080017f4                DMA2_Stream2_IRQHandler
                0x00000000080017f4                SPI1_IRQHandler
                0x00000000080017f4                TIM1_BRK_TIM9_IRQHandler
                0x00000000080017f4                DMA2_Stream3_IRQHandler
                0x00000000080017f4                DMA2_Stream0_IRQHandler
                0x00000000080017f4                TIM4_IRQHandler
                0x00000000080017f4                DMA1_Stream6_IRQHandler
                0x00000000080017f4                DMA1_Stream1_IRQHandler
                0x00000000080017f4                TIM3_IRQHandler
                0x00000000080017f4                RCC_IRQHandler
                0x00000000080017f4                Default_Handler
                0x00000000080017f4                EXTI15_10_IRQHandler
                0x00000000080017f4                ADC_IRQHandler
                0x00000000080017f4                DMA1_Stream7_IRQHandler
                0x00000000080017f4                SPI5_IRQHandler
                0x00000000080017f4                TIM5_IRQHandler
                0x00000000080017f4                I2C3_EV_IRQHandler
                0x00000000080017f4                EXTI9_5_IRQHandler
                0x00000000080017f4                RTC_WKUP_IRQHandler
                0x00000000080017f4                SPI2_IRQHandler
                0x00000000080017f4                MemManage_Handler
                0x00000000080017f4                DMA1_Stream0_IRQHandler
                0x00000000080017f4                SVC_Handler
                0x00000000080017f4                EXTI4_IRQHandler
                0x00000000080017f4                WWDG_IRQHandler
                0x00000000080017f4                TIM2_IRQHandler
                0x00000000080017f4                OTG_FS_WKUP_IRQHandler
                0x00000000080017f4                TIM1_TRG_COM_TIM11_IRQHandler
                0x00000000080017f4                EXTI1_IRQHandler
                0x00000000080017f4                USART2_IRQHandler
                0x00000000080017f4                I2C2_ER_IRQHandler
                0x00000000080017f4                DMA2_Stream1_IRQHandler
                0x00000000080017f4                FLASH_IRQHandler
                0x00000000080017f4                DMA2_Stream4_IRQHandler
                0x00000000080017f4                BusFault_Handler
                0x00000000080017f4                USART1_IRQHandler
                0x00000000080017f4                OTG_FS_IRQHandler
                0x00000000080017f4                SPI3_IRQHandler
                0x00000000080017f4                DMA1_Stream4_IRQHandler
                0x00000000080017f4                I2C1_ER_IRQHandler
                0x00000000080017f4                DMA2_Stream6_IRQHandler
                0x00000000080017f4                DMA1_Stream3_IRQHandler
 *fill*         0x00000000080017f6        0x2 
 .text.__libc_init_array
                0x00000000080017f8       0x48 c:/st/stm32cubeide_1.7.0/stm32cubeide/plugins/com.st.stm32cube.ide.mcu.externaltools.gnu-tools-for-stm32.9-2020-q2-update.win32_2.0.0.202105311346/tools/bin/../lib/gcc/arm-none-eabi/9.3.1/../../../../arm-none-eabi/lib/thumb/v7e-m/nofp\libc_nano.a(lib_a-init.o)
                0x00000000080017f8                __libc_init_array
 *(.glue_7)
 .glue_7        0x0000000008001840        0x0 linker stubs
 *(.glue_7t)
 .glue_7t       0x0000000008001840        0x0 linker stubs
 *(.eh_frame)
 .eh_frame      0x0000000008001840        0x0 c:/st/stm32cubeide_1.7.0/stm32cubeide/plugins/com.st.stm32cube.ide.mcu.externaltools.gnu-tools-for-stm32.9-2020-q2-update.win32_2.0.0.202105311346/tools/bin/../lib/gcc/arm-none-eabi/9.3.1/thumb/v7e-m/nofp/crtbegin.o
 *(.init)
 .init          0x0000000008001840        0x4 c:/st/stm32cubeide_1.7.0/stm32cubeide/plugins/com.st.stm32cube.ide.mcu.externaltools.gnu-tools-for-stm32.9-2020-q2-update.win32_2.0.0.202105311346/tools/bin/../lib/gcc/arm-none-eabi/9.3.1/thumb/v7e-m/nofp/crti.o
                0x0000000008001840                _init
 .init          0x0000000008001844        0x8 c:/st/stm32cubeide_1.7.0/stm32cubeide/plugins/com.st.stm32cube.ide.mcu.externaltools.gnu-tools-for-stm32.9-2020-q2-update.win32_2.0.0.202105311346/tools/bin/../lib/gcc/arm-none-eabi/9.3.1/thumb/v7e-m/nofp/crtn.o
 *(.fini)
 .fini          0x000000000800184c        0x4 c:/st/stm32cubeide_1.7.0/stm32cubeide/plugins/com.st.stm32cube.ide.mcu.externaltools.gnu-tools-for-stm32.9-2020-q2-update.win32_2.0.0.202105311346/tools/bin/../lib/gcc/arm-none-eabi/9.3.1/thumb/v7e-m/nofp/crti.o
                0x000000000800184c                _fini
 .fini          0x0000000008001850        0x8 c:/st/stm32cubeide_1.7.0/stm32cubeide/plugins/com.st.stm32cube.ide.mcu.externaltools.gnu-tools-for-stm32.9-2020-q2-update.win32_2.0.0.202105311346/tools/bin/../lib/gcc/arm-none-eabi/9.3.1/thumb/v7e-m/nofp/crtn.o
                0x0000000008001858                . = ALIGN (0x4)
                0x0000000008001858                _etext = .

.vfp11_veneer   0x0000000008001858        0x0
 .vfp11_veneer  0x0000000008001858        0x0 linker stubs

.v4_bx          0x0000000008001858        0x0
 .v4_bx         0x0000000008001858        0x0 linker stubs

.iplt           0x0000000008001858        0x0
 .iplt          0x0000000008001858        0x0 c:/st/stm32cubeide_1.7.0/stm32cubeide/plugins/com.st.stm32cube.ide.mcu.externaltools.gnu-tools-for-stm32.9-2020-q2-update.win32_2.0.0.202105311346/tools/bin/../lib/gcc/arm-none-eabi/9.3.1/thumb/v7e-m/nofp/crtbegin.o

.rodata         0x0000000008001858      0x230
                0x0000000008001858                . = ALIGN (0x4)
 *(.rodata)
 *(.rodata*)
 .rodata.AHBPrescTable
                0x0000000008001858       0x10 ./CMSIS/src/system_stm32f4xx.o
                0x0000000008001858                AHBPrescTable
 .rodata.auchCRCHi
                0x0000000008001868      0x100 ./Code/src/CRC16.o
                0x0000000008001868                auchCRCHi
 .rodata.auchCRCLo
                0x0000000008001968      0x100 ./Code/src/CRC16.o
                0x0000000008001968                auchCRCLo
 .rodata.BuferLCDInit
                0x0000000008001a68       0x20 ./Code/src/lcd16xx.o
                0x0000000008001a68                BuferLCDInit
                0x0000000008001a88                . = ALIGN (0x4)

.rel.dyn        0x0000000008001a88        0x0
 .rel.iplt      0x0000000008001a88        0x0 c:/st/stm32cubeide_1.7.0/stm32cubeide/plugins/com.st.stm32cube.ide.mcu.externaltools.gnu-tools-for-stm32.9-2020-q2-update.win32_2.0.0.202105311346/tools/bin/../lib/gcc/arm-none-eabi/9.3.1/thumb/v7e-m/nofp/crtbegin.o

.ARM.extab
 *(.ARM.extab* .gnu.linkonce.armextab.*)

.ARM            0x0000000008001a88        0x0
                0x0000000008001a88                __exidx_start = .
 *(.ARM.exidx*)
                0x0000000008001a88                __exidx_end = .

.preinit_array  0x0000000008001a88        0x0
                0x0000000008001a88                PROVIDE (__preinit_array_start = .)
 *(.preinit_array*)
                0x0000000008001a88                PROVIDE (__preinit_array_end = .)

.init_array     0x0000000008001a88        0x4
                0x0000000008001a88                PROVIDE (__init_array_start = .)
 *(SORT_BY_NAME(.init_array.*))
 *(.init_array*)
 .init_array    0x0000000008001a88        0x4 c:/st/stm32cubeide_1.7.0/stm32cubeide/plugins/com.st.stm32cube.ide.mcu.externaltools.gnu-tools-for-stm32.9-2020-q2-update.win32_2.0.0.202105311346/tools/bin/../lib/gcc/arm-none-eabi/9.3.1/thumb/v7e-m/nofp/crtbegin.o
                0x0000000008001a8c                PROVIDE (__init_array_end = .)

.fini_array     0x0000000008001a8c        0x4
                [!provide]                        PROVIDE (__fini_array_start = .)
 *(SORT_BY_NAME(.fini_array.*))
 *(.fini_array*)
 .fini_array    0x0000000008001a8c        0x4 c:/st/stm32cubeide_1.7.0/stm32cubeide/plugins/com.st.stm32cube.ide.mcu.externaltools.gnu-tools-for-stm32.9-2020-q2-update.win32_2.0.0.202105311346/tools/bin/../lib/gcc/arm-none-eabi/9.3.1/thumb/v7e-m/nofp/crtbegin.o
                [!provide]                        PROVIDE (__fini_array_end = .)
                0x0000000008001a90                _sidata = LOADADDR (.data)

.data           0x0000000020000000        0x4 load address 0x0000000008001a90
                0x0000000020000000                . = ALIGN (0x4)
                0x0000000020000000                _sdata = .
 *(.data)
 *(.data*)
 .data.SystemCoreClock
                0x0000000020000000        0x4 ./CMSIS/src/system_stm32f4xx.o
                0x0000000020000000                SystemCoreClock
                0x0000000020000004                . = ALIGN (0x4)
                0x0000000020000004                _edata = .

.igot.plt       0x0000000020000004        0x0 load address 0x0000000008001a94
 .igot.plt      0x0000000020000004        0x0 c:/st/stm32cubeide_1.7.0/stm32cubeide/plugins/com.st.stm32cube.ide.mcu.externaltools.gnu-tools-for-stm32.9-2020-q2-update.win32_2.0.0.202105311346/tools/bin/../lib/gcc/arm-none-eabi/9.3.1/thumb/v7e-m/nofp/crtbegin.o
                0x0000000020000004                . = ALIGN (0x4)

.bss            0x0000000020000004      0x2dc load address 0x0000000008001a94
                0x0000000020000004                _sbss = .
                0x0000000020000004                __bss_start__ = _sbss
 *(.bss)
 .bss           0x0000000020000004       0x1c c:/st/stm32cubeide_1.7.0/stm32cubeide/plugins/com.st.stm32cube.ide.mcu.externaltools.gnu-tools-for-stm32.9-2020-q2-update.win32_2.0.0.202105311346/tools/bin/../lib/gcc/arm-none-eabi/9.3.1/thumb/v7e-m/nofp/crtbegin.o
 *(.bss*)
 *(COMMON)
 COMMON         0x0000000020000020       0x6c ./Code/src/lcd16xx.o
                0x0000000020000020                i2cEntry
                0x0000000020000021                I2C1NumberOfTransaction
                0x0000000020000022                _lcdStates
                0x0000000020000023                _i2cSendStates
                0x0000000020000024                I2C1Data
                0x0000000020000088                lcdStates
                0x0000000020000089                i2cSendStates
                0x000000002000008a                lcdEntry
                0x000000002000008b                I2C1SendBuferLenght
 COMMON         0x000000002000008c        0x3 ./Code/src/ledFSM.o
                0x000000002000008c                statePis
                0x000000002000008d                entryPis1
                0x000000002000008e                _statePis
 *fill*         0x000000002000008f        0x1 
 COMMON         0x0000000020000090       0x1e ./Code/src/messages.o
                0x0000000020000090                Messages
 *fill*         0x00000000200000ae        0x2 
 COMMON         0x00000000200000b0      0x212 ./Code/src/modbus.o
                0x00000000200000b0                entry
                0x00000000200000b1                _stateMessageGenSlave
                0x00000000200000b2                _state
                0x00000000200000b4                CRCVal
                0x00000000200000b6                state
                0x00000000200000b7                stateMessageGenSlave
                0x00000000200000b8                _CurrentItemOfBuf
                0x00000000200000bc                ModbusSendData
                0x00000000200001bc                CRCRecVal
                0x00000000200001c0                ModbusData
                0x00000000200002c0                CurrentItemOfBuf
                0x00000000200002c1                entryMessageGenSlave
 *fill*         0x00000000200002c2        0x2 
 COMMON         0x00000000200002c4       0x1a ./Code/src/virtualTimers.o
                0x00000000200002c4                MRTUcount
                0x00000000200002c8                GTimerVal
                0x00000000200002d8                GTimerState
                0x00000000200002dc                ReceptionStatus
                0x00000000200002e0                . = ALIGN (0x4)
 *fill*         0x00000000200002de        0x2 
                0x00000000200002e0                _ebss = .
                0x00000000200002e0                __bss_end__ = _ebss

._user_heap_stack
                0x00000000200002e0      0x400 load address 0x0000000008001a94
                0x00000000200002e0                . = ALIGN (0x4)
                [!provide]                        PROVIDE (end = .)
                [!provide]                        PROVIDE (_end = .)
                0x00000000200002e0                . = (. + _Min_Heap_Size)
                0x00000000200006e0                . = (. + _Min_Stack_Size)
 *fill*         0x00000000200002e0      0x400 
                0x00000000200006e0                . = ALIGN (0x4)

.memory_b1_text
 *(.mb1text)
 *(.mb1text*)
 *(.mb1rodata)
 *(.mb1rodata*)

/DISCARD/
 libc.a(*)
 libm.a(*)
 libgcc.a(*)

.ARM.attributes
                0x0000000000000000       0x2a
 *(.ARM.attributes)
 .ARM.attributes
                0x0000000000000000       0x1e c:/st/stm32cubeide_1.7.0/stm32cubeide/plugins/com.st.stm32cube.ide.mcu.externaltools.gnu-tools-for-stm32.9-2020-q2-update.win32_2.0.0.202105311346/tools/bin/../lib/gcc/arm-none-eabi/9.3.1/thumb/v7e-m/nofp/crti.o
 .ARM.attributes
                0x000000000000001e       0x2e c:/st/stm32cubeide_1.7.0/stm32cubeide/plugins/com.st.stm32cube.ide.mcu.externaltools.gnu-tools-for-stm32.9-2020-q2-update.win32_2.0.0.202105311346/tools/bin/../lib/gcc/arm-none-eabi/9.3.1/thumb/v7e-m/nofp/crtbegin.o
 .ARM.attributes
                0x000000000000004c       0x2e ./CMSIS/src/system_stm32f4xx.o
 .ARM.attributes
                0x000000000000007a       0x2e ./Code/src/CRC16.o
 .ARM.attributes
                0x00000000000000a8       0x2e ./Code/src/lcd16xx.o
 .ARM.attributes
                0x00000000000000d6       0x2e ./Code/src/ledFSM.o
 .ARM.attributes
                0x0000000000000104       0x2e ./Code/src/main.o
 .ARM.attributes
                0x0000000000000132       0x2e ./Code/src/messages.o
 .ARM.attributes
                0x0000000000000160       0x2e ./Code/src/modbus.o
 .ARM.attributes
                0x000000000000018e       0x2e ./Code/src/system.o
 .ARM.attributes
                0x00000000000001bc       0x2e ./Code/src/virtualTimers.o
 .ARM.attributes
                0x00000000000001ea       0x21 ./startup_stm32f411xe.o
 .ARM.attributes
                0x000000000000020b       0x2e c:/st/stm32cubeide_1.7.0/stm32cubeide/plugins/com.st.stm32cube.ide.mcu.externaltools.gnu-tools-for-stm32.9-2020-q2-update.win32_2.0.0.202105311346/tools/bin/../lib/gcc/arm-none-eabi/9.3.1/../../../../arm-none-eabi/lib/thumb/v7e-m/nofp\libc_nano.a(lib_a-init.o)
 .ARM.attributes
                0x0000000000000239       0x1e c:/st/stm32cubeide_1.7.0/stm32cubeide/plugins/com.st.stm32cube.ide.mcu.externaltools.gnu-tools-for-stm32.9-2020-q2-update.win32_2.0.0.202105311346/tools/bin/../lib/gcc/arm-none-eabi/9.3.1/thumb/v7e-m/nofp/crtn.o
OUTPUT(My Libraries.elf elf32-littlearm)
LOAD linker stubs
LOAD c:/st/stm32cubeide_1.7.0/stm32cubeide/plugins/com.st.stm32cube.ide.mcu.externaltools.gnu-tools-for-stm32.9-2020-q2-update.win32_2.0.0.202105311346/tools/bin/../lib/gcc/arm-none-eabi/9.3.1/../../../../arm-none-eabi/lib/thumb/v7e-m/nofp\libc.a
LOAD c:/st/stm32cubeide_1.7.0/stm32cubeide/plugins/com.st.stm32cube.ide.mcu.externaltools.gnu-tools-for-stm32.9-2020-q2-update.win32_2.0.0.202105311346/tools/bin/../lib/gcc/arm-none-eabi/9.3.1/../../../../arm-none-eabi/lib/thumb/v7e-m/nofp\libm.a
LOAD c:/st/stm32cubeide_1.7.0/stm32cubeide/plugins/com.st.stm32cube.ide.mcu.externaltools.gnu-tools-for-stm32.9-2020-q2-update.win32_2.0.0.202105311346/tools/bin/../lib/gcc/arm-none-eabi/9.3.1/thumb/v7e-m/nofp\libgcc.a

.debug_info     0x0000000000000000     0x2ba2
 .debug_info    0x0000000000000000      0x572 ./CMSIS/src/system_stm32f4xx.o
 .debug_info    0x0000000000000572      0x1e8 ./Code/src/CRC16.o
 .debug_info    0x000000000000075a      0x62c ./Code/src/lcd16xx.o
 .debug_info    0x0000000000000d86      0x227 ./Code/src/ledFSM.o
 .debug_info    0x0000000000000fad      0x1e3 ./Code/src/main.o
 .debug_info    0x0000000000001190      0x1da ./Code/src/messages.o
 .debug_info    0x000000000000136a      0x7be ./Code/src/modbus.o
 .debug_info    0x0000000000001b28      0xa53 ./Code/src/system.o
 .debug_info    0x000000000000257b      0x605 ./Code/src/virtualTimers.o
 .debug_info    0x0000000000002b80       0x22 ./startup_stm32f411xe.o

.debug_abbrev   0x0000000000000000      0xb88
 .debug_abbrev  0x0000000000000000      0x129 ./CMSIS/src/system_stm32f4xx.o
 .debug_abbrev  0x0000000000000129       0xde ./Code/src/CRC16.o
 .debug_abbrev  0x0000000000000207      0x14a ./Code/src/lcd16xx.o
 .debug_abbrev  0x0000000000000351      0x109 ./Code/src/ledFSM.o
 .debug_abbrev  0x000000000000045a       0xde ./Code/src/main.o
 .debug_abbrev  0x0000000000000538      0x10b ./Code/src/messages.o
 .debug_abbrev  0x0000000000000643      0x1fe ./Code/src/modbus.o
 .debug_abbrev  0x0000000000000841      0x1c5 ./Code/src/system.o
 .debug_abbrev  0x0000000000000a06      0x170 ./Code/src/virtualTimers.o
 .debug_abbrev  0x0000000000000b76       0x12 ./startup_stm32f411xe.o

.debug_aranges  0x0000000000000000      0x240
 .debug_aranges
                0x0000000000000000       0x28 ./CMSIS/src/system_stm32f4xx.o
 .debug_aranges
                0x0000000000000028       0x20 ./Code/src/CRC16.o
 .debug_aranges
                0x0000000000000048       0x48 ./Code/src/lcd16xx.o
 .debug_aranges
                0x0000000000000090       0x28 ./Code/src/ledFSM.o
 .debug_aranges
                0x00000000000000b8       0x20 ./Code/src/main.o
 .debug_aranges
                0x00000000000000d8       0x38 ./Code/src/messages.o
 .debug_aranges
                0x0000000000000110       0x60 ./Code/src/modbus.o
 .debug_aranges
                0x0000000000000170       0x50 ./Code/src/system.o
 .debug_aranges
                0x00000000000001c0       0x58 ./Code/src/virtualTimers.o
 .debug_aranges
                0x0000000000000218       0x28 ./startup_stm32f411xe.o

.debug_ranges   0x0000000000000000      0x1a8
 .debug_ranges  0x0000000000000000       0x18 ./CMSIS/src/system_stm32f4xx.o
 .debug_ranges  0x0000000000000018       0x10 ./Code/src/CRC16.o
 .debug_ranges  0x0000000000000028       0x38 ./Code/src/lcd16xx.o
 .debug_ranges  0x0000000000000060       0x18 ./Code/src/ledFSM.o
 .debug_ranges  0x0000000000000078       0x10 ./Code/src/main.o
 .debug_ranges  0x0000000000000088       0x28 ./Code/src/messages.o
 .debug_ranges  0x00000000000000b0       0x50 ./Code/src/modbus.o
 .debug_ranges  0x0000000000000100       0x40 ./Code/src/system.o
 .debug_ranges  0x0000000000000140       0x48 ./Code/src/virtualTimers.o
 .debug_ranges  0x0000000000000188       0x20 ./startup_stm32f411xe.o

.debug_macro    0x0000000000000000     0xe589
 .debug_macro   0x0000000000000000       0xe0 ./CMSIS/src/system_stm32f4xx.o
 .debug_macro   0x00000000000000e0      0xa8a ./CMSIS/src/system_stm32f4xx.o
 .debug_macro   0x0000000000000b6a       0x38 ./CMSIS/src/system_stm32f4xx.o
 .debug_macro   0x0000000000000ba2       0x28 ./CMSIS/src/system_stm32f4xx.o
 .debug_macro   0x0000000000000bca       0x22 ./CMSIS/src/system_stm32f4xx.o
 .debug_macro   0x0000000000000bec       0x8e ./CMSIS/src/system_stm32f4xx.o
 .debug_macro   0x0000000000000c7a       0x51 ./CMSIS/src/system_stm32f4xx.o
 .debug_macro   0x0000000000000ccb      0x103 ./CMSIS/src/system_stm32f4xx.o
 .debug_macro   0x0000000000000dce       0x6a ./CMSIS/src/system_stm32f4xx.o
 .debug_macro   0x0000000000000e38      0x1df ./CMSIS/src/system_stm32f4xx.o
 .debug_macro   0x0000000000001017       0x1c ./CMSIS/src/system_stm32f4xx.o
 .debug_macro   0x0000000000001033       0x22 ./CMSIS/src/system_stm32f4xx.o
 .debug_macro   0x0000000000001055       0xdf ./CMSIS/src/system_stm32f4xx.o
 .debug_macro   0x0000000000001134     0x102d ./CMSIS/src/system_stm32f4xx.o
 .debug_macro   0x0000000000002161      0x11f ./CMSIS/src/system_stm32f4xx.o
 .debug_macro   0x0000000000002280     0xb93e ./CMSIS/src/system_stm32f4xx.o
 .debug_macro   0x000000000000dbbe       0x43 ./CMSIS/src/system_stm32f4xx.o
 .debug_macro   0x000000000000dc01       0xc3 ./Code/src/CRC16.o
 .debug_macro   0x000000000000dcc4       0xe7 ./Code/src/lcd16xx.o
 .debug_macro   0x000000000000ddab       0x46 ./Code/src/lcd16xx.o
 .debug_macro   0x000000000000ddf1       0x4c ./Code/src/lcd16xx.o
 .debug_macro   0x000000000000de3d       0x10 ./Code/src/lcd16xx.o
 .debug_macro   0x000000000000de4d       0xe2 ./Code/src/ledFSM.o
 .debug_macro   0x000000000000df2f      0x1dd ./Code/src/main.o
 .debug_macro   0x000000000000e10c       0xb2 ./Code/src/main.o
 .debug_macro   0x000000000000e1be       0xc8 ./Code/src/messages.o
 .debug_macro   0x000000000000e286      0x113 ./Code/src/modbus.o
 .debug_macro   0x000000000000e399      0x11b ./Code/src/system.o
 .debug_macro   0x000000000000e4b4       0xd5 ./Code/src/virtualTimers.o

.debug_line     0x0000000000000000     0x35f5
 .debug_line    0x0000000000000000      0x50e ./CMSIS/src/system_stm32f4xx.o
 .debug_line    0x000000000000050e      0x4b7 ./Code/src/CRC16.o
 .debug_line    0x00000000000009c5      0x747 ./Code/src/lcd16xx.o
 .debug_line    0x000000000000110c      0x53b ./Code/src/ledFSM.o
 .debug_line    0x0000000000001647      0x51e ./Code/src/main.o
 .debug_line    0x0000000000001b65      0x534 ./Code/src/messages.o
 .debug_line    0x0000000000002099      0x863 ./Code/src/modbus.o
 .debug_line    0x00000000000028fc      0x698 ./Code/src/system.o
 .debug_line    0x0000000000002f94      0x5ea ./Code/src/virtualTimers.o
 .debug_line    0x000000000000357e       0x77 ./startup_stm32f411xe.o

.debug_str      0x0000000000000000    0x5052e
 .debug_str     0x0000000000000000    0x4f6cd ./CMSIS/src/system_stm32f4xx.o
                                      0x4f84e (size before relaxing)
 .debug_str     0x000000000004f6cd       0x47 ./Code/src/CRC16.o
                                      0x4f391 (size before relaxing)
 .debug_str     0x000000000004f714      0x2df ./Code/src/lcd16xx.o
                                      0x4f73d (size before relaxing)
 .debug_str     0x000000000004f9f3       0x42 ./Code/src/ledFSM.o
                                      0x4f534 (size before relaxing)
 .debug_str     0x000000000004fa35      0x2de ./Code/src/main.o
                                      0x4f7ef (size before relaxing)
 .debug_str     0x000000000004fd13       0x52 ./Code/src/messages.o
                                      0x4f463 (size before relaxing)
 .debug_str     0x000000000004fd65      0x204 ./Code/src/modbus.o
                                      0x4fb30 (size before relaxing)
 .debug_str     0x000000000004ff69      0x4bc ./Code/src/system.o
                                      0x4fe4a (size before relaxing)
 .debug_str     0x0000000000050425       0xe2 ./Code/src/virtualTimers.o
                                      0x4f6df (size before relaxing)
 .debug_str     0x0000000000050507       0x27 ./startup_stm32f411xe.o
                                         0x66 (size before relaxing)

.comment        0x0000000000000000       0x53
 .comment       0x0000000000000000       0x53 ./CMSIS/src/system_stm32f4xx.o
                                         0x54 (size before relaxing)
 .comment       0x0000000000000053       0x54 ./Code/src/CRC16.o
 .comment       0x0000000000000053       0x54 ./Code/src/lcd16xx.o
 .comment       0x0000000000000053       0x54 ./Code/src/ledFSM.o
 .comment       0x0000000000000053       0x54 ./Code/src/main.o
 .comment       0x0000000000000053       0x54 ./Code/src/messages.o
 .comment       0x0000000000000053       0x54 ./Code/src/modbus.o
 .comment       0x0000000000000053       0x54 ./Code/src/system.o
 .comment       0x0000000000000053       0x54 ./Code/src/virtualTimers.o

.debug_frame    0x0000000000000000      0x644
 .debug_frame   0x0000000000000000       0x58 ./CMSIS/src/system_stm32f4xx.o
 .debug_frame   0x0000000000000058       0x38 ./Code/src/CRC16.o
 .debug_frame   0x0000000000000090       0xd0 ./Code/src/lcd16xx.o
 .debug_frame   0x0000000000000160       0x4c ./Code/src/ledFSM.o
 .debug_frame   0x00000000000001ac       0x2c ./Code/src/main.o
 .debug_frame   0x00000000000001d8       0xb0 ./Code/src/messages.o
 .debug_frame   0x0000000000000288      0x144 ./Code/src/modbus.o
 .debug_frame   0x00000000000003cc      0x108 ./Code/src/system.o
 .debug_frame   0x00000000000004d4      0x144 ./Code/src/virtualTimers.o
 .debug_frame   0x0000000000000618       0x2c c:/st/stm32cubeide_1.7.0/stm32cubeide/plugins/com.st.stm32cube.ide.mcu.externaltools.gnu-tools-for-stm32.9-2020-q2-update.win32_2.0.0.202105311346/tools/bin/../lib/gcc/arm-none-eabi/9.3.1/../../../../arm-none-eabi/lib/thumb/v7e-m/nofp\libc_nano.a(lib_a-init.o)
