Archive member included to satisfy reference by file (symbol)

c:/st/stm32cubeide_1.7.0/stm32cubeide/plugins/com.st.stm32cube.ide.mcu.externaltools.gnu-tools-for-stm32.9-2020-q2-update.win32_2.0.0.202105311346/tools/bin/../lib/gcc/arm-none-eabi/9.3.1/../../../../arm-none-eabi/lib/thumb/v7e-m/nofp\libc_nano.a(lib_a-exit.o)
                              c:/st/stm32cubeide_1.7.0/stm32cubeide/plugins/com.st.stm32cube.ide.mcu.externaltools.gnu-tools-for-stm32.9-2020-q2-update.win32_2.0.0.202105311346/tools/bin/../lib/gcc/arm-none-eabi/9.3.1/../../../../arm-none-eabi/lib/thumb/v7e-m/nofp/crt0.o (exit)
c:/st/stm32cubeide_1.7.0/stm32cubeide/plugins/com.st.stm32cube.ide.mcu.externaltools.gnu-tools-for-stm32.9-2020-q2-update.win32_2.0.0.202105311346/tools/bin/../lib/gcc/arm-none-eabi/9.3.1/../../../../arm-none-eabi/lib/thumb/v7e-m/nofp\libc_nano.a(lib_a-impure.o)
                              c:/st/stm32cubeide_1.7.0/stm32cubeide/plugins/com.st.stm32cube.ide.mcu.externaltools.gnu-tools-for-stm32.9-2020-q2-update.win32_2.0.0.202105311346/tools/bin/../lib/gcc/arm-none-eabi/9.3.1/../../../../arm-none-eabi/lib/thumb/v7e-m/nofp\libc_nano.a(lib_a-exit.o) (_global_impure_ptr)
c:/st/stm32cubeide_1.7.0/stm32cubeide/plugins/com.st.stm32cube.ide.mcu.externaltools.gnu-tools-for-stm32.9-2020-q2-update.win32_2.0.0.202105311346/tools/bin/../lib/gcc/arm-none-eabi/9.3.1/../../../../arm-none-eabi/lib/thumb/v7e-m/nofp\libc_nano.a(lib_a-init.o)
                              c:/st/stm32cubeide_1.7.0/stm32cubeide/plugins/com.st.stm32cube.ide.mcu.externaltools.gnu-tools-for-stm32.9-2020-q2-update.win32_2.0.0.202105311346/tools/bin/../lib/gcc/arm-none-eabi/9.3.1/../../../../arm-none-eabi/lib/thumb/v7e-m/nofp/crt0.o (__libc_init_array)
c:/st/stm32cubeide_1.7.0/stm32cubeide/plugins/com.st.stm32cube.ide.mcu.externaltools.gnu-tools-for-stm32.9-2020-q2-update.win32_2.0.0.202105311346/tools/bin/../lib/gcc/arm-none-eabi/9.3.1/../../../../arm-none-eabi/lib/thumb/v7e-m/nofp\libc_nano.a(lib_a-memset.o)
                              c:/st/stm32cubeide_1.7.0/stm32cubeide/plugins/com.st.stm32cube.ide.mcu.externaltools.gnu-tools-for-stm32.9-2020-q2-update.win32_2.0.0.202105311346/tools/bin/../lib/gcc/arm-none-eabi/9.3.1/../../../../arm-none-eabi/lib/thumb/v7e-m/nofp/crt0.o (memset)
c:/st/stm32cubeide_1.7.0/stm32cubeide/plugins/com.st.stm32cube.ide.mcu.externaltools.gnu-tools-for-stm32.9-2020-q2-update.win32_2.0.0.202105311346/tools/bin/../lib/gcc/arm-none-eabi/9.3.1/../../../../arm-none-eabi/lib/thumb/v7e-m/nofp\libnosys.a(_exit.o)
                              c:/st/stm32cubeide_1.7.0/stm32cubeide/plugins/com.st.stm32cube.ide.mcu.externaltools.gnu-tools-for-stm32.9-2020-q2-update.win32_2.0.0.202105311346/tools/bin/../lib/gcc/arm-none-eabi/9.3.1/../../../../arm-none-eabi/lib/thumb/v7e-m/nofp\libc_nano.a(lib_a-exit.o) (_exit)

Allocating common symbols
Common symbol       size              file

entry               0x1               ./Code/src/modbus.o
MRTUcount           0x2               ./Code/src/virtualTimers.o
entryWS281x         0x1               ./Code/src/WS2812.o
_stateMessageGenSlave
                    0x1               ./Code/src/modbus.o
i2cEntry            0x1               ./Code/src/I2C.o
DmaBufer0           0x30              ./Code/src/WS2812.o
Bufer1Pointer       0x1               ./Code/src/WS2812.o
LedStrip            0x80              ./Code/src/WS2812.o
I2C1NumberOfTransaction
                    0x1               ./Code/src/I2C.o
statePis            0x1               ./Code/src/ledFSM.o
_state              0x1               ./Code/src/modbus.o
CRCVal              0x2               ./Code/src/modbus.o
state               0x1               ./Code/src/modbus.o
stateMessageGenSlave
                    0x1               ./Code/src/modbus.o
BufferDMAforWS      0xf0              ./Code/src/WS2812.o
RingBufferWS281x    0x8               ./Code/src/WS2812.o
GTimerVal           0x10              ./Code/src/virtualTimers.o
_lcdStates          0x1               ./Code/src/lcd16xx.o
stateWS281x         0x1               ./Code/src/WS2812.o
_CurrentItemOfBuf   0x1               ./Code/src/modbus.o
ModbusSendData      0x100             ./Code/src/modbus.o
_i2cSendStates      0x1               ./Code/src/I2C.o
Bufer0Pointer       0x1               ./Code/src/WS2812.o
CRCRecVal           0x2               ./Code/src/modbus.o
I2C1Data            0x46              ./Code/src/I2C.o
SendLed             0x4               ./Code/src/WS2812.o
ModbusData          0x100             ./Code/src/modbus.o
CurrentItemOfBuf    0x1               ./Code/src/modbus.o
I2C1CurrentBuferItem
                    0x2               ./Code/src/I2C.o
GTimerState         0x4               ./Code/src/virtualTimers.o
lcdStates           0x1               ./Code/src/lcd16xx.o
entryPis1           0x1               ./Code/src/ledFSM.o
i2cSendStates       0x1               ./Code/src/I2C.o
lcdEntry            0x1               ./Code/src/lcd16xx.o
_stateWS281x        0x1               ./Code/src/WS2812.o
ReceptionStatus     0x2               ./Code/src/virtualTimers.o
Messages            0xb4              ./Code/src/messages.o
I2C1SendBuferLenght
                    0x2               ./Code/src/I2C.o
entryMessageGenSlave
                    0x1               ./Code/src/modbus.o
DmaBufer1           0x30              ./Code/src/WS2812.o
_statePis           0x1               ./Code/src/ledFSM.o

Discarded input sections

 .text          0x0000000000000000        0x0 c:/st/stm32cubeide_1.7.0/stm32cubeide/plugins/com.st.stm32cube.ide.mcu.externaltools.gnu-tools-for-stm32.9-2020-q2-update.win32_2.0.0.202105311346/tools/bin/../lib/gcc/arm-none-eabi/9.3.1/thumb/v7e-m/nofp/crti.o
 .data          0x0000000000000000        0x0 c:/st/stm32cubeide_1.7.0/stm32cubeide/plugins/com.st.stm32cube.ide.mcu.externaltools.gnu-tools-for-stm32.9-2020-q2-update.win32_2.0.0.202105311346/tools/bin/../lib/gcc/arm-none-eabi/9.3.1/thumb/v7e-m/nofp/crti.o
 .bss           0x0000000000000000        0x0 c:/st/stm32cubeide_1.7.0/stm32cubeide/plugins/com.st.stm32cube.ide.mcu.externaltools.gnu-tools-for-stm32.9-2020-q2-update.win32_2.0.0.202105311346/tools/bin/../lib/gcc/arm-none-eabi/9.3.1/thumb/v7e-m/nofp/crti.o
 .data          0x0000000000000000        0x4 c:/st/stm32cubeide_1.7.0/stm32cubeide/plugins/com.st.stm32cube.ide.mcu.externaltools.gnu-tools-for-stm32.9-2020-q2-update.win32_2.0.0.202105311346/tools/bin/../lib/gcc/arm-none-eabi/9.3.1/thumb/v7e-m/nofp/crtbegin.o
 .text          0x0000000000000000       0x7c c:/st/stm32cubeide_1.7.0/stm32cubeide/plugins/com.st.stm32cube.ide.mcu.externaltools.gnu-tools-for-stm32.9-2020-q2-update.win32_2.0.0.202105311346/tools/bin/../lib/gcc/arm-none-eabi/9.3.1/../../../../arm-none-eabi/lib/thumb/v7e-m/nofp/crt0.o
 .data          0x0000000000000000        0x0 c:/st/stm32cubeide_1.7.0/stm32cubeide/plugins/com.st.stm32cube.ide.mcu.externaltools.gnu-tools-for-stm32.9-2020-q2-update.win32_2.0.0.202105311346/tools/bin/../lib/gcc/arm-none-eabi/9.3.1/../../../../arm-none-eabi/lib/thumb/v7e-m/nofp/crt0.o
 .bss           0x0000000000000000        0x0 c:/st/stm32cubeide_1.7.0/stm32cubeide/plugins/com.st.stm32cube.ide.mcu.externaltools.gnu-tools-for-stm32.9-2020-q2-update.win32_2.0.0.202105311346/tools/bin/../lib/gcc/arm-none-eabi/9.3.1/../../../../arm-none-eabi/lib/thumb/v7e-m/nofp/crt0.o
 .ARM.extab     0x0000000000000000        0x0 c:/st/stm32cubeide_1.7.0/stm32cubeide/plugins/com.st.stm32cube.ide.mcu.externaltools.gnu-tools-for-stm32.9-2020-q2-update.win32_2.0.0.202105311346/tools/bin/../lib/gcc/arm-none-eabi/9.3.1/../../../../arm-none-eabi/lib/thumb/v7e-m/nofp/crt0.o
 .ARM.exidx     0x0000000000000000       0x10 c:/st/stm32cubeide_1.7.0/stm32cubeide/plugins/com.st.stm32cube.ide.mcu.externaltools.gnu-tools-for-stm32.9-2020-q2-update.win32_2.0.0.202105311346/tools/bin/../lib/gcc/arm-none-eabi/9.3.1/../../../../arm-none-eabi/lib/thumb/v7e-m/nofp/crt0.o
 .ARM.attributes
                0x0000000000000000       0x1c c:/st/stm32cubeide_1.7.0/stm32cubeide/plugins/com.st.stm32cube.ide.mcu.externaltools.gnu-tools-for-stm32.9-2020-q2-update.win32_2.0.0.202105311346/tools/bin/../lib/gcc/arm-none-eabi/9.3.1/../../../../arm-none-eabi/lib/thumb/v7e-m/nofp/crt0.o
 .group         0x0000000000000000        0xc ./CMSIS/src/system_stm32f4xx.o
 .group         0x0000000000000000        0xc ./CMSIS/src/system_stm32f4xx.o
 .group         0x0000000000000000        0xc ./CMSIS/src/system_stm32f4xx.o
 .group         0x0000000000000000        0xc ./CMSIS/src/system_stm32f4xx.o
 .group         0x0000000000000000        0xc ./CMSIS/src/system_stm32f4xx.o
 .group         0x0000000000000000        0xc ./CMSIS/src/system_stm32f4xx.o
 .group         0x0000000000000000        0xc ./CMSIS/src/system_stm32f4xx.o
 .group         0x0000000000000000        0xc ./CMSIS/src/system_stm32f4xx.o
 .group         0x0000000000000000        0xc ./CMSIS/src/system_stm32f4xx.o
 .group         0x0000000000000000        0xc ./CMSIS/src/system_stm32f4xx.o
 .group         0x0000000000000000        0xc ./CMSIS/src/system_stm32f4xx.o
 .group         0x0000000000000000        0xc ./CMSIS/src/system_stm32f4xx.o
 .group         0x0000000000000000        0xc ./CMSIS/src/system_stm32f4xx.o
 .group         0x0000000000000000        0xc ./CMSIS/src/system_stm32f4xx.o
 .group         0x0000000000000000        0xc ./CMSIS/src/system_stm32f4xx.o
 .group         0x0000000000000000        0xc ./CMSIS/src/system_stm32f4xx.o
 .text          0x0000000000000000        0x0 ./CMSIS/src/system_stm32f4xx.o
 .data          0x0000000000000000        0x0 ./CMSIS/src/system_stm32f4xx.o
 .bss           0x0000000000000000        0x0 ./CMSIS/src/system_stm32f4xx.o
 .rodata.APBPrescTable
                0x0000000000000000        0x8 ./CMSIS/src/system_stm32f4xx.o
 .group         0x0000000000000000        0xc ./Code/src/CRC16.o
 .group         0x0000000000000000        0xc ./Code/src/CRC16.o
 .group         0x0000000000000000        0xc ./Code/src/CRC16.o
 .group         0x0000000000000000        0xc ./Code/src/CRC16.o
 .group         0x0000000000000000        0xc ./Code/src/CRC16.o
 .group         0x0000000000000000        0xc ./Code/src/CRC16.o
 .group         0x0000000000000000        0xc ./Code/src/CRC16.o
 .group         0x0000000000000000        0xc ./Code/src/CRC16.o
 .group         0x0000000000000000        0xc ./Code/src/CRC16.o
 .group         0x0000000000000000        0xc ./Code/src/CRC16.o
 .group         0x0000000000000000        0xc ./Code/src/CRC16.o
 .group         0x0000000000000000        0xc ./Code/src/CRC16.o
 .group         0x0000000000000000        0xc ./Code/src/CRC16.o
 .group         0x0000000000000000        0xc ./Code/src/CRC16.o
 .text          0x0000000000000000        0x0 ./Code/src/CRC16.o
 .data          0x0000000000000000        0x0 ./Code/src/CRC16.o
 .bss           0x0000000000000000        0x0 ./Code/src/CRC16.o
 .rodata.auchCRCHi
                0x0000000000000000      0x100 ./Code/src/CRC16.o
 .rodata.auchCRCLo
                0x0000000000000000      0x100 ./Code/src/CRC16.o
 .text.CRC16    0x0000000000000000       0x6c ./Code/src/CRC16.o
 .debug_info    0x0000000000000000      0x1e8 ./Code/src/CRC16.o
 .debug_abbrev  0x0000000000000000       0xde ./Code/src/CRC16.o
 .debug_aranges
                0x0000000000000000       0x20 ./Code/src/CRC16.o
 .debug_ranges  0x0000000000000000       0x10 ./Code/src/CRC16.o
 .debug_macro   0x0000000000000000       0xc3 ./Code/src/CRC16.o
 .debug_macro   0x0000000000000000      0xa8a ./Code/src/CRC16.o
 .debug_macro   0x0000000000000000       0x28 ./Code/src/CRC16.o
 .debug_macro   0x0000000000000000       0x22 ./Code/src/CRC16.o
 .debug_macro   0x0000000000000000       0x8e ./Code/src/CRC16.o
 .debug_macro   0x0000000000000000       0x51 ./Code/src/CRC16.o
 .debug_macro   0x0000000000000000      0x103 ./Code/src/CRC16.o
 .debug_macro   0x0000000000000000       0x6a ./Code/src/CRC16.o
 .debug_macro   0x0000000000000000      0x1df ./Code/src/CRC16.o
 .debug_macro   0x0000000000000000       0x1c ./Code/src/CRC16.o
 .debug_macro   0x0000000000000000       0x22 ./Code/src/CRC16.o
 .debug_macro   0x0000000000000000       0xdf ./Code/src/CRC16.o
 .debug_macro   0x0000000000000000     0x102d ./Code/src/CRC16.o
 .debug_macro   0x0000000000000000      0x11f ./Code/src/CRC16.o
 .debug_macro   0x0000000000000000     0xb93e ./Code/src/CRC16.o
 .debug_line    0x0000000000000000      0x4b7 ./Code/src/CRC16.o
 .debug_str     0x0000000000000000    0x4f391 ./Code/src/CRC16.o
 .comment       0x0000000000000000       0x54 ./Code/src/CRC16.o
 .debug_frame   0x0000000000000000       0x38 ./Code/src/CRC16.o
 .ARM.attributes
                0x0000000000000000       0x2e ./Code/src/CRC16.o
 .group         0x0000000000000000        0xc ./Code/src/I2C.o
 .group         0x0000000000000000        0xc ./Code/src/I2C.o
 .group         0x0000000000000000        0xc ./Code/src/I2C.o
 .group         0x0000000000000000        0xc ./Code/src/I2C.o
 .group         0x0000000000000000        0xc ./Code/src/I2C.o
 .group         0x0000000000000000        0xc ./Code/src/I2C.o
 .group         0x0000000000000000        0xc ./Code/src/I2C.o
 .group         0x0000000000000000        0xc ./Code/src/I2C.o
 .group         0x0000000000000000        0xc ./Code/src/I2C.o
 .group         0x0000000000000000        0xc ./Code/src/I2C.o
 .group         0x0000000000000000        0xc ./Code/src/I2C.o
 .group         0x0000000000000000        0xc ./Code/src/I2C.o
 .group         0x0000000000000000        0xc ./Code/src/I2C.o
 .group         0x0000000000000000        0xc ./Code/src/I2C.o
 .group         0x0000000000000000        0xc ./Code/src/I2C.o
 .group         0x0000000000000000        0xc ./Code/src/I2C.o
 .group         0x0000000000000000        0xc ./Code/src/I2C.o
 .text          0x0000000000000000        0x0 ./Code/src/I2C.o
 .data          0x0000000000000000        0x0 ./Code/src/I2C.o
 .bss           0x0000000000000000        0x0 ./Code/src/I2C.o
 .text.InitI2C1
                0x0000000000000000      0x18c ./Code/src/I2C.o
 .text.InitI2C1FSM
                0x0000000000000000       0x30 ./Code/src/I2C.o
 .text.ProcessI2CWriteFSM
                0x0000000000000000      0x144 ./Code/src/I2C.o
 .text.ClearI2C1DataBufer
                0x0000000000000000       0x30 ./Code/src/I2C.o
 .text.WriteToI2C1DataBufer
                0x0000000000000000       0x28 ./Code/src/I2C.o
 .debug_macro   0x0000000000000000      0xa8a ./Code/src/I2C.o
 .debug_macro   0x0000000000000000       0x28 ./Code/src/I2C.o
 .debug_macro   0x0000000000000000       0x22 ./Code/src/I2C.o
 .debug_macro   0x0000000000000000       0x8e ./Code/src/I2C.o
 .debug_macro   0x0000000000000000       0x51 ./Code/src/I2C.o
 .debug_macro   0x0000000000000000      0x103 ./Code/src/I2C.o
 .debug_macro   0x0000000000000000       0x6a ./Code/src/I2C.o
 .debug_macro   0x0000000000000000      0x1df ./Code/src/I2C.o
 .debug_macro   0x0000000000000000       0x1c ./Code/src/I2C.o
 .debug_macro   0x0000000000000000       0x22 ./Code/src/I2C.o
 .debug_macro   0x0000000000000000       0xdf ./Code/src/I2C.o
 .debug_macro   0x0000000000000000     0x102d ./Code/src/I2C.o
 .debug_macro   0x0000000000000000      0x11f ./Code/src/I2C.o
 .debug_macro   0x0000000000000000     0xb93e ./Code/src/I2C.o
 .group         0x0000000000000000        0xc ./Code/src/WS2812.o
 .group         0x0000000000000000        0xc ./Code/src/WS2812.o
 .group         0x0000000000000000        0xc ./Code/src/WS2812.o
 .group         0x0000000000000000        0xc ./Code/src/WS2812.o
 .group         0x0000000000000000        0xc ./Code/src/WS2812.o
 .group         0x0000000000000000        0xc ./Code/src/WS2812.o
 .group         0x0000000000000000        0xc ./Code/src/WS2812.o
 .group         0x0000000000000000        0xc ./Code/src/WS2812.o
 .group         0x0000000000000000        0xc ./Code/src/WS2812.o
 .group         0x0000000000000000        0xc ./Code/src/WS2812.o
 .group         0x0000000000000000        0xc ./Code/src/WS2812.o
 .group         0x0000000000000000        0xc ./Code/src/WS2812.o
 .group         0x0000000000000000        0xc ./Code/src/WS2812.o
 .group         0x0000000000000000        0xc ./Code/src/WS2812.o
 .group         0x0000000000000000        0xc ./Code/src/WS2812.o
 .group         0x0000000000000000        0xc ./Code/src/WS2812.o
 .group         0x0000000000000000        0xc ./Code/src/WS2812.o
 .text          0x0000000000000000        0x0 ./Code/src/WS2812.o
 .data          0x0000000000000000        0x0 ./Code/src/WS2812.o
 .bss           0x0000000000000000        0x0 ./Code/src/WS2812.o
 .data.Orange   0x0000000000000000        0x3 ./Code/src/WS2812.o
 .data.Yellow   0x0000000000000000        0x3 ./Code/src/WS2812.o
 .data.Green    0x0000000000000000        0x3 ./Code/src/WS2812.o
 .data.DeepSkyBlue
                0x0000000000000000        0x3 ./Code/src/WS2812.o
 .data.NavyBlue
                0x0000000000000000        0x3 ./Code/src/WS2812.o
 .data.Violet   0x0000000000000000        0x3 ./Code/src/WS2812.o
 .data.DeepPink
                0x0000000000000000        0x3 ./Code/src/WS2812.o
 .data.White    0x0000000000000000        0x3 ./Code/src/WS2812.o
 .debug_macro   0x0000000000000000      0xa8a ./Code/src/WS2812.o
 .debug_macro   0x0000000000000000       0x28 ./Code/src/WS2812.o
 .debug_macro   0x0000000000000000       0x22 ./Code/src/WS2812.o
 .debug_macro   0x0000000000000000       0x8e ./Code/src/WS2812.o
 .debug_macro   0x0000000000000000       0x51 ./Code/src/WS2812.o
 .debug_macro   0x0000000000000000      0x103 ./Code/src/WS2812.o
 .debug_macro   0x0000000000000000       0x6a ./Code/src/WS2812.o
 .debug_macro   0x0000000000000000      0x1df ./Code/src/WS2812.o
 .debug_macro   0x0000000000000000       0x1c ./Code/src/WS2812.o
 .debug_macro   0x0000000000000000       0x22 ./Code/src/WS2812.o
 .debug_macro   0x0000000000000000       0xdf ./Code/src/WS2812.o
 .debug_macro   0x0000000000000000     0x102d ./Code/src/WS2812.o
 .debug_macro   0x0000000000000000      0x11f ./Code/src/WS2812.o
 .debug_macro   0x0000000000000000     0xb93e ./Code/src/WS2812.o
 .debug_macro   0x0000000000000000       0x64 ./Code/src/WS2812.o
 .debug_macro   0x0000000000000000       0x4c ./Code/src/WS2812.o
 .group         0x0000000000000000        0xc ./Code/src/lcd16xx.o
 .group         0x0000000000000000        0xc ./Code/src/lcd16xx.o
 .group         0x0000000000000000        0xc ./Code/src/lcd16xx.o
 .group         0x0000000000000000        0xc ./Code/src/lcd16xx.o
 .group         0x0000000000000000        0xc ./Code/src/lcd16xx.o
 .group         0x0000000000000000        0xc ./Code/src/lcd16xx.o
 .group         0x0000000000000000        0xc ./Code/src/lcd16xx.o
 .group         0x0000000000000000        0xc ./Code/src/lcd16xx.o
 .group         0x0000000000000000        0xc ./Code/src/lcd16xx.o
 .group         0x0000000000000000        0xc ./Code/src/lcd16xx.o
 .group         0x0000000000000000        0xc ./Code/src/lcd16xx.o
 .group         0x0000000000000000        0xc ./Code/src/lcd16xx.o
 .group         0x0000000000000000        0xc ./Code/src/lcd16xx.o
 .group         0x0000000000000000        0xc ./Code/src/lcd16xx.o
 .group         0x0000000000000000        0xc ./Code/src/lcd16xx.o
 .group         0x0000000000000000        0xc ./Code/src/lcd16xx.o
 .group         0x0000000000000000        0xc ./Code/src/lcd16xx.o
 .text          0x0000000000000000        0x0 ./Code/src/lcd16xx.o
 .data          0x0000000000000000        0x0 ./Code/src/lcd16xx.o
 .bss           0x0000000000000000        0x0 ./Code/src/lcd16xx.o
 .rodata.BuferLCDInit
                0x0000000000000000       0x20 ./Code/src/lcd16xx.o
 .rodata.DDRAMLCD1602
                0x0000000000000000       0x20 ./Code/src/lcd16xx.o
 .text.InitLcdFSM
                0x0000000000000000       0x20 ./Code/src/lcd16xx.o
 .text.ProcessLcdFSM
                0x0000000000000000      0x15c ./Code/src/lcd16xx.o
 .debug_info    0x0000000000000000      0x203 ./Code/src/lcd16xx.o
 .debug_abbrev  0x0000000000000000       0xe5 ./Code/src/lcd16xx.o
 .debug_aranges
                0x0000000000000000       0x28 ./Code/src/lcd16xx.o
 .debug_ranges  0x0000000000000000       0x18 ./Code/src/lcd16xx.o
 .debug_macro   0x0000000000000000      0x10a ./Code/src/lcd16xx.o
 .debug_macro   0x0000000000000000      0xa8a ./Code/src/lcd16xx.o
 .debug_macro   0x0000000000000000       0x28 ./Code/src/lcd16xx.o
 .debug_macro   0x0000000000000000       0x22 ./Code/src/lcd16xx.o
 .debug_macro   0x0000000000000000       0x8e ./Code/src/lcd16xx.o
 .debug_macro   0x0000000000000000       0x51 ./Code/src/lcd16xx.o
 .debug_macro   0x0000000000000000      0x103 ./Code/src/lcd16xx.o
 .debug_macro   0x0000000000000000       0x6a ./Code/src/lcd16xx.o
 .debug_macro   0x0000000000000000      0x1df ./Code/src/lcd16xx.o
 .debug_macro   0x0000000000000000       0x1c ./Code/src/lcd16xx.o
 .debug_macro   0x0000000000000000       0x22 ./Code/src/lcd16xx.o
 .debug_macro   0x0000000000000000       0xdf ./Code/src/lcd16xx.o
 .debug_macro   0x0000000000000000     0x102d ./Code/src/lcd16xx.o
 .debug_macro   0x0000000000000000      0x11f ./Code/src/lcd16xx.o
 .debug_macro   0x0000000000000000     0xb93e ./Code/src/lcd16xx.o
 .debug_macro   0x0000000000000000       0x64 ./Code/src/lcd16xx.o
 .debug_macro   0x0000000000000000       0x4c ./Code/src/lcd16xx.o
 .debug_macro   0x0000000000000000       0x10 ./Code/src/lcd16xx.o
 .debug_line    0x0000000000000000      0x599 ./Code/src/lcd16xx.o
 .debug_str     0x0000000000000000    0x4f5bd ./Code/src/lcd16xx.o
 .comment       0x0000000000000000       0x54 ./Code/src/lcd16xx.o
 .debug_frame   0x0000000000000000       0x54 ./Code/src/lcd16xx.o
 .ARM.attributes
                0x0000000000000000       0x2e ./Code/src/lcd16xx.o
 COMMON         0x0000000000000000        0x3 ./Code/src/lcd16xx.o
 .group         0x0000000000000000        0xc ./Code/src/ledFSM.o
 .group         0x0000000000000000        0xc ./Code/src/ledFSM.o
 .group         0x0000000000000000        0xc ./Code/src/ledFSM.o
 .group         0x0000000000000000        0xc ./Code/src/ledFSM.o
 .group         0x0000000000000000        0xc ./Code/src/ledFSM.o
 .group         0x0000000000000000        0xc ./Code/src/ledFSM.o
 .group         0x0000000000000000        0xc ./Code/src/ledFSM.o
 .group         0x0000000000000000        0xc ./Code/src/ledFSM.o
 .group         0x0000000000000000        0xc ./Code/src/ledFSM.o
 .group         0x0000000000000000        0xc ./Code/src/ledFSM.o
 .group         0x0000000000000000        0xc ./Code/src/ledFSM.o
 .group         0x0000000000000000        0xc ./Code/src/ledFSM.o
 .group         0x0000000000000000        0xc ./Code/src/ledFSM.o
 .group         0x0000000000000000        0xc ./Code/src/ledFSM.o
 .group         0x0000000000000000        0xc ./Code/src/ledFSM.o
 .group         0x0000000000000000        0xc ./Code/src/ledFSM.o
 .text          0x0000000000000000        0x0 ./Code/src/ledFSM.o
 .data          0x0000000000000000        0x0 ./Code/src/ledFSM.o
 .bss           0x0000000000000000        0x0 ./Code/src/ledFSM.o
 .debug_macro   0x0000000000000000      0xa8a ./Code/src/ledFSM.o
 .debug_macro   0x0000000000000000       0x28 ./Code/src/ledFSM.o
 .debug_macro   0x0000000000000000       0x22 ./Code/src/ledFSM.o
 .debug_macro   0x0000000000000000       0x8e ./Code/src/ledFSM.o
 .debug_macro   0x0000000000000000       0x51 ./Code/src/ledFSM.o
 .debug_macro   0x0000000000000000      0x103 ./Code/src/ledFSM.o
 .debug_macro   0x0000000000000000       0x6a ./Code/src/ledFSM.o
 .debug_macro   0x0000000000000000      0x1df ./Code/src/ledFSM.o
 .debug_macro   0x0000000000000000       0x1c ./Code/src/ledFSM.o
 .debug_macro   0x0000000000000000       0x22 ./Code/src/ledFSM.o
 .debug_macro   0x0000000000000000       0xdf ./Code/src/ledFSM.o
 .debug_macro   0x0000000000000000     0x102d ./Code/src/ledFSM.o
 .debug_macro   0x0000000000000000      0x11f ./Code/src/ledFSM.o
 .debug_macro   0x0000000000000000     0xb93e ./Code/src/ledFSM.o
 .debug_macro   0x0000000000000000       0x64 ./Code/src/ledFSM.o
 .debug_macro   0x0000000000000000       0x4c ./Code/src/ledFSM.o
 .group         0x0000000000000000        0xc ./Code/src/main.o
 .group         0x0000000000000000        0xc ./Code/src/main.o
 .group         0x0000000000000000        0xc ./Code/src/main.o
 .group         0x0000000000000000        0xc ./Code/src/main.o
 .group         0x0000000000000000        0xc ./Code/src/main.o
 .group         0x0000000000000000        0xc ./Code/src/main.o
 .group         0x0000000000000000        0xc ./Code/src/main.o
 .group         0x0000000000000000        0xc ./Code/src/main.o
 .group         0x0000000000000000        0xc ./Code/src/main.o
 .group         0x0000000000000000        0xc ./Code/src/main.o
 .group         0x0000000000000000        0xc ./Code/src/main.o
 .group         0x0000000000000000        0xc ./Code/src/main.o
 .group         0x0000000000000000        0xc ./Code/src/main.o
 .group         0x0000000000000000        0xc ./Code/src/main.o
 .group         0x0000000000000000        0xc ./Code/src/main.o
 .group         0x0000000000000000        0xc ./Code/src/main.o
 .group         0x0000000000000000        0xc ./Code/src/main.o
 .group         0x0000000000000000        0xc ./Code/src/main.o
 .group         0x0000000000000000        0xc ./Code/src/main.o
 .text          0x0000000000000000        0x0 ./Code/src/main.o
 .data          0x0000000000000000        0x0 ./Code/src/main.o
 .bss           0x0000000000000000        0x0 ./Code/src/main.o
 .debug_macro   0x0000000000000000      0xa8a ./Code/src/main.o
 .debug_macro   0x0000000000000000       0x28 ./Code/src/main.o
 .debug_macro   0x0000000000000000       0x22 ./Code/src/main.o
 .debug_macro   0x0000000000000000       0x8e ./Code/src/main.o
 .debug_macro   0x0000000000000000       0x51 ./Code/src/main.o
 .debug_macro   0x0000000000000000      0x103 ./Code/src/main.o
 .debug_macro   0x0000000000000000       0x6a ./Code/src/main.o
 .debug_macro   0x0000000000000000      0x1df ./Code/src/main.o
 .debug_macro   0x0000000000000000       0x1c ./Code/src/main.o
 .debug_macro   0x0000000000000000       0x22 ./Code/src/main.o
 .debug_macro   0x0000000000000000       0xdf ./Code/src/main.o
 .debug_macro   0x0000000000000000     0x102d ./Code/src/main.o
 .debug_macro   0x0000000000000000      0x11f ./Code/src/main.o
 .debug_macro   0x0000000000000000     0xb93e ./Code/src/main.o
 .debug_macro   0x0000000000000000       0x64 ./Code/src/main.o
 .debug_macro   0x0000000000000000       0x4c ./Code/src/main.o
 .debug_macro   0x0000000000000000       0x10 ./Code/src/main.o
 .debug_macro   0x0000000000000000       0x22 ./Code/src/main.o
 .group         0x0000000000000000        0xc ./Code/src/messages.o
 .group         0x0000000000000000        0xc ./Code/src/messages.o
 .group         0x0000000000000000        0xc ./Code/src/messages.o
 .group         0x0000000000000000        0xc ./Code/src/messages.o
 .group         0x0000000000000000        0xc ./Code/src/messages.o
 .group         0x0000000000000000        0xc ./Code/src/messages.o
 .group         0x0000000000000000        0xc ./Code/src/messages.o
 .group         0x0000000000000000        0xc ./Code/src/messages.o
 .group         0x0000000000000000        0xc ./Code/src/messages.o
 .group         0x0000000000000000        0xc ./Code/src/messages.o
 .group         0x0000000000000000        0xc ./Code/src/messages.o
 .group         0x0000000000000000        0xc ./Code/src/messages.o
 .group         0x0000000000000000        0xc ./Code/src/messages.o
 .group         0x0000000000000000        0xc ./Code/src/messages.o
 .group         0x0000000000000000        0xc ./Code/src/messages.o
 .text          0x0000000000000000        0x0 ./Code/src/messages.o
 .data          0x0000000000000000        0x0 ./Code/src/messages.o
 .bss           0x0000000000000000        0x0 ./Code/src/messages.o
 .debug_macro   0x0000000000000000      0xa8a ./Code/src/messages.o
 .debug_macro   0x0000000000000000       0x28 ./Code/src/messages.o
 .debug_macro   0x0000000000000000       0x22 ./Code/src/messages.o
 .debug_macro   0x0000000000000000       0x8e ./Code/src/messages.o
 .debug_macro   0x0000000000000000       0x51 ./Code/src/messages.o
 .debug_macro   0x0000000000000000      0x103 ./Code/src/messages.o
 .debug_macro   0x0000000000000000       0x6a ./Code/src/messages.o
 .debug_macro   0x0000000000000000      0x1df ./Code/src/messages.o
 .debug_macro   0x0000000000000000       0x1c ./Code/src/messages.o
 .debug_macro   0x0000000000000000       0x22 ./Code/src/messages.o
 .debug_macro   0x0000000000000000       0xdf ./Code/src/messages.o
 .debug_macro   0x0000000000000000     0x102d ./Code/src/messages.o
 .debug_macro   0x0000000000000000      0x11f ./Code/src/messages.o
 .debug_macro   0x0000000000000000     0xb93e ./Code/src/messages.o
 .debug_macro   0x0000000000000000       0x64 ./Code/src/messages.o
 .group         0x0000000000000000        0xc ./Code/src/modbus.o
 .group         0x0000000000000000        0xc ./Code/src/modbus.o
 .group         0x0000000000000000        0xc ./Code/src/modbus.o
 .group         0x0000000000000000        0xc ./Code/src/modbus.o
 .group         0x0000000000000000        0xc ./Code/src/modbus.o
 .group         0x0000000000000000        0xc ./Code/src/modbus.o
 .group         0x0000000000000000        0xc ./Code/src/modbus.o
 .group         0x0000000000000000        0xc ./Code/src/modbus.o
 .group         0x0000000000000000        0xc ./Code/src/modbus.o
 .group         0x0000000000000000        0xc ./Code/src/modbus.o
 .group         0x0000000000000000        0xc ./Code/src/modbus.o
 .group         0x0000000000000000        0xc ./Code/src/modbus.o
 .group         0x0000000000000000        0xc ./Code/src/modbus.o
 .group         0x0000000000000000        0xc ./Code/src/modbus.o
 .group         0x0000000000000000        0xc ./Code/src/modbus.o
 .group         0x0000000000000000        0xc ./Code/src/modbus.o
 .group         0x0000000000000000        0xc ./Code/src/modbus.o
 .group         0x0000000000000000        0xc ./Code/src/modbus.o
 .text          0x0000000000000000        0x0 ./Code/src/modbus.o
 .data          0x0000000000000000        0x0 ./Code/src/modbus.o
 .bss           0x0000000000000000        0x0 ./Code/src/modbus.o
 .text.InitModbusUSART
                0x0000000000000000      0x17c ./Code/src/modbus.o
 .text.InitDMAforUSART
                0x0000000000000000       0xa0 ./Code/src/modbus.o
 .text.InitModbusFSM
                0x0000000000000000       0x70 ./Code/src/modbus.o
 .text.ProcessSlaveModbusMessageReceptionRTUFSM
                0x0000000000000000      0x1a0 ./Code/src/modbus.o
 .text.ProcessMessageGenerationSlaveModbusRTUFSM
                0x0000000000000000      0x15c ./Code/src/modbus.o
 .text.ProcessModbusSlaveFSM
                0x0000000000000000       0x10 ./Code/src/modbus.o
 .text.WriteSingleCoil
                0x0000000000000000       0xb8 ./Code/src/modbus.o
 .debug_macro   0x0000000000000000      0xa8a ./Code/src/modbus.o
 .debug_macro   0x0000000000000000       0x28 ./Code/src/modbus.o
 .debug_macro   0x0000000000000000       0x22 ./Code/src/modbus.o
 .debug_macro   0x0000000000000000       0x8e ./Code/src/modbus.o
 .debug_macro   0x0000000000000000       0x51 ./Code/src/modbus.o
 .debug_macro   0x0000000000000000      0x103 ./Code/src/modbus.o
 .debug_macro   0x0000000000000000       0x6a ./Code/src/modbus.o
 .debug_macro   0x0000000000000000      0x1df ./Code/src/modbus.o
 .debug_macro   0x0000000000000000       0x1c ./Code/src/modbus.o
 .debug_macro   0x0000000000000000       0x22 ./Code/src/modbus.o
 .debug_macro   0x0000000000000000       0xdf ./Code/src/modbus.o
 .debug_macro   0x0000000000000000     0x102d ./Code/src/modbus.o
 .debug_macro   0x0000000000000000      0x11f ./Code/src/modbus.o
 .debug_macro   0x0000000000000000     0xb93e ./Code/src/modbus.o
 .debug_macro   0x0000000000000000       0x64 ./Code/src/modbus.o
 .debug_macro   0x0000000000000000       0x4c ./Code/src/modbus.o
 .debug_macro   0x0000000000000000       0x10 ./Code/src/modbus.o
 .debug_macro   0x0000000000000000       0xb2 ./Code/src/modbus.o
 .group         0x0000000000000000        0xc ./Code/src/system.o
 .group         0x0000000000000000        0xc ./Code/src/system.o
 .group         0x0000000000000000        0xc ./Code/src/system.o
 .group         0x0000000000000000        0xc ./Code/src/system.o
 .group         0x0000000000000000        0xc ./Code/src/system.o
 .group         0x0000000000000000        0xc ./Code/src/system.o
 .group         0x0000000000000000        0xc ./Code/src/system.o
 .group         0x0000000000000000        0xc ./Code/src/system.o
 .group         0x0000000000000000        0xc ./Code/src/system.o
 .group         0x0000000000000000        0xc ./Code/src/system.o
 .group         0x0000000000000000        0xc ./Code/src/system.o
 .group         0x0000000000000000        0xc ./Code/src/system.o
 .group         0x0000000000000000        0xc ./Code/src/system.o
 .group         0x0000000000000000        0xc ./Code/src/system.o
 .group         0x0000000000000000        0xc ./Code/src/system.o
 .group         0x0000000000000000        0xc ./Code/src/system.o
 .group         0x0000000000000000        0xc ./Code/src/system.o
 .group         0x0000000000000000        0xc ./Code/src/system.o
 .text          0x0000000000000000        0x0 ./Code/src/system.o
 .data          0x0000000000000000        0x0 ./Code/src/system.o
 .bss           0x0000000000000000        0x0 ./Code/src/system.o
 .debug_macro   0x0000000000000000      0xa8a ./Code/src/system.o
 .debug_macro   0x0000000000000000       0x28 ./Code/src/system.o
 .debug_macro   0x0000000000000000       0x22 ./Code/src/system.o
 .debug_macro   0x0000000000000000       0x8e ./Code/src/system.o
 .debug_macro   0x0000000000000000       0x51 ./Code/src/system.o
 .debug_macro   0x0000000000000000      0x103 ./Code/src/system.o
 .debug_macro   0x0000000000000000       0x6a ./Code/src/system.o
 .debug_macro   0x0000000000000000      0x1df ./Code/src/system.o
 .debug_macro   0x0000000000000000       0x1c ./Code/src/system.o
 .debug_macro   0x0000000000000000       0x22 ./Code/src/system.o
 .debug_macro   0x0000000000000000       0xdf ./Code/src/system.o
 .debug_macro   0x0000000000000000     0x102d ./Code/src/system.o
 .debug_macro   0x0000000000000000      0x11f ./Code/src/system.o
 .debug_macro   0x0000000000000000     0xb93e ./Code/src/system.o
 .debug_macro   0x0000000000000000       0x64 ./Code/src/system.o
 .debug_macro   0x0000000000000000       0x4c ./Code/src/system.o
 .debug_macro   0x0000000000000000       0x10 ./Code/src/system.o
 .debug_macro   0x0000000000000000       0xb2 ./Code/src/system.o
 .group         0x0000000000000000        0xc ./Code/src/virtualTimers.o
 .group         0x0000000000000000        0xc ./Code/src/virtualTimers.o
 .group         0x0000000000000000        0xc ./Code/src/virtualTimers.o
 .group         0x0000000000000000        0xc ./Code/src/virtualTimers.o
 .group         0x0000000000000000        0xc ./Code/src/virtualTimers.o
 .group         0x0000000000000000        0xc ./Code/src/virtualTimers.o
 .group         0x0000000000000000        0xc ./Code/src/virtualTimers.o
 .group         0x0000000000000000        0xc ./Code/src/virtualTimers.o
 .group         0x0000000000000000        0xc ./Code/src/virtualTimers.o
 .group         0x0000000000000000        0xc ./Code/src/virtualTimers.o
 .group         0x0000000000000000        0xc ./Code/src/virtualTimers.o
 .group         0x0000000000000000        0xc ./Code/src/virtualTimers.o
 .group         0x0000000000000000        0xc ./Code/src/virtualTimers.o
 .group         0x0000000000000000        0xc ./Code/src/virtualTimers.o
 .group         0x0000000000000000        0xc ./Code/src/virtualTimers.o
 .group         0x0000000000000000        0xc ./Code/src/virtualTimers.o
 .text          0x0000000000000000        0x0 ./Code/src/virtualTimers.o
 .data          0x0000000000000000        0x0 ./Code/src/virtualTimers.o
 .bss           0x0000000000000000        0x0 ./Code/src/virtualTimers.o
 .text.PauseGTimer
                0x0000000000000000       0x2c ./Code/src/virtualTimers.o
 .text.ReleaseGTimer
                0x0000000000000000       0x2c ./Code/src/virtualTimers.o
 .debug_macro   0x0000000000000000      0xa8a ./Code/src/virtualTimers.o
 .debug_macro   0x0000000000000000       0x28 ./Code/src/virtualTimers.o
 .debug_macro   0x0000000000000000       0x22 ./Code/src/virtualTimers.o
 .debug_macro   0x0000000000000000       0x8e ./Code/src/virtualTimers.o
 .debug_macro   0x0000000000000000       0x51 ./Code/src/virtualTimers.o
 .debug_macro   0x0000000000000000      0x103 ./Code/src/virtualTimers.o
 .debug_macro   0x0000000000000000       0x6a ./Code/src/virtualTimers.o
 .debug_macro   0x0000000000000000      0x1df ./Code/src/virtualTimers.o
 .debug_macro   0x0000000000000000       0x1c ./Code/src/virtualTimers.o
 .debug_macro   0x0000000000000000       0x22 ./Code/src/virtualTimers.o
 .debug_macro   0x0000000000000000       0xdf ./Code/src/virtualTimers.o
 .debug_macro   0x0000000000000000     0x102d ./Code/src/virtualTimers.o
 .debug_macro   0x0000000000000000      0x11f ./Code/src/virtualTimers.o
 .debug_macro   0x0000000000000000     0xb93e ./Code/src/virtualTimers.o
 .debug_macro   0x0000000000000000       0x64 ./Code/src/virtualTimers.o
 .debug_macro   0x0000000000000000       0x4c ./Code/src/virtualTimers.o
 .text          0x0000000000000000       0x14 ./startup_stm32f411xe.o
 .data          0x0000000000000000        0x0 ./startup_stm32f411xe.o
 .bss           0x0000000000000000        0x0 ./startup_stm32f411xe.o
 .text          0x0000000000000000        0x0 c:/st/stm32cubeide_1.7.0/stm32cubeide/plugins/com.st.stm32cube.ide.mcu.externaltools.gnu-tools-for-stm32.9-2020-q2-update.win32_2.0.0.202105311346/tools/bin/../lib/gcc/arm-none-eabi/9.3.1/../../../../arm-none-eabi/lib/thumb/v7e-m/nofp\libc_nano.a(lib_a-exit.o)
 .data          0x0000000000000000        0x0 c:/st/stm32cubeide_1.7.0/stm32cubeide/plugins/com.st.stm32cube.ide.mcu.externaltools.gnu-tools-for-stm32.9-2020-q2-update.win32_2.0.0.202105311346/tools/bin/../lib/gcc/arm-none-eabi/9.3.1/../../../../arm-none-eabi/lib/thumb/v7e-m/nofp\libc_nano.a(lib_a-exit.o)
 .bss           0x0000000000000000        0x0 c:/st/stm32cubeide_1.7.0/stm32cubeide/plugins/com.st.stm32cube.ide.mcu.externaltools.gnu-tools-for-stm32.9-2020-q2-update.win32_2.0.0.202105311346/tools/bin/../lib/gcc/arm-none-eabi/9.3.1/../../../../arm-none-eabi/lib/thumb/v7e-m/nofp\libc_nano.a(lib_a-exit.o)
 .text.exit     0x0000000000000000       0x28 c:/st/stm32cubeide_1.7.0/stm32cubeide/plugins/com.st.stm32cube.ide.mcu.externaltools.gnu-tools-for-stm32.9-2020-q2-update.win32_2.0.0.202105311346/tools/bin/../lib/gcc/arm-none-eabi/9.3.1/../../../../arm-none-eabi/lib/thumb/v7e-m/nofp\libc_nano.a(lib_a-exit.o)
 .debug_frame   0x0000000000000000       0x28 c:/st/stm32cubeide_1.7.0/stm32cubeide/plugins/com.st.stm32cube.ide.mcu.externaltools.gnu-tools-for-stm32.9-2020-q2-update.win32_2.0.0.202105311346/tools/bin/../lib/gcc/arm-none-eabi/9.3.1/../../../../arm-none-eabi/lib/thumb/v7e-m/nofp\libc_nano.a(lib_a-exit.o)
 .ARM.attributes
                0x0000000000000000       0x2e c:/st/stm32cubeide_1.7.0/stm32cubeide/plugins/com.st.stm32cube.ide.mcu.externaltools.gnu-tools-for-stm32.9-2020-q2-update.win32_2.0.0.202105311346/tools/bin/../lib/gcc/arm-none-eabi/9.3.1/../../../../arm-none-eabi/lib/thumb/v7e-m/nofp\libc_nano.a(lib_a-exit.o)
 .text          0x0000000000000000        0x0 c:/st/stm32cubeide_1.7.0/stm32cubeide/plugins/com.st.stm32cube.ide.mcu.externaltools.gnu-tools-for-stm32.9-2020-q2-update.win32_2.0.0.202105311346/tools/bin/../lib/gcc/arm-none-eabi/9.3.1/../../../../arm-none-eabi/lib/thumb/v7e-m/nofp\libc_nano.a(lib_a-impure.o)
 .data          0x0000000000000000        0x0 c:/st/stm32cubeide_1.7.0/stm32cubeide/plugins/com.st.stm32cube.ide.mcu.externaltools.gnu-tools-for-stm32.9-2020-q2-update.win32_2.0.0.202105311346/tools/bin/../lib/gcc/arm-none-eabi/9.3.1/../../../../arm-none-eabi/lib/thumb/v7e-m/nofp\libc_nano.a(lib_a-impure.o)
 .bss           0x0000000000000000        0x0 c:/st/stm32cubeide_1.7.0/stm32cubeide/plugins/com.st.stm32cube.ide.mcu.externaltools.gnu-tools-for-stm32.9-2020-q2-update.win32_2.0.0.202105311346/tools/bin/../lib/gcc/arm-none-eabi/9.3.1/../../../../arm-none-eabi/lib/thumb/v7e-m/nofp\libc_nano.a(lib_a-impure.o)
 .data._impure_ptr
                0x0000000000000000        0x4 c:/st/stm32cubeide_1.7.0/stm32cubeide/plugins/com.st.stm32cube.ide.mcu.externaltools.gnu-tools-for-stm32.9-2020-q2-update.win32_2.0.0.202105311346/tools/bin/../lib/gcc/arm-none-eabi/9.3.1/../../../../arm-none-eabi/lib/thumb/v7e-m/nofp\libc_nano.a(lib_a-impure.o)
 .data.impure_data
                0x0000000000000000       0x60 c:/st/stm32cubeide_1.7.0/stm32cubeide/plugins/com.st.stm32cube.ide.mcu.externaltools.gnu-tools-for-stm32.9-2020-q2-update.win32_2.0.0.202105311346/tools/bin/../lib/gcc/arm-none-eabi/9.3.1/../../../../arm-none-eabi/lib/thumb/v7e-m/nofp\libc_nano.a(lib_a-impure.o)
 .rodata._global_impure_ptr
                0x0000000000000000        0x4 c:/st/stm32cubeide_1.7.0/stm32cubeide/plugins/com.st.stm32cube.ide.mcu.externaltools.gnu-tools-for-stm32.9-2020-q2-update.win32_2.0.0.202105311346/tools/bin/../lib/gcc/arm-none-eabi/9.3.1/../../../../arm-none-eabi/lib/thumb/v7e-m/nofp\libc_nano.a(lib_a-impure.o)
 .ARM.attributes
                0x0000000000000000       0x2e c:/st/stm32cubeide_1.7.0/stm32cubeide/plugins/com.st.stm32cube.ide.mcu.externaltools.gnu-tools-for-stm32.9-2020-q2-update.win32_2.0.0.202105311346/tools/bin/../lib/gcc/arm-none-eabi/9.3.1/../../../../arm-none-eabi/lib/thumb/v7e-m/nofp\libc_nano.a(lib_a-impure.o)
 .text          0x0000000000000000        0x0 c:/st/stm32cubeide_1.7.0/stm32cubeide/plugins/com.st.stm32cube.ide.mcu.externaltools.gnu-tools-for-stm32.9-2020-q2-update.win32_2.0.0.202105311346/tools/bin/../lib/gcc/arm-none-eabi/9.3.1/../../../../arm-none-eabi/lib/thumb/v7e-m/nofp\libc_nano.a(lib_a-init.o)
 .data          0x0000000000000000        0x0 c:/st/stm32cubeide_1.7.0/stm32cubeide/plugins/com.st.stm32cube.ide.mcu.externaltools.gnu-tools-for-stm32.9-2020-q2-update.win32_2.0.0.202105311346/tools/bin/../lib/gcc/arm-none-eabi/9.3.1/../../../../arm-none-eabi/lib/thumb/v7e-m/nofp\libc_nano.a(lib_a-init.o)
 .bss           0x0000000000000000        0x0 c:/st/stm32cubeide_1.7.0/stm32cubeide/plugins/com.st.stm32cube.ide.mcu.externaltools.gnu-tools-for-stm32.9-2020-q2-update.win32_2.0.0.202105311346/tools/bin/../lib/gcc/arm-none-eabi/9.3.1/../../../../arm-none-eabi/lib/thumb/v7e-m/nofp\libc_nano.a(lib_a-init.o)
 .text          0x0000000000000000        0x0 c:/st/stm32cubeide_1.7.0/stm32cubeide/plugins/com.st.stm32cube.ide.mcu.externaltools.gnu-tools-for-stm32.9-2020-q2-update.win32_2.0.0.202105311346/tools/bin/../lib/gcc/arm-none-eabi/9.3.1/../../../../arm-none-eabi/lib/thumb/v7e-m/nofp\libc_nano.a(lib_a-memset.o)
 .data          0x0000000000000000        0x0 c:/st/stm32cubeide_1.7.0/stm32cubeide/plugins/com.st.stm32cube.ide.mcu.externaltools.gnu-tools-for-stm32.9-2020-q2-update.win32_2.0.0.202105311346/tools/bin/../lib/gcc/arm-none-eabi/9.3.1/../../../../arm-none-eabi/lib/thumb/v7e-m/nofp\libc_nano.a(lib_a-memset.o)
 .bss           0x0000000000000000        0x0 c:/st/stm32cubeide_1.7.0/stm32cubeide/plugins/com.st.stm32cube.ide.mcu.externaltools.gnu-tools-for-stm32.9-2020-q2-update.win32_2.0.0.202105311346/tools/bin/../lib/gcc/arm-none-eabi/9.3.1/../../../../arm-none-eabi/lib/thumb/v7e-m/nofp\libc_nano.a(lib_a-memset.o)
 .text.memset   0x0000000000000000       0x10 c:/st/stm32cubeide_1.7.0/stm32cubeide/plugins/com.st.stm32cube.ide.mcu.externaltools.gnu-tools-for-stm32.9-2020-q2-update.win32_2.0.0.202105311346/tools/bin/../lib/gcc/arm-none-eabi/9.3.1/../../../../arm-none-eabi/lib/thumb/v7e-m/nofp\libc_nano.a(lib_a-memset.o)
 .debug_frame   0x0000000000000000       0x20 c:/st/stm32cubeide_1.7.0/stm32cubeide/plugins/com.st.stm32cube.ide.mcu.externaltools.gnu-tools-for-stm32.9-2020-q2-update.win32_2.0.0.202105311346/tools/bin/../lib/gcc/arm-none-eabi/9.3.1/../../../../arm-none-eabi/lib/thumb/v7e-m/nofp\libc_nano.a(lib_a-memset.o)
 .ARM.attributes
                0x0000000000000000       0x2e c:/st/stm32cubeide_1.7.0/stm32cubeide/plugins/com.st.stm32cube.ide.mcu.externaltools.gnu-tools-for-stm32.9-2020-q2-update.win32_2.0.0.202105311346/tools/bin/../lib/gcc/arm-none-eabi/9.3.1/../../../../arm-none-eabi/lib/thumb/v7e-m/nofp\libc_nano.a(lib_a-memset.o)
 .text          0x0000000000000000        0x0 c:/st/stm32cubeide_1.7.0/stm32cubeide/plugins/com.st.stm32cube.ide.mcu.externaltools.gnu-tools-for-stm32.9-2020-q2-update.win32_2.0.0.202105311346/tools/bin/../lib/gcc/arm-none-eabi/9.3.1/../../../../arm-none-eabi/lib/thumb/v7e-m/nofp\libnosys.a(_exit.o)
 .data          0x0000000000000000        0x0 c:/st/stm32cubeide_1.7.0/stm32cubeide/plugins/com.st.stm32cube.ide.mcu.externaltools.gnu-tools-for-stm32.9-2020-q2-update.win32_2.0.0.202105311346/tools/bin/../lib/gcc/arm-none-eabi/9.3.1/../../../../arm-none-eabi/lib/thumb/v7e-m/nofp\libnosys.a(_exit.o)
 .bss           0x0000000000000000        0x0 c:/st/stm32cubeide_1.7.0/stm32cubeide/plugins/com.st.stm32cube.ide.mcu.externaltools.gnu-tools-for-stm32.9-2020-q2-update.win32_2.0.0.202105311346/tools/bin/../lib/gcc/arm-none-eabi/9.3.1/../../../../arm-none-eabi/lib/thumb/v7e-m/nofp\libnosys.a(_exit.o)
 .text._exit    0x0000000000000000        0x2 c:/st/stm32cubeide_1.7.0/stm32cubeide/plugins/com.st.stm32cube.ide.mcu.externaltools.gnu-tools-for-stm32.9-2020-q2-update.win32_2.0.0.202105311346/tools/bin/../lib/gcc/arm-none-eabi/9.3.1/../../../../arm-none-eabi/lib/thumb/v7e-m/nofp\libnosys.a(_exit.o)
 .debug_frame   0x0000000000000000       0x20 c:/st/stm32cubeide_1.7.0/stm32cubeide/plugins/com.st.stm32cube.ide.mcu.externaltools.gnu-tools-for-stm32.9-2020-q2-update.win32_2.0.0.202105311346/tools/bin/../lib/gcc/arm-none-eabi/9.3.1/../../../../arm-none-eabi/lib/thumb/v7e-m/nofp\libnosys.a(_exit.o)
 .ARM.attributes
                0x0000000000000000       0x2e c:/st/stm32cubeide_1.7.0/stm32cubeide/plugins/com.st.stm32cube.ide.mcu.externaltools.gnu-tools-for-stm32.9-2020-q2-update.win32_2.0.0.202105311346/tools/bin/../lib/gcc/arm-none-eabi/9.3.1/../../../../arm-none-eabi/lib/thumb/v7e-m/nofp\libnosys.a(_exit.o)
 .text          0x0000000000000000        0x0 c:/st/stm32cubeide_1.7.0/stm32cubeide/plugins/com.st.stm32cube.ide.mcu.externaltools.gnu-tools-for-stm32.9-2020-q2-update.win32_2.0.0.202105311346/tools/bin/../lib/gcc/arm-none-eabi/9.3.1/thumb/v7e-m/nofp/crtend.o
 .data          0x0000000000000000        0x0 c:/st/stm32cubeide_1.7.0/stm32cubeide/plugins/com.st.stm32cube.ide.mcu.externaltools.gnu-tools-for-stm32.9-2020-q2-update.win32_2.0.0.202105311346/tools/bin/../lib/gcc/arm-none-eabi/9.3.1/thumb/v7e-m/nofp/crtend.o
 .bss           0x0000000000000000        0x0 c:/st/stm32cubeide_1.7.0/stm32cubeide/plugins/com.st.stm32cube.ide.mcu.externaltools.gnu-tools-for-stm32.9-2020-q2-update.win32_2.0.0.202105311346/tools/bin/../lib/gcc/arm-none-eabi/9.3.1/thumb/v7e-m/nofp/crtend.o
 .eh_frame      0x0000000000000000        0x4 c:/st/stm32cubeide_1.7.0/stm32cubeide/plugins/com.st.stm32cube.ide.mcu.externaltools.gnu-tools-for-stm32.9-2020-q2-update.win32_2.0.0.202105311346/tools/bin/../lib/gcc/arm-none-eabi/9.3.1/thumb/v7e-m/nofp/crtend.o
 .ARM.attributes
                0x0000000000000000       0x2e c:/st/stm32cubeide_1.7.0/stm32cubeide/plugins/com.st.stm32cube.ide.mcu.externaltools.gnu-tools-for-stm32.9-2020-q2-update.win32_2.0.0.202105311346/tools/bin/../lib/gcc/arm-none-eabi/9.3.1/thumb/v7e-m/nofp/crtend.o
 .text          0x0000000000000000        0x0 c:/st/stm32cubeide_1.7.0/stm32cubeide/plugins/com.st.stm32cube.ide.mcu.externaltools.gnu-tools-for-stm32.9-2020-q2-update.win32_2.0.0.202105311346/tools/bin/../lib/gcc/arm-none-eabi/9.3.1/thumb/v7e-m/nofp/crtn.o
 .data          0x0000000000000000        0x0 c:/st/stm32cubeide_1.7.0/stm32cubeide/plugins/com.st.stm32cube.ide.mcu.externaltools.gnu-tools-for-stm32.9-2020-q2-update.win32_2.0.0.202105311346/tools/bin/../lib/gcc/arm-none-eabi/9.3.1/thumb/v7e-m/nofp/crtn.o
 .bss           0x0000000000000000        0x0 c:/st/stm32cubeide_1.7.0/stm32cubeide/plugins/com.st.stm32cube.ide.mcu.externaltools.gnu-tools-for-stm32.9-2020-q2-update.win32_2.0.0.202105311346/tools/bin/../lib/gcc/arm-none-eabi/9.3.1/thumb/v7e-m/nofp/crtn.o

Memory Configuration

Name             Origin             Length             Attributes
FLASH            0x0000000008000000 0x0000000000080000 xr
RAM              0x0000000020000000 0x0000000000020000 xrw
MEMORY_B1        0x0000000060000000 0x0000000000000000 xr
*default*        0x0000000000000000 0xffffffffffffffff

Linker script and memory map

LOAD c:/st/stm32cubeide_1.7.0/stm32cubeide/plugins/com.st.stm32cube.ide.mcu.externaltools.gnu-tools-for-stm32.9-2020-q2-update.win32_2.0.0.202105311346/tools/bin/../lib/gcc/arm-none-eabi/9.3.1/thumb/v7e-m/nofp/crti.o
LOAD c:/st/stm32cubeide_1.7.0/stm32cubeide/plugins/com.st.stm32cube.ide.mcu.externaltools.gnu-tools-for-stm32.9-2020-q2-update.win32_2.0.0.202105311346/tools/bin/../lib/gcc/arm-none-eabi/9.3.1/thumb/v7e-m/nofp/crtbegin.o
LOAD c:/st/stm32cubeide_1.7.0/stm32cubeide/plugins/com.st.stm32cube.ide.mcu.externaltools.gnu-tools-for-stm32.9-2020-q2-update.win32_2.0.0.202105311346/tools/bin/../lib/gcc/arm-none-eabi/9.3.1/../../../../arm-none-eabi/lib/thumb/v7e-m/nofp/crt0.o
LOAD ./CMSIS/src/system_stm32f4xx.o
LOAD ./Code/src/CRC16.o
LOAD ./Code/src/I2C.o
LOAD ./Code/src/WS2812.o
LOAD ./Code/src/lcd16xx.o
LOAD ./Code/src/ledFSM.o
LOAD ./Code/src/main.o
LOAD ./Code/src/messages.o
LOAD ./Code/src/modbus.o
LOAD ./Code/src/system.o
LOAD ./Code/src/virtualTimers.o
LOAD ./startup_stm32f411xe.o
START GROUP
LOAD c:/st/stm32cubeide_1.7.0/stm32cubeide/plugins/com.st.stm32cube.ide.mcu.externaltools.gnu-tools-for-stm32.9-2020-q2-update.win32_2.0.0.202105311346/tools/bin/../lib/gcc/arm-none-eabi/9.3.1/../../../../arm-none-eabi/lib/thumb/v7e-m/nofp\libc_nano.a
LOAD c:/st/stm32cubeide_1.7.0/stm32cubeide/plugins/com.st.stm32cube.ide.mcu.externaltools.gnu-tools-for-stm32.9-2020-q2-update.win32_2.0.0.202105311346/tools/bin/../lib/gcc/arm-none-eabi/9.3.1/../../../../arm-none-eabi/lib/thumb/v7e-m/nofp\libm.a
END GROUP
START GROUP
LOAD c:/st/stm32cubeide_1.7.0/stm32cubeide/plugins/com.st.stm32cube.ide.mcu.externaltools.gnu-tools-for-stm32.9-2020-q2-update.win32_2.0.0.202105311346/tools/bin/../lib/gcc/arm-none-eabi/9.3.1/thumb/v7e-m/nofp\libgcc.a
LOAD c:/st/stm32cubeide_1.7.0/stm32cubeide/plugins/com.st.stm32cube.ide.mcu.externaltools.gnu-tools-for-stm32.9-2020-q2-update.win32_2.0.0.202105311346/tools/bin/../lib/gcc/arm-none-eabi/9.3.1/../../../../arm-none-eabi/lib/thumb/v7e-m/nofp\libc_nano.a
END GROUP
START GROUP
LOAD c:/st/stm32cubeide_1.7.0/stm32cubeide/plugins/com.st.stm32cube.ide.mcu.externaltools.gnu-tools-for-stm32.9-2020-q2-update.win32_2.0.0.202105311346/tools/bin/../lib/gcc/arm-none-eabi/9.3.1/thumb/v7e-m/nofp\libgcc.a
LOAD c:/st/stm32cubeide_1.7.0/stm32cubeide/plugins/com.st.stm32cube.ide.mcu.externaltools.gnu-tools-for-stm32.9-2020-q2-update.win32_2.0.0.202105311346/tools/bin/../lib/gcc/arm-none-eabi/9.3.1/../../../../arm-none-eabi/lib/thumb/v7e-m/nofp\libc_nano.a
LOAD c:/st/stm32cubeide_1.7.0/stm32cubeide/plugins/com.st.stm32cube.ide.mcu.externaltools.gnu-tools-for-stm32.9-2020-q2-update.win32_2.0.0.202105311346/tools/bin/../lib/gcc/arm-none-eabi/9.3.1/../../../../arm-none-eabi/lib/thumb/v7e-m/nofp\libnosys.a
END GROUP
START GROUP
LOAD c:/st/stm32cubeide_1.7.0/stm32cubeide/plugins/com.st.stm32cube.ide.mcu.externaltools.gnu-tools-for-stm32.9-2020-q2-update.win32_2.0.0.202105311346/tools/bin/../lib/gcc/arm-none-eabi/9.3.1/thumb/v7e-m/nofp\libgcc.a
LOAD c:/st/stm32cubeide_1.7.0/stm32cubeide/plugins/com.st.stm32cube.ide.mcu.externaltools.gnu-tools-for-stm32.9-2020-q2-update.win32_2.0.0.202105311346/tools/bin/../lib/gcc/arm-none-eabi/9.3.1/../../../../arm-none-eabi/lib/thumb/v7e-m/nofp\libc_nano.a
LOAD c:/st/stm32cubeide_1.7.0/stm32cubeide/plugins/com.st.stm32cube.ide.mcu.externaltools.gnu-tools-for-stm32.9-2020-q2-update.win32_2.0.0.202105311346/tools/bin/../lib/gcc/arm-none-eabi/9.3.1/../../../../arm-none-eabi/lib/thumb/v7e-m/nofp\libnosys.a
END GROUP
LOAD c:/st/stm32cubeide_1.7.0/stm32cubeide/plugins/com.st.stm32cube.ide.mcu.externaltools.gnu-tools-for-stm32.9-2020-q2-update.win32_2.0.0.202105311346/tools/bin/../lib/gcc/arm-none-eabi/9.3.1/thumb/v7e-m/nofp/crtend.o
LOAD c:/st/stm32cubeide_1.7.0/stm32cubeide/plugins/com.st.stm32cube.ide.mcu.externaltools.gnu-tools-for-stm32.9-2020-q2-update.win32_2.0.0.202105311346/tools/bin/../lib/gcc/arm-none-eabi/9.3.1/thumb/v7e-m/nofp/crtn.o
                0x0000000020020000                _estack = 0x20020000
                0x0000000000000000                _Min_Heap_Size = 0x0
                0x0000000000000400                _Min_Stack_Size = 0x400

.isr_vector     0x0000000008000000      0x198
                0x0000000008000000                . = ALIGN (0x4)
 *(.isr_vector)
 .isr_vector    0x0000000008000000      0x198 ./startup_stm32f411xe.o
                0x0000000008000000                g_pfnVectors
                0x0000000008000198                . = ALIGN (0x4)

.text           0x0000000008000198     0x10f8
                0x0000000008000198                . = ALIGN (0x4)
 *(.text)
 .text          0x0000000008000198       0x40 c:/st/stm32cubeide_1.7.0/stm32cubeide/plugins/com.st.stm32cube.ide.mcu.externaltools.gnu-tools-for-stm32.9-2020-q2-update.win32_2.0.0.202105311346/tools/bin/../lib/gcc/arm-none-eabi/9.3.1/thumb/v7e-m/nofp/crtbegin.o
 *(.text*)
 .text.SystemInit
                0x00000000080001d8       0x5c ./CMSIS/src/system_stm32f4xx.o
                0x00000000080001d8                SystemInit
 .text.SystemCoreClockUpdate
                0x0000000008000234      0x100 ./CMSIS/src/system_stm32f4xx.o
                0x0000000008000234                SystemCoreClockUpdate
 .text.I2C1_EV_IRQHandler
                0x0000000008000334       0x98 ./Code/src/I2C.o
                0x0000000008000334                I2C1_EV_IRQHandler
 .text.InitTIM3
                0x00000000080003cc       0xe0 ./Code/src/WS2812.o
                0x00000000080003cc                InitTIM3
 .text.InitDMAforTIM3
                0x00000000080004ac       0xc8 ./Code/src/WS2812.o
                0x00000000080004ac                InitDMAforTIM3
 .text.DMA1_Stream4_IRQHandler
                0x0000000008000574       0xc4 ./Code/src/WS2812.o
                0x0000000008000574                DMA1_Stream4_IRQHandler
 .text.InitWS281xFSM
                0x0000000008000638       0x30 ./Code/src/WS2812.o
                0x0000000008000638                InitWS281xFSM
 .text.ProcessWS281xFSM
                0x0000000008000668      0x150 ./Code/src/WS2812.o
                0x0000000008000668                ProcessWS281xFSM
 .text.InsertToRingBufferForDMA
                0x00000000080007b8       0xa8 ./Code/src/WS2812.o
                0x00000000080007b8                InsertToRingBufferForDMA
 .text.InitLedFSM
                0x0000000008000860       0x2c ./Code/src/ledFSM.o
                0x0000000008000860                InitLedFSM
 .text.ProcessLedFSM
                0x000000000800088c       0xdc ./Code/src/ledFSM.o
                0x000000000800088c                ProcessLedFSM
 .text.main     0x0000000008000968       0x70 ./Code/src/main.o
                0x0000000008000968                main
 .text.InitMessage
                0x00000000080009d8       0x64 ./Code/src/messages.o
                0x00000000080009d8                InitMessage
 .text.SendMessage
                0x0000000008000a3c       0x70 ./Code/src/messages.o
                0x0000000008000a3c                SendMessage
 .text.ProcessMessage
                0x0000000008000aac       0xd8 ./Code/src/messages.o
                0x0000000008000aac                ProcessMessage
 .text.GetMessage
                0x0000000008000b84       0x44 ./Code/src/messages.o
                0x0000000008000b84                GetMessage
 .text.USART6_IRQHandler
                0x0000000008000bc8       0x70 ./Code/src/modbus.o
                0x0000000008000bc8                USART6_IRQHandler
 .text.DMA2_Stream7_IRQHandler
                0x0000000008000c38       0x34 ./Code/src/modbus.o
                0x0000000008000c38                DMA2_Stream7_IRQHandler
 .text.__NVIC_SetPriorityGrouping
                0x0000000008000c6c       0x48 ./Code/src/system.o
 .text.__NVIC_EnableIRQ
                0x0000000008000cb4       0x38 ./Code/src/system.o
 .text.__NVIC_SetPriority
                0x0000000008000cec       0x54 ./Code/src/system.o
 .text.NVIC_EncodePriority
                0x0000000008000d40       0x64 ./Code/src/system.o
 .text.InitRCC  0x0000000008000da4      0x14c ./Code/src/system.o
                0x0000000008000da4                InitRCC
 .text.UpdateNVICActiveAndPriority
                0x0000000008000ef0       0x42 ./Code/src/system.o
                0x0000000008000ef0                UpdateNVICActiveAndPriority
 *fill*         0x0000000008000f32        0x2 
 .text.InitGPIO
                0x0000000008000f34      0x110 ./Code/src/system.o
                0x0000000008000f34                InitGPIO
 .text.InitTIM10
                0x0000000008001044       0x68 ./Code/src/virtualTimers.o
                0x0000000008001044                InitTIM10
 .text.TIM1_UP_TIM10_IRQHandler
                0x00000000080010ac       0x88 ./Code/src/virtualTimers.o
                0x00000000080010ac                TIM1_UP_TIM10_IRQHandler
 .text.InitGTimer
                0x0000000008001134       0x30 ./Code/src/virtualTimers.o
                0x0000000008001134                InitGTimer
 .text.StartGTimer
                0x0000000008001164       0x38 ./Code/src/virtualTimers.o
                0x0000000008001164                StartGTimer
 .text.StopGTimer
                0x000000000800119c       0x20 ./Code/src/virtualTimers.o
                0x000000000800119c                StopGTimer
 .text.GetGTimerVal
                0x00000000080011bc       0x20 ./Code/src/virtualTimers.o
                0x00000000080011bc                GetGTimerVal
 .text.Reset_Handler
                0x00000000080011dc       0x50 ./startup_stm32f411xe.o
                0x00000000080011dc                Reset_Handler
 .text.Default_Handler
                0x000000000800122c        0x2 ./startup_stm32f411xe.o
                0x000000000800122c                RTC_Alarm_IRQHandler
                0x000000000800122c                EXTI2_IRQHandler
                0x000000000800122c                DebugMon_Handler
                0x000000000800122c                SPI4_IRQHandler
                0x000000000800122c                TIM1_CC_IRQHandler
                0x000000000800122c                DMA2_Stream5_IRQHandler
                0x000000000800122c                HardFault_Handler
                0x000000000800122c                DMA1_Stream5_IRQHandler
                0x000000000800122c                SysTick_Handler
                0x000000000800122c                PVD_IRQHandler
                0x000000000800122c                SDIO_IRQHandler
                0x000000000800122c                TAMP_STAMP_IRQHandler
                0x000000000800122c                PendSV_Handler
                0x000000000800122c                NMI_Handler
                0x000000000800122c                EXTI3_IRQHandler
                0x000000000800122c                I2C3_ER_IRQHandler
                0x000000000800122c                EXTI0_IRQHandler
                0x000000000800122c                I2C2_EV_IRQHandler
                0x000000000800122c                DMA1_Stream2_IRQHandler
                0x000000000800122c                FPU_IRQHandler
                0x000000000800122c                UsageFault_Handler
                0x000000000800122c                DMA2_Stream2_IRQHandler
                0x000000000800122c                SPI1_IRQHandler
                0x000000000800122c                TIM1_BRK_TIM9_IRQHandler
                0x000000000800122c                DMA2_Stream3_IRQHandler
                0x000000000800122c                DMA2_Stream0_IRQHandler
                0x000000000800122c                TIM4_IRQHandler
                0x000000000800122c                DMA1_Stream6_IRQHandler
                0x000000000800122c                DMA1_Stream1_IRQHandler
                0x000000000800122c                TIM3_IRQHandler
                0x000000000800122c                RCC_IRQHandler
                0x000000000800122c                Default_Handler
                0x000000000800122c                EXTI15_10_IRQHandler
                0x000000000800122c                ADC_IRQHandler
                0x000000000800122c                DMA1_Stream7_IRQHandler
                0x000000000800122c                SPI5_IRQHandler
                0x000000000800122c                TIM5_IRQHandler
                0x000000000800122c                I2C3_EV_IRQHandler
                0x000000000800122c                EXTI9_5_IRQHandler
                0x000000000800122c                RTC_WKUP_IRQHandler
                0x000000000800122c                SPI2_IRQHandler
                0x000000000800122c                MemManage_Handler
                0x000000000800122c                DMA1_Stream0_IRQHandler
                0x000000000800122c                SVC_Handler
                0x000000000800122c                EXTI4_IRQHandler
                0x000000000800122c                WWDG_IRQHandler
                0x000000000800122c                TIM2_IRQHandler
                0x000000000800122c                OTG_FS_WKUP_IRQHandler
                0x000000000800122c                TIM1_TRG_COM_TIM11_IRQHandler
                0x000000000800122c                EXTI1_IRQHandler
                0x000000000800122c                USART2_IRQHandler
                0x000000000800122c                I2C2_ER_IRQHandler
                0x000000000800122c                DMA2_Stream1_IRQHandler
                0x000000000800122c                FLASH_IRQHandler
                0x000000000800122c                DMA2_Stream4_IRQHandler
                0x000000000800122c                BusFault_Handler
                0x000000000800122c                USART1_IRQHandler
                0x000000000800122c                OTG_FS_IRQHandler
                0x000000000800122c                SPI3_IRQHandler
                0x000000000800122c                I2C1_ER_IRQHandler
                0x000000000800122c                DMA2_Stream6_IRQHandler
                0x000000000800122c                DMA1_Stream3_IRQHandler
 *fill*         0x000000000800122e        0x2 
 .text.__libc_init_array
                0x0000000008001230       0x48 c:/st/stm32cubeide_1.7.0/stm32cubeide/plugins/com.st.stm32cube.ide.mcu.externaltools.gnu-tools-for-stm32.9-2020-q2-update.win32_2.0.0.202105311346/tools/bin/../lib/gcc/arm-none-eabi/9.3.1/../../../../arm-none-eabi/lib/thumb/v7e-m/nofp\libc_nano.a(lib_a-init.o)
                0x0000000008001230                __libc_init_array
 *(.glue_7)
 .glue_7        0x0000000008001278        0x0 linker stubs
 *(.glue_7t)
 .glue_7t       0x0000000008001278        0x0 linker stubs
 *(.eh_frame)
 .eh_frame      0x0000000008001278        0x0 c:/st/stm32cubeide_1.7.0/stm32cubeide/plugins/com.st.stm32cube.ide.mcu.externaltools.gnu-tools-for-stm32.9-2020-q2-update.win32_2.0.0.202105311346/tools/bin/../lib/gcc/arm-none-eabi/9.3.1/thumb/v7e-m/nofp/crtbegin.o
 *(.init)
 .init          0x0000000008001278        0x4 c:/st/stm32cubeide_1.7.0/stm32cubeide/plugins/com.st.stm32cube.ide.mcu.externaltools.gnu-tools-for-stm32.9-2020-q2-update.win32_2.0.0.202105311346/tools/bin/../lib/gcc/arm-none-eabi/9.3.1/thumb/v7e-m/nofp/crti.o
                0x0000000008001278                _init
 .init          0x000000000800127c        0x8 c:/st/stm32cubeide_1.7.0/stm32cubeide/plugins/com.st.stm32cube.ide.mcu.externaltools.gnu-tools-for-stm32.9-2020-q2-update.win32_2.0.0.202105311346/tools/bin/../lib/gcc/arm-none-eabi/9.3.1/thumb/v7e-m/nofp/crtn.o
 *(.fini)
 .fini          0x0000000008001284        0x4 c:/st/stm32cubeide_1.7.0/stm32cubeide/plugins/com.st.stm32cube.ide.mcu.externaltools.gnu-tools-for-stm32.9-2020-q2-update.win32_2.0.0.202105311346/tools/bin/../lib/gcc/arm-none-eabi/9.3.1/thumb/v7e-m/nofp/crti.o
                0x0000000008001284                _fini
 .fini          0x0000000008001288        0x8 c:/st/stm32cubeide_1.7.0/stm32cubeide/plugins/com.st.stm32cube.ide.mcu.externaltools.gnu-tools-for-stm32.9-2020-q2-update.win32_2.0.0.202105311346/tools/bin/../lib/gcc/arm-none-eabi/9.3.1/thumb/v7e-m/nofp/crtn.o
                0x0000000008001290                . = ALIGN (0x4)
                0x0000000008001290                _etext = .

.vfp11_veneer   0x0000000008001290        0x0
 .vfp11_veneer  0x0000000008001290        0x0 linker stubs

.v4_bx          0x0000000008001290        0x0
 .v4_bx         0x0000000008001290        0x0 linker stubs

.iplt           0x0000000008001290        0x0
 .iplt          0x0000000008001290        0x0 c:/st/stm32cubeide_1.7.0/stm32cubeide/plugins/com.st.stm32cube.ide.mcu.externaltools.gnu-tools-for-stm32.9-2020-q2-update.win32_2.0.0.202105311346/tools/bin/../lib/gcc/arm-none-eabi/9.3.1/thumb/v7e-m/nofp/crtbegin.o

.rodata         0x0000000008001290       0x10
                0x0000000008001290                . = ALIGN (0x4)
 *(.rodata)
 *(.rodata*)
 .rodata.AHBPrescTable
                0x0000000008001290       0x10 ./CMSIS/src/system_stm32f4xx.o
                0x0000000008001290                AHBPrescTable
                0x00000000080012a0                . = ALIGN (0x4)

.rel.dyn        0x00000000080012a0        0x0
 .rel.iplt      0x00000000080012a0        0x0 c:/st/stm32cubeide_1.7.0/stm32cubeide/plugins/com.st.stm32cube.ide.mcu.externaltools.gnu-tools-for-stm32.9-2020-q2-update.win32_2.0.0.202105311346/tools/bin/../lib/gcc/arm-none-eabi/9.3.1/thumb/v7e-m/nofp/crtbegin.o

.ARM.extab
 *(.ARM.extab* .gnu.linkonce.armextab.*)

.ARM            0x00000000080012a0        0x0
                0x00000000080012a0                __exidx_start = .
 *(.ARM.exidx*)
                0x00000000080012a0                __exidx_end = .

.preinit_array  0x00000000080012a0        0x0
                0x00000000080012a0                PROVIDE (__preinit_array_start = .)
 *(.preinit_array*)
                0x00000000080012a0                PROVIDE (__preinit_array_end = .)

.init_array     0x00000000080012a0        0x4
                0x00000000080012a0                PROVIDE (__init_array_start = .)
 *(SORT_BY_NAME(.init_array.*))
 *(.init_array*)
 .init_array    0x00000000080012a0        0x4 c:/st/stm32cubeide_1.7.0/stm32cubeide/plugins/com.st.stm32cube.ide.mcu.externaltools.gnu-tools-for-stm32.9-2020-q2-update.win32_2.0.0.202105311346/tools/bin/../lib/gcc/arm-none-eabi/9.3.1/thumb/v7e-m/nofp/crtbegin.o
                0x00000000080012a4                PROVIDE (__init_array_end = .)

.fini_array     0x00000000080012a4        0x4
                [!provide]                        PROVIDE (__fini_array_start = .)
 *(SORT_BY_NAME(.fini_array.*))
 *(.fini_array*)
 .fini_array    0x00000000080012a4        0x4 c:/st/stm32cubeide_1.7.0/stm32cubeide/plugins/com.st.stm32cube.ide.mcu.externaltools.gnu-tools-for-stm32.9-2020-q2-update.win32_2.0.0.202105311346/tools/bin/../lib/gcc/arm-none-eabi/9.3.1/thumb/v7e-m/nofp/crtbegin.o
                [!provide]                        PROVIDE (__fini_array_end = .)
                0x00000000080012a8                _sidata = LOADADDR (.data)

.data           0x0000000020000000        0x8 load address 0x00000000080012a8
                0x0000000020000000                . = ALIGN (0x4)
                0x0000000020000000                _sdata = .
 *(.data)
 *(.data*)
 .data.SystemCoreClock
                0x0000000020000000        0x4 ./CMSIS/src/system_stm32f4xx.o
                0x0000000020000000                SystemCoreClock
 .data.Red      0x0000000020000004        0x3 ./Code/src/WS2812.o
                0x0000000020000004                Red
                0x0000000020000008                . = ALIGN (0x4)
 *fill*         0x0000000020000007        0x1 
                0x0000000020000008                _edata = .

.igot.plt       0x0000000020000008        0x0 load address 0x00000000080012b0
 .igot.plt      0x0000000020000008        0x0 c:/st/stm32cubeide_1.7.0/stm32cubeide/plugins/com.st.stm32cube.ide.mcu.externaltools.gnu-tools-for-stm32.9-2020-q2-update.win32_2.0.0.202105311346/tools/bin/../lib/gcc/arm-none-eabi/9.3.1/thumb/v7e-m/nofp/crtbegin.o
                0x0000000020000008                . = ALIGN (0x4)

.bss            0x0000000020000008      0x544 load address 0x00000000080012b0
                0x0000000020000008                _sbss = .
                0x0000000020000008                __bss_start__ = _sbss
 *(.bss)
 .bss           0x0000000020000008       0x1c c:/st/stm32cubeide_1.7.0/stm32cubeide/plugins/com.st.stm32cube.ide.mcu.externaltools.gnu-tools-for-stm32.9-2020-q2-update.win32_2.0.0.202105311346/tools/bin/../lib/gcc/arm-none-eabi/9.3.1/thumb/v7e-m/nofp/crtbegin.o
 *(.bss*)
 .bss.Black     0x0000000020000024        0x3 ./Code/src/WS2812.o
                0x0000000020000024                Black
 *(COMMON)
 *fill*         0x0000000020000027        0x1 
 COMMON         0x0000000020000028       0x50 ./Code/src/I2C.o
                0x0000000020000028                i2cEntry
                0x0000000020000029                I2C1NumberOfTransaction
                0x000000002000002a                _i2cSendStates
                0x000000002000002c                I2C1Data
                0x0000000020000072                I2C1CurrentBuferItem
                0x0000000020000074                i2cSendStates
                0x0000000020000076                I2C1SendBuferLenght
 COMMON         0x0000000020000078      0x1ec ./Code/src/WS2812.o
                0x0000000020000078                entryWS281x
                0x000000002000007c                DmaBufer0
                0x00000000200000ac                Bufer1Pointer
                0x00000000200000b0                LedStrip
                0x0000000020000130                BufferDMAforWS
                0x0000000020000220                RingBufferWS281x
                0x0000000020000228                stateWS281x
                0x0000000020000229                Bufer0Pointer
                0x000000002000022c                SendLed
                0x0000000020000230                _stateWS281x
                0x0000000020000234                DmaBufer1
 COMMON         0x0000000020000264        0x3 ./Code/src/ledFSM.o
                0x0000000020000264                statePis
                0x0000000020000265                entryPis1
                0x0000000020000266                _statePis
 *fill*         0x0000000020000267        0x1 
 COMMON         0x0000000020000268       0xb4 ./Code/src/messages.o
                0x0000000020000268                Messages
 COMMON         0x000000002000031c      0x212 ./Code/src/modbus.o
                0x000000002000031c                entry
                0x000000002000031d                _stateMessageGenSlave
                0x000000002000031e                _state
                0x0000000020000320                CRCVal
                0x0000000020000322                state
                0x0000000020000323                stateMessageGenSlave
                0x0000000020000324                _CurrentItemOfBuf
                0x0000000020000328                ModbusSendData
                0x0000000020000428                CRCRecVal
                0x000000002000042c                ModbusData
                0x000000002000052c                CurrentItemOfBuf
                0x000000002000052d                entryMessageGenSlave
 *fill*         0x000000002000052e        0x2 
 COMMON         0x0000000020000530       0x1a ./Code/src/virtualTimers.o
                0x0000000020000530                MRTUcount
                0x0000000020000534                GTimerVal
                0x0000000020000544                GTimerState
                0x0000000020000548                ReceptionStatus
                0x000000002000054c                . = ALIGN (0x4)
 *fill*         0x000000002000054a        0x2 
                0x000000002000054c                _ebss = .
                0x000000002000054c                __bss_end__ = _ebss

._user_heap_stack
                0x000000002000054c      0x400 load address 0x00000000080012b0
                0x000000002000054c                . = ALIGN (0x4)
                [!provide]                        PROVIDE (end = .)
                [!provide]                        PROVIDE (_end = .)
                0x000000002000054c                . = (. + _Min_Heap_Size)
                0x000000002000094c                . = (. + _Min_Stack_Size)
 *fill*         0x000000002000054c      0x400 
                0x000000002000094c                . = ALIGN (0x4)

.memory_b1_text
 *(.mb1text)
 *(.mb1text*)
 *(.mb1rodata)
 *(.mb1rodata*)

/DISCARD/
 libc.a(*)
 libm.a(*)
 libgcc.a(*)

.ARM.attributes
                0x0000000000000000       0x2a
 *(.ARM.attributes)
 .ARM.attributes
                0x0000000000000000       0x1e c:/st/stm32cubeide_1.7.0/stm32cubeide/plugins/com.st.stm32cube.ide.mcu.externaltools.gnu-tools-for-stm32.9-2020-q2-update.win32_2.0.0.202105311346/tools/bin/../lib/gcc/arm-none-eabi/9.3.1/thumb/v7e-m/nofp/crti.o
 .ARM.attributes
                0x000000000000001e       0x2e c:/st/stm32cubeide_1.7.0/stm32cubeide/plugins/com.st.stm32cube.ide.mcu.externaltools.gnu-tools-for-stm32.9-2020-q2-update.win32_2.0.0.202105311346/tools/bin/../lib/gcc/arm-none-eabi/9.3.1/thumb/v7e-m/nofp/crtbegin.o
 .ARM.attributes
                0x000000000000004c       0x2e ./CMSIS/src/system_stm32f4xx.o
 .ARM.attributes
                0x000000000000007a       0x2e ./Code/src/I2C.o
 .ARM.attributes
                0x00000000000000a8       0x2e ./Code/src/WS2812.o
 .ARM.attributes
                0x00000000000000d6       0x2e ./Code/src/ledFSM.o
 .ARM.attributes
                0x0000000000000104       0x2e ./Code/src/main.o
 .ARM.attributes
                0x0000000000000132       0x2e ./Code/src/messages.o
 .ARM.attributes
                0x0000000000000160       0x2e ./Code/src/modbus.o
 .ARM.attributes
                0x000000000000018e       0x2e ./Code/src/system.o
 .ARM.attributes
                0x00000000000001bc       0x2e ./Code/src/virtualTimers.o
 .ARM.attributes
                0x00000000000001ea       0x21 ./startup_stm32f411xe.o
 .ARM.attributes
                0x000000000000020b       0x2e c:/st/stm32cubeide_1.7.0/stm32cubeide/plugins/com.st.stm32cube.ide.mcu.externaltools.gnu-tools-for-stm32.9-2020-q2-update.win32_2.0.0.202105311346/tools/bin/../lib/gcc/arm-none-eabi/9.3.1/../../../../arm-none-eabi/lib/thumb/v7e-m/nofp\libc_nano.a(lib_a-init.o)
 .ARM.attributes
                0x0000000000000239       0x1e c:/st/stm32cubeide_1.7.0/stm32cubeide/plugins/com.st.stm32cube.ide.mcu.externaltools.gnu-tools-for-stm32.9-2020-q2-update.win32_2.0.0.202105311346/tools/bin/../lib/gcc/arm-none-eabi/9.3.1/thumb/v7e-m/nofp/crtn.o
OUTPUT(My Libraries.elf elf32-littlearm)
LOAD linker stubs
LOAD c:/st/stm32cubeide_1.7.0/stm32cubeide/plugins/com.st.stm32cube.ide.mcu.externaltools.gnu-tools-for-stm32.9-2020-q2-update.win32_2.0.0.202105311346/tools/bin/../lib/gcc/arm-none-eabi/9.3.1/../../../../arm-none-eabi/lib/thumb/v7e-m/nofp\libc.a
LOAD c:/st/stm32cubeide_1.7.0/stm32cubeide/plugins/com.st.stm32cube.ide.mcu.externaltools.gnu-tools-for-stm32.9-2020-q2-update.win32_2.0.0.202105311346/tools/bin/../lib/gcc/arm-none-eabi/9.3.1/../../../../arm-none-eabi/lib/thumb/v7e-m/nofp\libm.a
LOAD c:/st/stm32cubeide_1.7.0/stm32cubeide/plugins/com.st.stm32cube.ide.mcu.externaltools.gnu-tools-for-stm32.9-2020-q2-update.win32_2.0.0.202105311346/tools/bin/../lib/gcc/arm-none-eabi/9.3.1/thumb/v7e-m/nofp\libgcc.a

.debug_info     0x0000000000000000     0x32a6
 .debug_info    0x0000000000000000      0x572 ./CMSIS/src/system_stm32f4xx.o
 .debug_info    0x0000000000000572      0x5ba ./Code/src/I2C.o
 .debug_info    0x0000000000000b2c      0x8e9 ./Code/src/WS2812.o
 .debug_info    0x0000000000001415      0x227 ./Code/src/ledFSM.o
 .debug_info    0x000000000000163c      0x1e3 ./Code/src/main.o
 .debug_info    0x000000000000181f      0x24f ./Code/src/messages.o
 .debug_info    0x0000000000001a6e      0x7be ./Code/src/modbus.o
 .debug_info    0x000000000000222c      0xa53 ./Code/src/system.o
 .debug_info    0x0000000000002c7f      0x605 ./Code/src/virtualTimers.o
 .debug_info    0x0000000000003284       0x22 ./startup_stm32f411xe.o

.debug_abbrev   0x0000000000000000      0xcbe
 .debug_abbrev  0x0000000000000000      0x129 ./CMSIS/src/system_stm32f4xx.o
 .debug_abbrev  0x0000000000000129      0x150 ./Code/src/I2C.o
 .debug_abbrev  0x0000000000000279      0x1d2 ./Code/src/WS2812.o
 .debug_abbrev  0x000000000000044b      0x109 ./Code/src/ledFSM.o
 .debug_abbrev  0x0000000000000554       0xde ./Code/src/main.o
 .debug_abbrev  0x0000000000000632      0x147 ./Code/src/messages.o
 .debug_abbrev  0x0000000000000779      0x1fe ./Code/src/modbus.o
 .debug_abbrev  0x0000000000000977      0x1c5 ./Code/src/system.o
 .debug_abbrev  0x0000000000000b3c      0x170 ./Code/src/virtualTimers.o
 .debug_abbrev  0x0000000000000cac       0x12 ./startup_stm32f411xe.o

.debug_aranges  0x0000000000000000      0x268
 .debug_aranges
                0x0000000000000000       0x28 ./CMSIS/src/system_stm32f4xx.o
 .debug_aranges
                0x0000000000000028       0x48 ./Code/src/I2C.o
 .debug_aranges
                0x0000000000000070       0x48 ./Code/src/WS2812.o
 .debug_aranges
                0x00000000000000b8       0x28 ./Code/src/ledFSM.o
 .debug_aranges
                0x00000000000000e0       0x20 ./Code/src/main.o
 .debug_aranges
                0x0000000000000100       0x38 ./Code/src/messages.o
 .debug_aranges
                0x0000000000000138       0x60 ./Code/src/modbus.o
 .debug_aranges
                0x0000000000000198       0x50 ./Code/src/system.o
 .debug_aranges
                0x00000000000001e8       0x58 ./Code/src/virtualTimers.o
 .debug_aranges
                0x0000000000000240       0x28 ./startup_stm32f411xe.o

.debug_ranges   0x0000000000000000      0x1d0
 .debug_ranges  0x0000000000000000       0x18 ./CMSIS/src/system_stm32f4xx.o
 .debug_ranges  0x0000000000000018       0x38 ./Code/src/I2C.o
 .debug_ranges  0x0000000000000050       0x38 ./Code/src/WS2812.o
 .debug_ranges  0x0000000000000088       0x18 ./Code/src/ledFSM.o
 .debug_ranges  0x00000000000000a0       0x10 ./Code/src/main.o
 .debug_ranges  0x00000000000000b0       0x28 ./Code/src/messages.o
 .debug_ranges  0x00000000000000d8       0x50 ./Code/src/modbus.o
 .debug_ranges  0x0000000000000128       0x40 ./Code/src/system.o
 .debug_ranges  0x0000000000000168       0x48 ./Code/src/virtualTimers.o
 .debug_ranges  0x00000000000001b0       0x20 ./startup_stm32f411xe.o

.debug_macro    0x0000000000000000     0xe602
 .debug_macro   0x0000000000000000       0xe0 ./CMSIS/src/system_stm32f4xx.o
 .debug_macro   0x00000000000000e0      0xa8a ./CMSIS/src/system_stm32f4xx.o
 .debug_macro   0x0000000000000b6a       0x38 ./CMSIS/src/system_stm32f4xx.o
 .debug_macro   0x0000000000000ba2       0x28 ./CMSIS/src/system_stm32f4xx.o
 .debug_macro   0x0000000000000bca       0x22 ./CMSIS/src/system_stm32f4xx.o
 .debug_macro   0x0000000000000bec       0x8e ./CMSIS/src/system_stm32f4xx.o
 .debug_macro   0x0000000000000c7a       0x51 ./CMSIS/src/system_stm32f4xx.o
 .debug_macro   0x0000000000000ccb      0x103 ./CMSIS/src/system_stm32f4xx.o
 .debug_macro   0x0000000000000dce       0x6a ./CMSIS/src/system_stm32f4xx.o
 .debug_macro   0x0000000000000e38      0x1df ./CMSIS/src/system_stm32f4xx.o
 .debug_macro   0x0000000000001017       0x1c ./CMSIS/src/system_stm32f4xx.o
 .debug_macro   0x0000000000001033       0x22 ./CMSIS/src/system_stm32f4xx.o
 .debug_macro   0x0000000000001055       0xdf ./CMSIS/src/system_stm32f4xx.o
 .debug_macro   0x0000000000001134     0x102d ./CMSIS/src/system_stm32f4xx.o
 .debug_macro   0x0000000000002161      0x11f ./CMSIS/src/system_stm32f4xx.o
 .debug_macro   0x0000000000002280     0xb93e ./CMSIS/src/system_stm32f4xx.o
 .debug_macro   0x000000000000dbbe       0x43 ./CMSIS/src/system_stm32f4xx.o
 .debug_macro   0x000000000000dc01       0xe7 ./Code/src/I2C.o
 .debug_macro   0x000000000000dce8       0x64 ./Code/src/I2C.o
 .debug_macro   0x000000000000dd4c       0x4c ./Code/src/I2C.o
 .debug_macro   0x000000000000dd98       0x10 ./Code/src/I2C.o
 .debug_macro   0x000000000000dda8       0xe7 ./Code/src/WS2812.o
 .debug_macro   0x000000000000de8f       0x22 ./Code/src/WS2812.o
 .debug_macro   0x000000000000deb1       0xe2 ./Code/src/ledFSM.o
 .debug_macro   0x000000000000df93      0x1ac ./Code/src/main.o
 .debug_macro   0x000000000000e13f       0xb2 ./Code/src/main.o
 .debug_macro   0x000000000000e1f1       0xc8 ./Code/src/messages.o
 .debug_macro   0x000000000000e2b9      0x136 ./Code/src/modbus.o
 .debug_macro   0x000000000000e3ef      0x13e ./Code/src/system.o
 .debug_macro   0x000000000000e52d       0xd5 ./Code/src/virtualTimers.o

.debug_line     0x0000000000000000     0x37b1
 .debug_line    0x0000000000000000      0x50e ./CMSIS/src/system_stm32f4xx.o
 .debug_line    0x000000000000050e      0x66a ./Code/src/I2C.o
 .debug_line    0x0000000000000b78      0x6f5 ./Code/src/WS2812.o
 .debug_line    0x000000000000126d      0x53b ./Code/src/ledFSM.o
 .debug_line    0x00000000000017a8      0x527 ./Code/src/main.o
 .debug_line    0x0000000000001ccf      0x57a ./Code/src/messages.o
 .debug_line    0x0000000000002249      0x86c ./Code/src/modbus.o
 .debug_line    0x0000000000002ab5      0x69b ./Code/src/system.o
 .debug_line    0x0000000000003150      0x5ea ./Code/src/virtualTimers.o
 .debug_line    0x000000000000373a       0x77 ./startup_stm32f411xe.o

.debug_str      0x0000000000000000    0x50736
 .debug_str     0x0000000000000000    0x4f6cd ./CMSIS/src/system_stm32f4xx.o
                                      0x4f84e (size before relaxing)
 .debug_str     0x000000000004f6cd      0x359 ./Code/src/I2C.o
                                      0x4f7bb (size before relaxing)
 .debug_str     0x000000000004fa26      0x23f ./Code/src/WS2812.o
                                      0x4f8d7 (size before relaxing)
 .debug_str     0x000000000004fc65       0x42 ./Code/src/ledFSM.o
                                      0x4f5a3 (size before relaxing)
 .debug_str     0x000000000004fca7      0x2de ./Code/src/main.o
                                      0x4f8a0 (size before relaxing)
 .debug_str     0x000000000004ff85       0x7c ./Code/src/messages.o
                                      0x4f518 (size before relaxing)
 .debug_str     0x0000000000050001      0x1b5 ./Code/src/modbus.o
                                      0x4fb9e (size before relaxing)
 .debug_str     0x00000000000501b6      0x4bc ./Code/src/system.o
                                      0x4feb8 (size before relaxing)
 .debug_str     0x0000000000050672       0x9d ./Code/src/virtualTimers.o
                                      0x4f74e (size before relaxing)
 .debug_str     0x000000000005070f       0x27 ./startup_stm32f411xe.o
                                         0x66 (size before relaxing)

.comment        0x0000000000000000       0x53
 .comment       0x0000000000000000       0x53 ./CMSIS/src/system_stm32f4xx.o
                                         0x54 (size before relaxing)
 .comment       0x0000000000000053       0x54 ./Code/src/I2C.o
 .comment       0x0000000000000053       0x54 ./Code/src/WS2812.o
 .comment       0x0000000000000053       0x54 ./Code/src/ledFSM.o
 .comment       0x0000000000000053       0x54 ./Code/src/main.o
 .comment       0x0000000000000053       0x54 ./Code/src/messages.o
 .comment       0x0000000000000053       0x54 ./Code/src/modbus.o
 .comment       0x0000000000000053       0x54 ./Code/src/system.o
 .comment       0x0000000000000053       0x54 ./Code/src/virtualTimers.o

.debug_frame    0x0000000000000000      0x6e8
 .debug_frame   0x0000000000000000       0x58 ./CMSIS/src/system_stm32f4xx.o
 .debug_frame   0x0000000000000058       0xd4 ./Code/src/I2C.o
 .debug_frame   0x000000000000012c       0xd8 ./Code/src/WS2812.o
 .debug_frame   0x0000000000000204       0x4c ./Code/src/ledFSM.o
 .debug_frame   0x0000000000000250       0x2c ./Code/src/main.o
 .debug_frame   0x000000000000027c       0xb0 ./Code/src/messages.o
 .debug_frame   0x000000000000032c      0x144 ./Code/src/modbus.o
 .debug_frame   0x0000000000000470      0x108 ./Code/src/system.o
 .debug_frame   0x0000000000000578      0x144 ./Code/src/virtualTimers.o
 .debug_frame   0x00000000000006bc       0x2c c:/st/stm32cubeide_1.7.0/stm32cubeide/plugins/com.st.stm32cube.ide.mcu.externaltools.gnu-tools-for-stm32.9-2020-q2-update.win32_2.0.0.202105311346/tools/bin/../lib/gcc/arm-none-eabi/9.3.1/../../../../arm-none-eabi/lib/thumb/v7e-m/nofp\libc_nano.a(lib_a-init.o)
